Archive member included because of file (symbol)

d:/courses/embedded course imt/01- imt sdk-20220703t224428z-001/new folder/01- imt sdk/imt_sdk_win_64/imt_sdk_win_64/winavr/bin/../lib/gcc/avr/4.3.3/avr5\libgcc.a(_mulsi3.o)
                              ./APPLICATION/APP.o (__mulsi3)
d:/courses/embedded course imt/01- imt sdk-20220703t224428z-001/new folder/01- imt sdk/imt_sdk_win_64/imt_sdk_win_64/winavr/bin/../lib/gcc/avr/4.3.3/avr5\libgcc.a(_udivmodqi4.o)
                              ./MCAL/PORT/Port_prg.o (__udivmodqi4)
d:/courses/embedded course imt/01- imt sdk-20220703t224428z-001/new folder/01- imt sdk/imt_sdk_win_64/imt_sdk_win_64/winavr/bin/../lib/gcc/avr/4.3.3/avr5\libgcc.a(_udivmodsi4.o)
                              ./MCAL/TIMER/TIMER_Program.o (__udivmodsi4)
d:/courses/embedded course imt/01- imt sdk-20220703t224428z-001/new folder/01- imt sdk/imt_sdk_win_64/imt_sdk_win_64/winavr/bin/../lib/gcc/avr/4.3.3/avr5\libgcc.a(_divmodsi4.o)
                              ./HAL/CLCD/CLCD_Program.o (__divmodsi4)
d:/courses/embedded course imt/01- imt sdk-20220703t224428z-001/new folder/01- imt sdk/imt_sdk_win_64/imt_sdk_win_64/winavr/bin/../lib/gcc/avr/4.3.3/avr5\libgcc.a(_exit.o)
                              d:/courses/embedded course imt/01- imt sdk-20220703t224428z-001/new folder/01- imt sdk/imt_sdk_win_64/imt_sdk_win_64/winavr/bin/../lib/gcc/avr/4.3.3/../../../../avr/lib/avr5/crtm32.o (exit)
d:/courses/embedded course imt/01- imt sdk-20220703t224428z-001/new folder/01- imt sdk/imt_sdk_win_64/imt_sdk_win_64/winavr/bin/../lib/gcc/avr/4.3.3/avr5\libgcc.a(_copy_data.o)
                              ./MCAL/TIMER/TIMER_Program.o (__do_copy_data)
d:/courses/embedded course imt/01- imt sdk-20220703t224428z-001/new folder/01- imt sdk/imt_sdk_win_64/imt_sdk_win_64/winavr/bin/../lib/gcc/avr/4.3.3/avr5\libgcc.a(_clear_bss.o)
                              ./MCAL/TIMER1/TIMER_1_Program.o (__do_clear_bss)
d:/courses/embedded course imt/01- imt sdk-20220703t224428z-001/new folder/01- imt sdk/imt_sdk_win_64/imt_sdk_win_64/winavr/bin/../lib/gcc/avr/4.3.3/avr5\libgcc.a(_fixunssfsi.o)
                              ./MCAL/TIMER/TIMER_Program.o (__fixunssfsi)
d:/courses/embedded course imt/01- imt sdk-20220703t224428z-001/new folder/01- imt sdk/imt_sdk_win_64/imt_sdk_win_64/winavr/bin/../lib/gcc/avr/4.3.3/avr5\libgcc.a(_addsub_sf.o)
                              ./MCAL/TIMER/TIMER_Program.o (__subsf3)
d:/courses/embedded course imt/01- imt sdk-20220703t224428z-001/new folder/01- imt sdk/imt_sdk_win_64/imt_sdk_win_64/winavr/bin/../lib/gcc/avr/4.3.3/avr5\libgcc.a(_mul_sf.o)
                              ./MCAL/TIMER/TIMER_Program.o (__mulsf3)
d:/courses/embedded course imt/01- imt sdk-20220703t224428z-001/new folder/01- imt sdk/imt_sdk_win_64/imt_sdk_win_64/winavr/bin/../lib/gcc/avr/4.3.3/avr5\libgcc.a(_div_sf.o)
                              ./MCAL/TIMER/TIMER_Program.o (__divsf3)
d:/courses/embedded course imt/01- imt sdk-20220703t224428z-001/new folder/01- imt sdk/imt_sdk_win_64/imt_sdk_win_64/winavr/bin/../lib/gcc/avr/4.3.3/avr5\libgcc.a(_gt_sf.o)
                              ./HAL/KPD/KEYPAD_Program.o (__gtsf2)
d:/courses/embedded course imt/01- imt sdk-20220703t224428z-001/new folder/01- imt sdk/imt_sdk_win_64/imt_sdk_win_64/winavr/bin/../lib/gcc/avr/4.3.3/avr5\libgcc.a(_ge_sf.o)
                              d:/courses/embedded course imt/01- imt sdk-20220703t224428z-001/new folder/01- imt sdk/imt_sdk_win_64/imt_sdk_win_64/winavr/bin/../lib/gcc/avr/4.3.3/avr5\libgcc.a(_fixunssfsi.o) (__gesf2)
d:/courses/embedded course imt/01- imt sdk-20220703t224428z-001/new folder/01- imt sdk/imt_sdk_win_64/imt_sdk_win_64/winavr/bin/../lib/gcc/avr/4.3.3/avr5\libgcc.a(_lt_sf.o)
                              ./HAL/KPD/KEYPAD_Program.o (__ltsf2)
d:/courses/embedded course imt/01- imt sdk-20220703t224428z-001/new folder/01- imt sdk/imt_sdk_win_64/imt_sdk_win_64/winavr/bin/../lib/gcc/avr/4.3.3/avr5\libgcc.a(_si_to_sf.o)
                              ./MCAL/TIMER/TIMER_Program.o (__floatsisf)
d:/courses/embedded course imt/01- imt sdk-20220703t224428z-001/new folder/01- imt sdk/imt_sdk_win_64/imt_sdk_win_64/winavr/bin/../lib/gcc/avr/4.3.3/avr5\libgcc.a(_sf_to_si.o)
                              d:/courses/embedded course imt/01- imt sdk-20220703t224428z-001/new folder/01- imt sdk/imt_sdk_win_64/imt_sdk_win_64/winavr/bin/../lib/gcc/avr/4.3.3/avr5\libgcc.a(_fixunssfsi.o) (__fixsfsi)
d:/courses/embedded course imt/01- imt sdk-20220703t224428z-001/new folder/01- imt sdk/imt_sdk_win_64/imt_sdk_win_64/winavr/bin/../lib/gcc/avr/4.3.3/avr5\libgcc.a(_thenan_sf.o)
                              d:/courses/embedded course imt/01- imt sdk-20220703t224428z-001/new folder/01- imt sdk/imt_sdk_win_64/imt_sdk_win_64/winavr/bin/../lib/gcc/avr/4.3.3/avr5\libgcc.a(_addsub_sf.o) (__thenan_sf)
d:/courses/embedded course imt/01- imt sdk-20220703t224428z-001/new folder/01- imt sdk/imt_sdk_win_64/imt_sdk_win_64/winavr/bin/../lib/gcc/avr/4.3.3/avr5\libgcc.a(_usi_to_sf.o)
                              ./MCAL/TIMER/TIMER_Program.o (__floatunsisf)
d:/courses/embedded course imt/01- imt sdk-20220703t224428z-001/new folder/01- imt sdk/imt_sdk_win_64/imt_sdk_win_64/winavr/bin/../lib/gcc/avr/4.3.3/avr5\libgcc.a(_prologue.o)
                              d:/courses/embedded course imt/01- imt sdk-20220703t224428z-001/new folder/01- imt sdk/imt_sdk_win_64/imt_sdk_win_64/winavr/bin/../lib/gcc/avr/4.3.3/avr5\libgcc.a(_addsub_sf.o) (__prologue_saves__)
d:/courses/embedded course imt/01- imt sdk-20220703t224428z-001/new folder/01- imt sdk/imt_sdk_win_64/imt_sdk_win_64/winavr/bin/../lib/gcc/avr/4.3.3/avr5\libgcc.a(_epilogue.o)
                              d:/courses/embedded course imt/01- imt sdk-20220703t224428z-001/new folder/01- imt sdk/imt_sdk_win_64/imt_sdk_win_64/winavr/bin/../lib/gcc/avr/4.3.3/avr5\libgcc.a(_addsub_sf.o) (__epilogue_restores__)
d:/courses/embedded course imt/01- imt sdk-20220703t224428z-001/new folder/01- imt sdk/imt_sdk_win_64/imt_sdk_win_64/winavr/bin/../lib/gcc/avr/4.3.3/avr5\libgcc.a(_clzsi2.o)
                              d:/courses/embedded course imt/01- imt sdk-20220703t224428z-001/new folder/01- imt sdk/imt_sdk_win_64/imt_sdk_win_64/winavr/bin/../lib/gcc/avr/4.3.3/avr5\libgcc.a(_si_to_sf.o) (__clzsi2)
d:/courses/embedded course imt/01- imt sdk-20220703t224428z-001/new folder/01- imt sdk/imt_sdk_win_64/imt_sdk_win_64/winavr/bin/../lib/gcc/avr/4.3.3/avr5\libgcc.a(_pack_sf.o)
                              d:/courses/embedded course imt/01- imt sdk-20220703t224428z-001/new folder/01- imt sdk/imt_sdk_win_64/imt_sdk_win_64/winavr/bin/../lib/gcc/avr/4.3.3/avr5\libgcc.a(_addsub_sf.o) (__pack_f)
d:/courses/embedded course imt/01- imt sdk-20220703t224428z-001/new folder/01- imt sdk/imt_sdk_win_64/imt_sdk_win_64/winavr/bin/../lib/gcc/avr/4.3.3/avr5\libgcc.a(_unpack_sf.o)
                              d:/courses/embedded course imt/01- imt sdk-20220703t224428z-001/new folder/01- imt sdk/imt_sdk_win_64/imt_sdk_win_64/winavr/bin/../lib/gcc/avr/4.3.3/avr5\libgcc.a(_addsub_sf.o) (__unpack_f)
d:/courses/embedded course imt/01- imt sdk-20220703t224428z-001/new folder/01- imt sdk/imt_sdk_win_64/imt_sdk_win_64/winavr/bin/../lib/gcc/avr/4.3.3/avr5\libgcc.a(_fpcmp_parts_sf.o)
                              d:/courses/embedded course imt/01- imt sdk-20220703t224428z-001/new folder/01- imt sdk/imt_sdk_win_64/imt_sdk_win_64/winavr/bin/../lib/gcc/avr/4.3.3/avr5\libgcc.a(_gt_sf.o) (__fpcmp_parts_f)
d:/courses/embedded course imt/01- imt sdk-20220703t224428z-001/new folder/01- imt sdk/imt_sdk_win_64/imt_sdk_win_64/winavr/bin/../lib/gcc/avr/4.3.3/avr5\libgcc.a(_clz.o)
                              d:/courses/embedded course imt/01- imt sdk-20220703t224428z-001/new folder/01- imt sdk/imt_sdk_win_64/imt_sdk_win_64/winavr/bin/../lib/gcc/avr/4.3.3/avr5\libgcc.a(_clzsi2.o) (__clz_tab)

Memory Configuration

Name             Origin             Length             Attributes
text             0x00000000         0x00020000         xr
data             0x00800060         0x0000ffa0         rw !x
eeprom           0x00810000         0x00010000         rw !x
fuse             0x00820000         0x00000400         rw !x
lock             0x00830000         0x00000400         rw !x
signature        0x00840000         0x00000400         rw !x
*default*        0x00000000         0xffffffff

Linker script and memory map

LOAD d:/courses/embedded course imt/01- imt sdk-20220703t224428z-001/new folder/01- imt sdk/imt_sdk_win_64/imt_sdk_win_64/winavr/bin/../lib/gcc/avr/4.3.3/../../../../avr/lib/avr5/crtm32.o
LOAD ./MCAL/TIMER1/TIMER_1_Program.o
LOAD ./MCAL/TIMER/TIMER_Program.o
LOAD ./MCAL/PORT/Port_prg.o
LOAD ./MCAL/GIE/GIE_Program.o
LOAD ./MCAL/EXTI/EXTI_Header/EXTI_Program.o
LOAD ./MCAL/DIO/Dio_prg.o
LOAD ./MCAL/ADC/ADC_Program.o
LOAD ./HAL/KPD/KEYPAD_Program.o
LOAD ./HAL/DC_MOTOR/DC_MOTOR_Program.o
LOAD ./HAL/CLCD/CLCD_Program.o
LOAD ./CONFIG/CLCD_LCFG.o
LOAD ./CONFIG/DC_MOTOR_LCONFIG.o
LOAD ./CONFIG/Dio_Lcfg.o
LOAD ./CONFIG/EXTI_LCONFIG.o
LOAD ./CONFIG/GIE_LCONFIG.o
LOAD ./CONFIG/KPD_LCFG.o
LOAD ./CONFIG/LED_LCFG.o
LOAD ./CONFIG/Port_Lcfg.o
LOAD ./CONFIG/SSD_LCFG.o
LOAD ./CONFIG/TIMER_1_LCONFIG.o
LOAD ./CONFIG/TIMER_LCFG.o
LOAD ./APPLICATION/APP.o
LOAD ./APP/main.o
LOAD d:/courses/embedded course imt/01- imt sdk-20220703t224428z-001/new folder/01- imt sdk/imt_sdk_win_64/imt_sdk_win_64/winavr/bin/../lib/gcc/avr/4.3.3/avr5\libgcc.a
LOAD d:/courses/embedded course imt/01- imt sdk-20220703t224428z-001/new folder/01- imt sdk/imt_sdk_win_64/imt_sdk_win_64/winavr/bin/../lib/gcc/avr/4.3.3/../../../../avr/lib/avr5\libc.a
LOAD d:/courses/embedded course imt/01- imt sdk-20220703t224428z-001/new folder/01- imt sdk/imt_sdk_win_64/imt_sdk_win_64/winavr/bin/../lib/gcc/avr/4.3.3/avr5\libgcc.a

.hash
 *(.hash)

.dynsym
 *(.dynsym)

.dynstr
 *(.dynstr)

.gnu.version
 *(.gnu.version)

.gnu.version_d
 *(.gnu.version_d)

.gnu.version_r
 *(.gnu.version_r)

.rel.init
 *(.rel.init)

.rela.init
 *(.rela.init)

.rel.text
 *(.rel.text)
 *(.rel.text.*)
 *(.rel.gnu.linkonce.t*)

.rela.text
 *(.rela.text)
 *(.rela.text.*)
 *(.rela.gnu.linkonce.t*)

.rel.fini
 *(.rel.fini)

.rela.fini
 *(.rela.fini)

.rel.rodata
 *(.rel.rodata)
 *(.rel.rodata.*)
 *(.rel.gnu.linkonce.r*)

.rela.rodata
 *(.rela.rodata)
 *(.rela.rodata.*)
 *(.rela.gnu.linkonce.r*)

.rel.data
 *(.rel.data)
 *(.rel.data.*)
 *(.rel.gnu.linkonce.d*)

.rela.data
 *(.rela.data)
 *(.rela.data.*)
 *(.rela.gnu.linkonce.d*)

.rel.ctors
 *(.rel.ctors)

.rela.ctors
 *(.rela.ctors)

.rel.dtors
 *(.rel.dtors)

.rela.dtors
 *(.rela.dtors)

.rel.got
 *(.rel.got)

.rela.got
 *(.rela.got)

.rel.bss
 *(.rel.bss)

.rela.bss
 *(.rela.bss)

.rel.plt
 *(.rel.plt)

.rela.plt
 *(.rela.plt)

.text           0x00000000     0x46de
 *(.vectors)
 .vectors       0x00000000       0x54 d:/courses/embedded course imt/01- imt sdk-20220703t224428z-001/new folder/01- imt sdk/imt_sdk_win_64/imt_sdk_win_64/winavr/bin/../lib/gcc/avr/4.3.3/../../../../avr/lib/avr5/crtm32.o
                0x00000000                __vectors
                0x00000000                __vector_default
 *(.vectors)
 *(.progmem.gcc*)
 *(.progmem*)
                0x00000054                . = ALIGN (0x2)
                0x00000054                __trampolines_start = .
 *(.trampolines)
 .trampolines   0x00000054        0x0 linker stubs
 *(.trampolines*)
                0x00000054                __trampolines_end = .
 *(.jumptables)
 *(.jumptables*)
 *(.lowtext)
 *(.lowtext*)
                0x00000054                __ctors_start = .
 *(.ctors)
                0x00000054                __ctors_end = .
                0x00000054                __dtors_start = .
 *(.dtors)
                0x00000054                __dtors_end = .
 SORT(*)(.ctors)
 SORT(*)(.dtors)
 *(.init0)
 .init0         0x00000054        0x0 d:/courses/embedded course imt/01- imt sdk-20220703t224428z-001/new folder/01- imt sdk/imt_sdk_win_64/imt_sdk_win_64/winavr/bin/../lib/gcc/avr/4.3.3/../../../../avr/lib/avr5/crtm32.o
                0x00000054                __init
 *(.init0)
 *(.init1)
 *(.init1)
 *(.init2)
 .init2         0x00000054        0xc d:/courses/embedded course imt/01- imt sdk-20220703t224428z-001/new folder/01- imt sdk/imt_sdk_win_64/imt_sdk_win_64/winavr/bin/../lib/gcc/avr/4.3.3/../../../../avr/lib/avr5/crtm32.o
 *(.init2)
 *(.init3)
 *(.init3)
 *(.init4)
 .init4         0x00000060       0x16 d:/courses/embedded course imt/01- imt sdk-20220703t224428z-001/new folder/01- imt sdk/imt_sdk_win_64/imt_sdk_win_64/winavr/bin/../lib/gcc/avr/4.3.3/avr5\libgcc.a(_copy_data.o)
                0x00000060                __do_copy_data
 .init4         0x00000076       0x10 d:/courses/embedded course imt/01- imt sdk-20220703t224428z-001/new folder/01- imt sdk/imt_sdk_win_64/imt_sdk_win_64/winavr/bin/../lib/gcc/avr/4.3.3/avr5\libgcc.a(_clear_bss.o)
                0x00000076                __do_clear_bss
 *(.init4)
 *(.init5)
 *(.init5)
 *(.init6)
 *(.init6)
 *(.init7)
 *(.init7)
 *(.init8)
 *(.init8)
 *(.init9)
 .init9         0x00000086        0x8 d:/courses/embedded course imt/01- imt sdk-20220703t224428z-001/new folder/01- imt sdk/imt_sdk_win_64/imt_sdk_win_64/winavr/bin/../lib/gcc/avr/4.3.3/../../../../avr/lib/avr5/crtm32.o
 *(.init9)
 *(.text)
 .text          0x0000008e        0x4 d:/courses/embedded course imt/01- imt sdk-20220703t224428z-001/new folder/01- imt sdk/imt_sdk_win_64/imt_sdk_win_64/winavr/bin/../lib/gcc/avr/4.3.3/../../../../avr/lib/avr5/crtm32.o
                0x0000008e                __vector_12
                0x0000008e                __bad_interrupt
                0x0000008e                __vector_6
                0x0000008e                __vector_13
                0x0000008e                __vector_17
                0x0000008e                __vector_19
                0x0000008e                __vector_7
                0x0000008e                __vector_5
                0x0000008e                __vector_4
                0x0000008e                __vector_9
                0x0000008e                __vector_15
                0x0000008e                __vector_8
                0x0000008e                __vector_14
                0x0000008e                __vector_16
                0x0000008e                __vector_18
                0x0000008e                __vector_20
 .text          0x00000092        0x0 ./MCAL/TIMER1/TIMER_1_Program.o
 .text          0x00000092        0x0 ./MCAL/TIMER/TIMER_Program.o
 .text          0x00000092        0x0 ./MCAL/PORT/Port_prg.o
 .text          0x00000092        0x0 ./MCAL/GIE/GIE_Program.o
 .text          0x00000092        0x0 ./MCAL/EXTI/EXTI_Header/EXTI_Program.o
 .text          0x00000092        0x0 ./MCAL/DIO/Dio_prg.o
 .text          0x00000092        0x0 ./MCAL/ADC/ADC_Program.o
 .text          0x00000092        0x0 ./HAL/KPD/KEYPAD_Program.o
 .text          0x00000092        0x0 ./HAL/DC_MOTOR/DC_MOTOR_Program.o
 .text          0x00000092        0x0 ./HAL/CLCD/CLCD_Program.o
 .text          0x00000092        0x0 ./CONFIG/CLCD_LCFG.o
 .text          0x00000092        0x0 ./CONFIG/DC_MOTOR_LCONFIG.o
 .text          0x00000092        0x0 ./CONFIG/Dio_Lcfg.o
 .text          0x00000092        0x0 ./CONFIG/EXTI_LCONFIG.o
 .text          0x00000092        0x0 ./CONFIG/GIE_LCONFIG.o
 .text          0x00000092        0x0 ./CONFIG/KPD_LCFG.o
 .text          0x00000092        0x0 ./CONFIG/LED_LCFG.o
 .text          0x00000092        0x0 ./CONFIG/Port_Lcfg.o
 .text          0x00000092        0x0 ./CONFIG/SSD_LCFG.o
 .text          0x00000092        0x0 ./CONFIG/TIMER_1_LCONFIG.o
 .text          0x00000092        0x0 ./CONFIG/TIMER_LCFG.o
 .text          0x00000092        0x0 ./APPLICATION/APP.o
 .text          0x00000092        0x0 ./APP/main.o
 .text          0x00000092        0x0 d:/courses/embedded course imt/01- imt sdk-20220703t224428z-001/new folder/01- imt sdk/imt_sdk_win_64/imt_sdk_win_64/winavr/bin/../lib/gcc/avr/4.3.3/avr5\libgcc.a(_mulsi3.o)
 .text          0x00000092        0x0 d:/courses/embedded course imt/01- imt sdk-20220703t224428z-001/new folder/01- imt sdk/imt_sdk_win_64/imt_sdk_win_64/winavr/bin/../lib/gcc/avr/4.3.3/avr5\libgcc.a(_udivmodqi4.o)
 .text          0x00000092        0x0 d:/courses/embedded course imt/01- imt sdk-20220703t224428z-001/new folder/01- imt sdk/imt_sdk_win_64/imt_sdk_win_64/winavr/bin/../lib/gcc/avr/4.3.3/avr5\libgcc.a(_udivmodsi4.o)
 .text          0x00000092        0x0 d:/courses/embedded course imt/01- imt sdk-20220703t224428z-001/new folder/01- imt sdk/imt_sdk_win_64/imt_sdk_win_64/winavr/bin/../lib/gcc/avr/4.3.3/avr5\libgcc.a(_divmodsi4.o)
 .text          0x00000092        0x0 d:/courses/embedded course imt/01- imt sdk-20220703t224428z-001/new folder/01- imt sdk/imt_sdk_win_64/imt_sdk_win_64/winavr/bin/../lib/gcc/avr/4.3.3/avr5\libgcc.a(_exit.o)
 .text          0x00000092        0x0 d:/courses/embedded course imt/01- imt sdk-20220703t224428z-001/new folder/01- imt sdk/imt_sdk_win_64/imt_sdk_win_64/winavr/bin/../lib/gcc/avr/4.3.3/avr5\libgcc.a(_copy_data.o)
 .text          0x00000092        0x0 d:/courses/embedded course imt/01- imt sdk-20220703t224428z-001/new folder/01- imt sdk/imt_sdk_win_64/imt_sdk_win_64/winavr/bin/../lib/gcc/avr/4.3.3/avr5\libgcc.a(_clear_bss.o)
 .text          0x00000092       0x58 d:/courses/embedded course imt/01- imt sdk-20220703t224428z-001/new folder/01- imt sdk/imt_sdk_win_64/imt_sdk_win_64/winavr/bin/../lib/gcc/avr/4.3.3/avr5\libgcc.a(_fixunssfsi.o)
                0x00000092                __fixunssfsi
 .text          0x000000ea      0x354 d:/courses/embedded course imt/01- imt sdk-20220703t224428z-001/new folder/01- imt sdk/imt_sdk_win_64/imt_sdk_win_64/winavr/bin/../lib/gcc/avr/4.3.3/avr5\libgcc.a(_addsub_sf.o)
                0x00000382                __subsf3
                0x000003e4                __addsf3
 .text          0x0000043e      0x1f4 d:/courses/embedded course imt/01- imt sdk-20220703t224428z-001/new folder/01- imt sdk/imt_sdk_win_64/imt_sdk_win_64/winavr/bin/../lib/gcc/avr/4.3.3/avr5\libgcc.a(_mul_sf.o)
                0x0000043e                __mulsf3
 .text          0x00000632      0x158 d:/courses/embedded course imt/01- imt sdk-20220703t224428z-001/new folder/01- imt sdk/imt_sdk_win_64/imt_sdk_win_64/winavr/bin/../lib/gcc/avr/4.3.3/avr5\libgcc.a(_div_sf.o)
                0x00000632                __divsf3
 .text          0x0000078a       0x60 d:/courses/embedded course imt/01- imt sdk-20220703t224428z-001/new folder/01- imt sdk/imt_sdk_win_64/imt_sdk_win_64/winavr/bin/../lib/gcc/avr/4.3.3/avr5\libgcc.a(_gt_sf.o)
                0x0000078a                __gtsf2
 .text          0x000007ea       0x60 d:/courses/embedded course imt/01- imt sdk-20220703t224428z-001/new folder/01- imt sdk/imt_sdk_win_64/imt_sdk_win_64/winavr/bin/../lib/gcc/avr/4.3.3/avr5\libgcc.a(_ge_sf.o)
                0x000007ea                __gesf2
 .text          0x0000084a       0x60 d:/courses/embedded course imt/01- imt sdk-20220703t224428z-001/new folder/01- imt sdk/imt_sdk_win_64/imt_sdk_win_64/winavr/bin/../lib/gcc/avr/4.3.3/avr5\libgcc.a(_lt_sf.o)
                0x0000084a                __ltsf2
 .text          0x000008aa       0xbc d:/courses/embedded course imt/01- imt sdk-20220703t224428z-001/new folder/01- imt sdk/imt_sdk_win_64/imt_sdk_win_64/winavr/bin/../lib/gcc/avr/4.3.3/avr5\libgcc.a(_si_to_sf.o)
                0x000008aa                __floatsisf
 .text          0x00000966       0xa8 d:/courses/embedded course imt/01- imt sdk-20220703t224428z-001/new folder/01- imt sdk/imt_sdk_win_64/imt_sdk_win_64/winavr/bin/../lib/gcc/avr/4.3.3/avr5\libgcc.a(_sf_to_si.o)
                0x00000966                __fixsfsi
 .text          0x00000a0e        0x0 d:/courses/embedded course imt/01- imt sdk-20220703t224428z-001/new folder/01- imt sdk/imt_sdk_win_64/imt_sdk_win_64/winavr/bin/../lib/gcc/avr/4.3.3/avr5\libgcc.a(_thenan_sf.o)
 .text          0x00000a0e       0xf2 d:/courses/embedded course imt/01- imt sdk-20220703t224428z-001/new folder/01- imt sdk/imt_sdk_win_64/imt_sdk_win_64/winavr/bin/../lib/gcc/avr/4.3.3/avr5\libgcc.a(_usi_to_sf.o)
                0x00000a0e                __floatunsisf
 .text          0x00000b00        0x0 d:/courses/embedded course imt/01- imt sdk-20220703t224428z-001/new folder/01- imt sdk/imt_sdk_win_64/imt_sdk_win_64/winavr/bin/../lib/gcc/avr/4.3.3/avr5\libgcc.a(_prologue.o)
 .text          0x00000b00        0x0 d:/courses/embedded course imt/01- imt sdk-20220703t224428z-001/new folder/01- imt sdk/imt_sdk_win_64/imt_sdk_win_64/winavr/bin/../lib/gcc/avr/4.3.3/avr5\libgcc.a(_epilogue.o)
 .text          0x00000b00       0x9e d:/courses/embedded course imt/01- imt sdk-20220703t224428z-001/new folder/01- imt sdk/imt_sdk_win_64/imt_sdk_win_64/winavr/bin/../lib/gcc/avr/4.3.3/avr5\libgcc.a(_clzsi2.o)
                0x00000b00                __clzsi2
 .text          0x00000b9e      0x1aa d:/courses/embedded course imt/01- imt sdk-20220703t224428z-001/new folder/01- imt sdk/imt_sdk_win_64/imt_sdk_win_64/winavr/bin/../lib/gcc/avr/4.3.3/avr5\libgcc.a(_pack_sf.o)
                0x00000b9e                __pack_f
 .text          0x00000d48       0xf0 d:/courses/embedded course imt/01- imt sdk-20220703t224428z-001/new folder/01- imt sdk/imt_sdk_win_64/imt_sdk_win_64/winavr/bin/../lib/gcc/avr/4.3.3/avr5\libgcc.a(_unpack_sf.o)
                0x00000d48                __unpack_f
 .text          0x00000e38       0xb2 d:/courses/embedded course imt/01- imt sdk-20220703t224428z-001/new folder/01- imt sdk/imt_sdk_win_64/imt_sdk_win_64/winavr/bin/../lib/gcc/avr/4.3.3/avr5\libgcc.a(_fpcmp_parts_sf.o)
                0x00000e38                __fpcmp_parts_f
 .text          0x00000eea        0x0 d:/courses/embedded course imt/01- imt sdk-20220703t224428z-001/new folder/01- imt sdk/imt_sdk_win_64/imt_sdk_win_64/winavr/bin/../lib/gcc/avr/4.3.3/avr5\libgcc.a(_clz.o)
                0x00000eea                . = ALIGN (0x2)
 *(.text.*)
 .text.M_TIMER1_void_Init
                0x00000eea       0x84 ./MCAL/TIMER1/TIMER_1_Program.o
                0x00000eea                M_TIMER1_void_Init
 .text.M_TIMER1_void_Start
                0x00000f6e       0x56 ./MCAL/TIMER1/TIMER_1_Program.o
                0x00000f6e                M_TIMER1_void_Start
 .text.M_TIMER1_void_Stop
                0x00000fc4       0x4a ./MCAL/TIMER1/TIMER_1_Program.o
                0x00000fc4                M_TIMER1_void_Stop
 .text.M_TIMER1_void_ICU_Enable
                0x0000100e       0x30 ./MCAL/TIMER1/TIMER_1_Program.o
                0x0000100e                M_TIMER1_void_ICU_Enable
 .text.M_TIMER1_void_ICU_TriggerSelect
                0x0000103e       0x4a ./MCAL/TIMER1/TIMER_1_Program.o
                0x0000103e                M_TIMER1_void_ICU_TriggerSelect
 .text.M_TIMER1_void_ICU_INTERRUPTDIS
                0x00001088       0x1c ./MCAL/TIMER1/TIMER_1_Program.o
                0x00001088                M_TIMER1_void_ICU_INTERRUPTDIS
 .text.M_TIMER1_void_ICU_Reading
                0x000010a4       0x16 ./MCAL/TIMER1/TIMER_1_Program.o
                0x000010a4                M_TIMER1_void_ICU_Reading
 .text.M_TIMER1_void_ICU_SetCallBack
                0x000010ba        0xe ./MCAL/TIMER1/TIMER_1_Program.o
                0x000010ba                M_TIMER1_void_ICU_SetCallBack
 .text.M_TIMER1_u8_Reset_flag
                0x000010c8       0x40 ./MCAL/TIMER1/TIMER_1_Program.o
                0x000010c8                M_TIMER1_u8_Reset_flag
 .text.M_void_Timer_Init
                0x00001108      0x340 ./MCAL/TIMER/TIMER_Program.o
                0x00001108                M_void_Timer_Init
 .text.M_void_Timer_start
                0x00001448      0x122 ./MCAL/TIMER/TIMER_Program.o
                0x00001448                M_void_Timer_start
 .text.M_void_Timer_stop
                0x0000156a       0x28 ./MCAL/TIMER/TIMER_Program.o
                0x0000156a                M_void_Timer_stop
 .text.Timer_u8__GetCounts
                0x00001592       0x14 ./MCAL/TIMER/TIMER_Program.o
                0x00001592                Timer_u8__GetCounts
 .text.M_void_Timer_Set_Preload
                0x000015a6       0x1c ./MCAL/TIMER/TIMER_Program.o
                0x000015a6                M_void_Timer_Set_Preload
 .text.M_TIMER0_setDelayTimeMilliSec
                0x000015c2      0x1f6 ./MCAL/TIMER/TIMER_Program.o
                0x000015c2                M_TIMER0_setDelayTimeMilliSec
 .text.M_void_EnableTIMERInt
                0x000017b8       0x72 ./MCAL/TIMER/TIMER_Program.o
                0x000017b8                M_void_EnableTIMERInt
 .text.M_void_DisableTIMERInt
                0x0000182a       0x6e ./MCAL/TIMER/TIMER_Program.o
                0x0000182a                M_void_DisableTIMERInt
 .text.M_void_setCallBack
                0x00001898       0x6c ./MCAL/TIMER/TIMER_Program.o
                0x00001898                M_void_setCallBack
 .text.M_TIMER0_PHASE_PWM_SET
                0x00001904      0x19e ./MCAL/TIMER/TIMER_Program.o
                0x00001904                M_TIMER0_PHASE_PWM_SET
 .text.M_TIMER0_FAST_PWM_SET
                0x00001aa2      0x178 ./MCAL/TIMER/TIMER_Program.o
                0x00001aa2                M_TIMER0_FAST_PWM_SET
 .text.__vector_11
                0x00001c1a       0xd2 ./MCAL/TIMER/TIMER_Program.o
                0x00001c1a                __vector_11
 .text.__vector_10
                0x00001cec       0x20 ./MCAL/TIMER/TIMER_Program.o
                0x00001cec                __vector_10
 .text.Port_Init
                0x00001d0c      0x4d6 ./MCAL/PORT/Port_prg.o
                0x00001d0c                Port_Init
 .text.GIE_voidEnable
                0x000021e2       0x1c ./MCAL/GIE/GIE_Program.o
                0x000021e2                GIE_voidEnable
 .text.GIE_voidDisable
                0x000021fe       0x1c ./MCAL/GIE/GIE_Program.o
                0x000021fe                GIE_voidDisable
 .text.Enable_Int
                0x0000221a      0x252 ./MCAL/EXTI/EXTI_Header/EXTI_Program.o
                0x0000221a                Enable_Int
 .text.Disable_Int
                0x0000246c       0x76 ./MCAL/EXTI/EXTI_Header/EXTI_Program.o
                0x0000246c                Disable_Int
 .text.EXTI_u8INTSetCallBack
                0x000024e2       0xf2 ./MCAL/EXTI/EXTI_Header/EXTI_Program.o
                0x000024e2                EXTI_u8INTSetCallBack
 .text.__vector_1
                0x000025d4       0x66 ./MCAL/EXTI/EXTI_Header/EXTI_Program.o
                0x000025d4                __vector_1
 .text.__vector_2
                0x0000263a       0x20 ./MCAL/EXTI/EXTI_Header/EXTI_Program.o
                0x0000263a                __vector_2
 .text.__vector_3
                0x0000265a       0x20 ./MCAL/EXTI/EXTI_Header/EXTI_Program.o
                0x0000265a                __vector_3
 .text.M_Dio_en_getPinValue
                0x0000267a      0x10c ./MCAL/DIO/Dio_prg.o
                0x0000267a                M_Dio_en_getPinValue
 .text.M_Dio_void_setPinValue
                0x00002786      0x21c ./MCAL/DIO/Dio_prg.o
                0x00002786                M_Dio_void_setPinValue
 .text.M_Dio_en_getPortValue
                0x000029a2       0x84 ./MCAL/DIO/Dio_prg.o
                0x000029a2                M_Dio_en_getPortValue
 .text.M_Dio_void_setPortValue
                0x00002a26       0x84 ./MCAL/DIO/Dio_prg.o
                0x00002a26                M_Dio_void_setPortValue
 .text.M_Dio_void_togglePinValue
                0x00002aaa      0x118 ./MCAL/DIO/Dio_prg.o
                0x00002aaa                M_Dio_void_togglePinValue
 .text.H_KEYPAD_u8_getPressedKey
                0x00002bc2      0x1ca ./HAL/KPD/KEYPAD_Program.o
                0x00002bc2                H_KEYPAD_u8_getPressedKey
 .text.H_DC_MOTOR_START
                0x00002d8c       0x90 ./HAL/DC_MOTOR/DC_MOTOR_Program.o
                0x00002d8c                H_DC_MOTOR_START
 .text.H_DC_MOTOR_STOP
                0x00002e1c       0x1a ./HAL/DC_MOTOR/DC_MOTOR_Program.o
                0x00002e1c                H_DC_MOTOR_STOP
 .text.H_LCD_void_latchByte
                0x00002e36      0x38e ./HAL/CLCD/CLCD_Program.o
 .text.H_LCD_void_Init
                0x000031c4      0x4f2 ./HAL/CLCD/CLCD_Program.o
                0x000031c4                H_LCD_void_Init
 .text.H_LCD_void_sendData
                0x000036b6       0x22 ./HAL/CLCD/CLCD_Program.o
                0x000036b6                H_LCD_void_sendData
 .text.H_LCD_void_sendCommand
                0x000036d8       0x22 ./HAL/CLCD/CLCD_Program.o
                0x000036d8                H_LCD_void_sendCommand
 .text.H_LCD_void_sendString
                0x000036fa       0x52 ./HAL/CLCD/CLCD_Program.o
                0x000036fa                H_LCD_void_sendString
 .text.H_LCD_void_sendIntNum
                0x0000374c      0x138 ./HAL/CLCD/CLCD_Program.o
                0x0000374c                H_LCD_void_sendIntNum
 .text.H_LCD_void_gotoXY
                0x00003884       0x58 ./HAL/CLCD/CLCD_Program.o
                0x00003884                H_LCD_void_gotoXY
 .text.H_LCD_void_creatCustomChar
                0x000038dc       0x78 ./HAL/CLCD/CLCD_Program.o
                0x000038dc                H_LCD_void_creatCustomChar
 .text.H_LCD_void_displayCustomChar
                0x00003954       0x1a ./HAL/CLCD/CLCD_Program.o
                0x00003954                H_LCD_void_displayCustomChar
 .text.H_LCD_void_ClearDisplay
                0x0000396e       0x14 ./HAL/CLCD/CLCD_Program.o
                0x0000396e                H_LCD_void_ClearDisplay
 .text.APPLICATION_Init
                0x00003982       0x1a ./APPLICATION/APP.o
                0x00003982                APPLICATION_Init
 .text.APPLICATION_Core
                0x0000399c      0xae4 ./APPLICATION/APP.o
                0x0000399c                APPLICATION_Core
 .text.APPLICATION_Stop
                0x00004480       0x46 ./APPLICATION/APP.o
                0x00004480                APPLICATION_Stop
 .text.main     0x000044c6       0xd6 ./APP/main.o
                0x000044c6                main
 .text.libgcc   0x0000459c       0x3e d:/courses/embedded course imt/01- imt sdk-20220703t224428z-001/new folder/01- imt sdk/imt_sdk_win_64/imt_sdk_win_64/winavr/bin/../lib/gcc/avr/4.3.3/avr5\libgcc.a(_mulsi3.o)
                0x0000459c                __mulsi3
 .text.libgcc   0x000045da       0x18 d:/courses/embedded course imt/01- imt sdk-20220703t224428z-001/new folder/01- imt sdk/imt_sdk_win_64/imt_sdk_win_64/winavr/bin/../lib/gcc/avr/4.3.3/avr5\libgcc.a(_udivmodqi4.o)
                0x000045da                __udivmodqi4
 .text.libgcc   0x000045f2       0x44 d:/courses/embedded course imt/01- imt sdk-20220703t224428z-001/new folder/01- imt sdk/imt_sdk_win_64/imt_sdk_win_64/winavr/bin/../lib/gcc/avr/4.3.3/avr5\libgcc.a(_udivmodsi4.o)
                0x000045f2                __udivmodsi4
 .text.libgcc   0x00004636       0x36 d:/courses/embedded course imt/01- imt sdk-20220703t224428z-001/new folder/01- imt sdk/imt_sdk_win_64/imt_sdk_win_64/winavr/bin/../lib/gcc/avr/4.3.3/avr5\libgcc.a(_divmodsi4.o)
                0x00004636                __divmodsi4
 .text.libgcc   0x0000466c        0x0 d:/courses/embedded course imt/01- imt sdk-20220703t224428z-001/new folder/01- imt sdk/imt_sdk_win_64/imt_sdk_win_64/winavr/bin/../lib/gcc/avr/4.3.3/avr5\libgcc.a(_exit.o)
 .text.libgcc   0x0000466c        0x0 d:/courses/embedded course imt/01- imt sdk-20220703t224428z-001/new folder/01- imt sdk/imt_sdk_win_64/imt_sdk_win_64/winavr/bin/../lib/gcc/avr/4.3.3/avr5\libgcc.a(_copy_data.o)
 .text.libgcc   0x0000466c        0x0 d:/courses/embedded course imt/01- imt sdk-20220703t224428z-001/new folder/01- imt sdk/imt_sdk_win_64/imt_sdk_win_64/winavr/bin/../lib/gcc/avr/4.3.3/avr5\libgcc.a(_clear_bss.o)
 .text.libgcc   0x0000466c       0x38 d:/courses/embedded course imt/01- imt sdk-20220703t224428z-001/new folder/01- imt sdk/imt_sdk_win_64/imt_sdk_win_64/winavr/bin/../lib/gcc/avr/4.3.3/avr5\libgcc.a(_prologue.o)
                0x0000466c                __prologue_saves__
 .text.libgcc   0x000046a4       0x36 d:/courses/embedded course imt/01- imt sdk-20220703t224428z-001/new folder/01- imt sdk/imt_sdk_win_64/imt_sdk_win_64/winavr/bin/../lib/gcc/avr/4.3.3/avr5\libgcc.a(_epilogue.o)
                0x000046a4                __epilogue_restores__
                0x000046da                . = ALIGN (0x2)
 *(.fini9)
 .fini9         0x000046da        0x0 d:/courses/embedded course imt/01- imt sdk-20220703t224428z-001/new folder/01- imt sdk/imt_sdk_win_64/imt_sdk_win_64/winavr/bin/../lib/gcc/avr/4.3.3/avr5\libgcc.a(_exit.o)
                0x000046da                exit
                0x000046da                _exit
 *(.fini9)
 *(.fini8)
 *(.fini8)
 *(.fini7)
 *(.fini7)
 *(.fini6)
 *(.fini6)
 *(.fini5)
 *(.fini5)
 *(.fini4)
 *(.fini4)
 *(.fini3)
 *(.fini3)
 *(.fini2)
 *(.fini2)
 *(.fini1)
 *(.fini1)
 *(.fini0)
 .fini0         0x000046da        0x4 d:/courses/embedded course imt/01- imt sdk-20220703t224428z-001/new folder/01- imt sdk/imt_sdk_win_64/imt_sdk_win_64/winavr/bin/../lib/gcc/avr/4.3.3/avr5\libgcc.a(_exit.o)
 *(.fini0)
                0x000046de                _etext = .

.data           0x00800060      0x2b4 load address 0x000046de
                0x00800060                PROVIDE (__data_start, .)
 *(.data)
 .data          0x00800060        0x0 d:/courses/embedded course imt/01- imt sdk-20220703t224428z-001/new folder/01- imt sdk/imt_sdk_win_64/imt_sdk_win_64/winavr/bin/../lib/gcc/avr/4.3.3/../../../../avr/lib/avr5/crtm32.o
 .data          0x00800060        0x0 ./MCAL/TIMER1/TIMER_1_Program.o
 .data          0x00800060        0x0 ./MCAL/TIMER/TIMER_Program.o
 .data          0x00800060        0x0 ./MCAL/PORT/Port_prg.o
 .data          0x00800060        0x0 ./MCAL/GIE/GIE_Program.o
 .data          0x00800060        0x0 ./MCAL/EXTI/EXTI_Header/EXTI_Program.o
 .data          0x00800060        0x0 ./MCAL/DIO/Dio_prg.o
 .data          0x00800060        0x0 ./MCAL/ADC/ADC_Program.o
 .data          0x00800060        0x0 ./HAL/KPD/KEYPAD_Program.o
 .data          0x00800060        0x0 ./HAL/DC_MOTOR/DC_MOTOR_Program.o
 .data          0x00800060        0x0 ./HAL/CLCD/CLCD_Program.o
 .data          0x00800060        0x0 ./CONFIG/CLCD_LCFG.o
 .data          0x00800060        0x0 ./CONFIG/DC_MOTOR_LCONFIG.o
 .data          0x00800060        0x0 ./CONFIG/Dio_Lcfg.o
 .data          0x00800060        0x0 ./CONFIG/EXTI_LCONFIG.o
 .data          0x00800060        0x0 ./CONFIG/GIE_LCONFIG.o
 .data          0x00800060        0x0 ./CONFIG/KPD_LCFG.o
 .data          0x00800060        0x0 ./CONFIG/LED_LCFG.o
 .data          0x00800060        0x0 ./CONFIG/Port_Lcfg.o
 .data          0x00800060        0x0 ./CONFIG/SSD_LCFG.o
 .data          0x00800060        0x0 ./CONFIG/TIMER_1_LCONFIG.o
 .data          0x00800060        0x0 ./CONFIG/TIMER_LCFG.o
 .data          0x00800060       0x9c ./APPLICATION/APP.o
 .data          0x008000fc       0x34 ./APP/main.o
 .data          0x00800130        0x0 d:/courses/embedded course imt/01- imt sdk-20220703t224428z-001/new folder/01- imt sdk/imt_sdk_win_64/imt_sdk_win_64/winavr/bin/../lib/gcc/avr/4.3.3/avr5\libgcc.a(_mulsi3.o)
 .data          0x00800130        0x0 d:/courses/embedded course imt/01- imt sdk-20220703t224428z-001/new folder/01- imt sdk/imt_sdk_win_64/imt_sdk_win_64/winavr/bin/../lib/gcc/avr/4.3.3/avr5\libgcc.a(_udivmodqi4.o)
 .data          0x00800130        0x0 d:/courses/embedded course imt/01- imt sdk-20220703t224428z-001/new folder/01- imt sdk/imt_sdk_win_64/imt_sdk_win_64/winavr/bin/../lib/gcc/avr/4.3.3/avr5\libgcc.a(_udivmodsi4.o)
 .data          0x00800130        0x0 d:/courses/embedded course imt/01- imt sdk-20220703t224428z-001/new folder/01- imt sdk/imt_sdk_win_64/imt_sdk_win_64/winavr/bin/../lib/gcc/avr/4.3.3/avr5\libgcc.a(_divmodsi4.o)
 .data          0x00800130        0x0 d:/courses/embedded course imt/01- imt sdk-20220703t224428z-001/new folder/01- imt sdk/imt_sdk_win_64/imt_sdk_win_64/winavr/bin/../lib/gcc/avr/4.3.3/avr5\libgcc.a(_exit.o)
 .data          0x00800130        0x0 d:/courses/embedded course imt/01- imt sdk-20220703t224428z-001/new folder/01- imt sdk/imt_sdk_win_64/imt_sdk_win_64/winavr/bin/../lib/gcc/avr/4.3.3/avr5\libgcc.a(_copy_data.o)
 .data          0x00800130        0x0 d:/courses/embedded course imt/01- imt sdk-20220703t224428z-001/new folder/01- imt sdk/imt_sdk_win_64/imt_sdk_win_64/winavr/bin/../lib/gcc/avr/4.3.3/avr5\libgcc.a(_clear_bss.o)
 .data          0x00800130        0x0 d:/courses/embedded course imt/01- imt sdk-20220703t224428z-001/new folder/01- imt sdk/imt_sdk_win_64/imt_sdk_win_64/winavr/bin/../lib/gcc/avr/4.3.3/avr5\libgcc.a(_fixunssfsi.o)
 .data          0x00800130        0x0 d:/courses/embedded course imt/01- imt sdk-20220703t224428z-001/new folder/01- imt sdk/imt_sdk_win_64/imt_sdk_win_64/winavr/bin/../lib/gcc/avr/4.3.3/avr5\libgcc.a(_addsub_sf.o)
 .data          0x00800130        0x0 d:/courses/embedded course imt/01- imt sdk-20220703t224428z-001/new folder/01- imt sdk/imt_sdk_win_64/imt_sdk_win_64/winavr/bin/../lib/gcc/avr/4.3.3/avr5\libgcc.a(_mul_sf.o)
 .data          0x00800130        0x0 d:/courses/embedded course imt/01- imt sdk-20220703t224428z-001/new folder/01- imt sdk/imt_sdk_win_64/imt_sdk_win_64/winavr/bin/../lib/gcc/avr/4.3.3/avr5\libgcc.a(_div_sf.o)
 .data          0x00800130        0x0 d:/courses/embedded course imt/01- imt sdk-20220703t224428z-001/new folder/01- imt sdk/imt_sdk_win_64/imt_sdk_win_64/winavr/bin/../lib/gcc/avr/4.3.3/avr5\libgcc.a(_gt_sf.o)
 .data          0x00800130        0x0 d:/courses/embedded course imt/01- imt sdk-20220703t224428z-001/new folder/01- imt sdk/imt_sdk_win_64/imt_sdk_win_64/winavr/bin/../lib/gcc/avr/4.3.3/avr5\libgcc.a(_ge_sf.o)
 .data          0x00800130        0x0 d:/courses/embedded course imt/01- imt sdk-20220703t224428z-001/new folder/01- imt sdk/imt_sdk_win_64/imt_sdk_win_64/winavr/bin/../lib/gcc/avr/4.3.3/avr5\libgcc.a(_lt_sf.o)
 .data          0x00800130        0x0 d:/courses/embedded course imt/01- imt sdk-20220703t224428z-001/new folder/01- imt sdk/imt_sdk_win_64/imt_sdk_win_64/winavr/bin/../lib/gcc/avr/4.3.3/avr5\libgcc.a(_si_to_sf.o)
 .data          0x00800130        0x0 d:/courses/embedded course imt/01- imt sdk-20220703t224428z-001/new folder/01- imt sdk/imt_sdk_win_64/imt_sdk_win_64/winavr/bin/../lib/gcc/avr/4.3.3/avr5\libgcc.a(_sf_to_si.o)
 .data          0x00800130        0x8 d:/courses/embedded course imt/01- imt sdk-20220703t224428z-001/new folder/01- imt sdk/imt_sdk_win_64/imt_sdk_win_64/winavr/bin/../lib/gcc/avr/4.3.3/avr5\libgcc.a(_thenan_sf.o)
                0x00800130                __thenan_sf
 .data          0x00800138        0x0 d:/courses/embedded course imt/01- imt sdk-20220703t224428z-001/new folder/01- imt sdk/imt_sdk_win_64/imt_sdk_win_64/winavr/bin/../lib/gcc/avr/4.3.3/avr5\libgcc.a(_usi_to_sf.o)
 .data          0x00800138        0x0 d:/courses/embedded course imt/01- imt sdk-20220703t224428z-001/new folder/01- imt sdk/imt_sdk_win_64/imt_sdk_win_64/winavr/bin/../lib/gcc/avr/4.3.3/avr5\libgcc.a(_prologue.o)
 .data          0x00800138        0x0 d:/courses/embedded course imt/01- imt sdk-20220703t224428z-001/new folder/01- imt sdk/imt_sdk_win_64/imt_sdk_win_64/winavr/bin/../lib/gcc/avr/4.3.3/avr5\libgcc.a(_epilogue.o)
 .data          0x00800138        0x0 d:/courses/embedded course imt/01- imt sdk-20220703t224428z-001/new folder/01- imt sdk/imt_sdk_win_64/imt_sdk_win_64/winavr/bin/../lib/gcc/avr/4.3.3/avr5\libgcc.a(_clzsi2.o)
 .data          0x00800138        0x0 d:/courses/embedded course imt/01- imt sdk-20220703t224428z-001/new folder/01- imt sdk/imt_sdk_win_64/imt_sdk_win_64/winavr/bin/../lib/gcc/avr/4.3.3/avr5\libgcc.a(_pack_sf.o)
 .data          0x00800138        0x0 d:/courses/embedded course imt/01- imt sdk-20220703t224428z-001/new folder/01- imt sdk/imt_sdk_win_64/imt_sdk_win_64/winavr/bin/../lib/gcc/avr/4.3.3/avr5\libgcc.a(_unpack_sf.o)
 .data          0x00800138        0x0 d:/courses/embedded course imt/01- imt sdk-20220703t224428z-001/new folder/01- imt sdk/imt_sdk_win_64/imt_sdk_win_64/winavr/bin/../lib/gcc/avr/4.3.3/avr5\libgcc.a(_fpcmp_parts_sf.o)
 .data          0x00800138      0x100 d:/courses/embedded course imt/01- imt sdk-20220703t224428z-001/new folder/01- imt sdk/imt_sdk_win_64/imt_sdk_win_64/winavr/bin/../lib/gcc/avr/4.3.3/avr5\libgcc.a(_clz.o)
                0x00800138                __clz_tab
 *(.data*)
 .data.KPD_KEYS_CALC
                0x00800238       0x10 ./HAL/KPD/KEYPAD_Program.o
 .data.ROWS_ARR
                0x00800248        0x4 ./HAL/KPD/KEYPAD_Program.o
                0x00800248                ROWS_ARR
 .data.COLS_ARR
                0x0080024c        0x4 ./HAL/KPD/KEYPAD_Program.o
                0x0080024c                COLS_ARR
 .data.Pattern_1
                0x00800250        0x8 ./CONFIG/CLCD_LCFG.o
                0x00800250                Pattern_1
 .data.Pattern_2
                0x00800258        0x8 ./CONFIG/CLCD_LCFG.o
                0x00800258                Pattern_2
 .data.Pattern_3
                0x00800260        0x8 ./CONFIG/CLCD_LCFG.o
                0x00800260                Pattern_3
 .data.Pattern_4
                0x00800268        0x8 ./CONFIG/CLCD_LCFG.o
                0x00800268                Pattern_4
 .data.SmilyChar
                0x00800270        0x8 ./CONFIG/CLCD_LCFG.o
                0x00800270                SmilyChar
 .data.ARR_OF_Interrupts
                0x00800278        0x6 ./CONFIG/EXTI_LCONFIG.o
                0x00800278                ARR_OF_Interrupts
 .data.APP_FLAG
                0x0080027e        0x1 ./APP/main.o
 *(.rodata)
 *(.rodata*)
 .rodata.C.0.1653
                0x0080027f       0x14 ./MCAL/TIMER/TIMER_Program.o
 .rodata.PORT_Config_Arr
                0x00800293       0x80 ./CONFIG/Port_Lcfg.o
                0x00800293                PORT_Config_Arr
 *(.gnu.linkonce.d*)
                0x00800314                . = ALIGN (0x2)
 *fill*         0x00800313        0x1 00
                0x00800314                _edata = .
                0x00800314                PROVIDE (__data_end, .)

.bss            0x00800314       0x15
                0x00800314                PROVIDE (__bss_start, .)
 *(.bss)
 .bss           0x00800314        0x0 d:/courses/embedded course imt/01- imt sdk-20220703t224428z-001/new folder/01- imt sdk/imt_sdk_win_64/imt_sdk_win_64/winavr/bin/../lib/gcc/avr/4.3.3/../../../../avr/lib/avr5/crtm32.o
 .bss           0x00800314        0x0 ./MCAL/TIMER1/TIMER_1_Program.o
 .bss           0x00800314        0x0 ./MCAL/TIMER/TIMER_Program.o
 .bss           0x00800314        0x0 ./MCAL/PORT/Port_prg.o
 .bss           0x00800314        0x0 ./MCAL/GIE/GIE_Program.o
 .bss           0x00800314        0x0 ./MCAL/EXTI/EXTI_Header/EXTI_Program.o
 .bss           0x00800314        0x0 ./MCAL/DIO/Dio_prg.o
 .bss           0x00800314        0x0 ./MCAL/ADC/ADC_Program.o
 .bss           0x00800314        0x0 ./HAL/KPD/KEYPAD_Program.o
 .bss           0x00800314        0x0 ./HAL/DC_MOTOR/DC_MOTOR_Program.o
 .bss           0x00800314        0x0 ./HAL/CLCD/CLCD_Program.o
 .bss           0x00800314        0x0 ./CONFIG/CLCD_LCFG.o
 .bss           0x00800314        0x0 ./CONFIG/DC_MOTOR_LCONFIG.o
 .bss           0x00800314        0x0 ./CONFIG/Dio_Lcfg.o
 .bss           0x00800314        0x0 ./CONFIG/EXTI_LCONFIG.o
 .bss           0x00800314        0x0 ./CONFIG/GIE_LCONFIG.o
 .bss           0x00800314        0x0 ./CONFIG/KPD_LCFG.o
 .bss           0x00800314        0x0 ./CONFIG/LED_LCFG.o
 .bss           0x00800314        0x0 ./CONFIG/Port_Lcfg.o
 .bss           0x00800314        0x0 ./CONFIG/SSD_LCFG.o
 .bss           0x00800314        0x0 ./CONFIG/TIMER_1_LCONFIG.o
 .bss           0x00800314        0x0 ./CONFIG/TIMER_LCFG.o
 .bss           0x00800314        0x0 ./APPLICATION/APP.o
 .bss           0x00800314        0x0 ./APP/main.o
 .bss           0x00800314        0x0 d:/courses/embedded course imt/01- imt sdk-20220703t224428z-001/new folder/01- imt sdk/imt_sdk_win_64/imt_sdk_win_64/winavr/bin/../lib/gcc/avr/4.3.3/avr5\libgcc.a(_mulsi3.o)
 .bss           0x00800314        0x0 d:/courses/embedded course imt/01- imt sdk-20220703t224428z-001/new folder/01- imt sdk/imt_sdk_win_64/imt_sdk_win_64/winavr/bin/../lib/gcc/avr/4.3.3/avr5\libgcc.a(_udivmodqi4.o)
 .bss           0x00800314        0x0 d:/courses/embedded course imt/01- imt sdk-20220703t224428z-001/new folder/01- imt sdk/imt_sdk_win_64/imt_sdk_win_64/winavr/bin/../lib/gcc/avr/4.3.3/avr5\libgcc.a(_udivmodsi4.o)
 .bss           0x00800314        0x0 d:/courses/embedded course imt/01- imt sdk-20220703t224428z-001/new folder/01- imt sdk/imt_sdk_win_64/imt_sdk_win_64/winavr/bin/../lib/gcc/avr/4.3.3/avr5\libgcc.a(_divmodsi4.o)
 .bss           0x00800314        0x0 d:/courses/embedded course imt/01- imt sdk-20220703t224428z-001/new folder/01- imt sdk/imt_sdk_win_64/imt_sdk_win_64/winavr/bin/../lib/gcc/avr/4.3.3/avr5\libgcc.a(_exit.o)
 .bss           0x00800314        0x0 d:/courses/embedded course imt/01- imt sdk-20220703t224428z-001/new folder/01- imt sdk/imt_sdk_win_64/imt_sdk_win_64/winavr/bin/../lib/gcc/avr/4.3.3/avr5\libgcc.a(_copy_data.o)
 .bss           0x00800314        0x0 d:/courses/embedded course imt/01- imt sdk-20220703t224428z-001/new folder/01- imt sdk/imt_sdk_win_64/imt_sdk_win_64/winavr/bin/../lib/gcc/avr/4.3.3/avr5\libgcc.a(_clear_bss.o)
 .bss           0x00800314        0x0 d:/courses/embedded course imt/01- imt sdk-20220703t224428z-001/new folder/01- imt sdk/imt_sdk_win_64/imt_sdk_win_64/winavr/bin/../lib/gcc/avr/4.3.3/avr5\libgcc.a(_fixunssfsi.o)
 .bss           0x00800314        0x0 d:/courses/embedded course imt/01- imt sdk-20220703t224428z-001/new folder/01- imt sdk/imt_sdk_win_64/imt_sdk_win_64/winavr/bin/../lib/gcc/avr/4.3.3/avr5\libgcc.a(_addsub_sf.o)
 .bss           0x00800314        0x0 d:/courses/embedded course imt/01- imt sdk-20220703t224428z-001/new folder/01- imt sdk/imt_sdk_win_64/imt_sdk_win_64/winavr/bin/../lib/gcc/avr/4.3.3/avr5\libgcc.a(_mul_sf.o)
 .bss           0x00800314        0x0 d:/courses/embedded course imt/01- imt sdk-20220703t224428z-001/new folder/01- imt sdk/imt_sdk_win_64/imt_sdk_win_64/winavr/bin/../lib/gcc/avr/4.3.3/avr5\libgcc.a(_div_sf.o)
 .bss           0x00800314        0x0 d:/courses/embedded course imt/01- imt sdk-20220703t224428z-001/new folder/01- imt sdk/imt_sdk_win_64/imt_sdk_win_64/winavr/bin/../lib/gcc/avr/4.3.3/avr5\libgcc.a(_gt_sf.o)
 .bss           0x00800314        0x0 d:/courses/embedded course imt/01- imt sdk-20220703t224428z-001/new folder/01- imt sdk/imt_sdk_win_64/imt_sdk_win_64/winavr/bin/../lib/gcc/avr/4.3.3/avr5\libgcc.a(_ge_sf.o)
 .bss           0x00800314        0x0 d:/courses/embedded course imt/01- imt sdk-20220703t224428z-001/new folder/01- imt sdk/imt_sdk_win_64/imt_sdk_win_64/winavr/bin/../lib/gcc/avr/4.3.3/avr5\libgcc.a(_lt_sf.o)
 .bss           0x00800314        0x0 d:/courses/embedded course imt/01- imt sdk-20220703t224428z-001/new folder/01- imt sdk/imt_sdk_win_64/imt_sdk_win_64/winavr/bin/../lib/gcc/avr/4.3.3/avr5\libgcc.a(_si_to_sf.o)
 .bss           0x00800314        0x0 d:/courses/embedded course imt/01- imt sdk-20220703t224428z-001/new folder/01- imt sdk/imt_sdk_win_64/imt_sdk_win_64/winavr/bin/../lib/gcc/avr/4.3.3/avr5\libgcc.a(_sf_to_si.o)
 .bss           0x00800314        0x0 d:/courses/embedded course imt/01- imt sdk-20220703t224428z-001/new folder/01- imt sdk/imt_sdk_win_64/imt_sdk_win_64/winavr/bin/../lib/gcc/avr/4.3.3/avr5\libgcc.a(_thenan_sf.o)
 .bss           0x00800314        0x0 d:/courses/embedded course imt/01- imt sdk-20220703t224428z-001/new folder/01- imt sdk/imt_sdk_win_64/imt_sdk_win_64/winavr/bin/../lib/gcc/avr/4.3.3/avr5\libgcc.a(_usi_to_sf.o)
 .bss           0x00800314        0x0 d:/courses/embedded course imt/01- imt sdk-20220703t224428z-001/new folder/01- imt sdk/imt_sdk_win_64/imt_sdk_win_64/winavr/bin/../lib/gcc/avr/4.3.3/avr5\libgcc.a(_prologue.o)
 .bss           0x00800314        0x0 d:/courses/embedded course imt/01- imt sdk-20220703t224428z-001/new folder/01- imt sdk/imt_sdk_win_64/imt_sdk_win_64/winavr/bin/../lib/gcc/avr/4.3.3/avr5\libgcc.a(_epilogue.o)
 .bss           0x00800314        0x0 d:/courses/embedded course imt/01- imt sdk-20220703t224428z-001/new folder/01- imt sdk/imt_sdk_win_64/imt_sdk_win_64/winavr/bin/../lib/gcc/avr/4.3.3/avr5\libgcc.a(_clzsi2.o)
 .bss           0x00800314        0x0 d:/courses/embedded course imt/01- imt sdk-20220703t224428z-001/new folder/01- imt sdk/imt_sdk_win_64/imt_sdk_win_64/winavr/bin/../lib/gcc/avr/4.3.3/avr5\libgcc.a(_pack_sf.o)
 .bss           0x00800314        0x0 d:/courses/embedded course imt/01- imt sdk-20220703t224428z-001/new folder/01- imt sdk/imt_sdk_win_64/imt_sdk_win_64/winavr/bin/../lib/gcc/avr/4.3.3/avr5\libgcc.a(_unpack_sf.o)
 .bss           0x00800314        0x0 d:/courses/embedded course imt/01- imt sdk-20220703t224428z-001/new folder/01- imt sdk/imt_sdk_win_64/imt_sdk_win_64/winavr/bin/../lib/gcc/avr/4.3.3/avr5\libgcc.a(_fpcmp_parts_sf.o)
 .bss           0x00800314        0x0 d:/courses/embedded course imt/01- imt sdk-20220703t224428z-001/new folder/01- imt sdk/imt_sdk_win_64/imt_sdk_win_64/winavr/bin/../lib/gcc/avr/4.3.3/avr5\libgcc.a(_clz.o)
 *(.bss*)
 .bss.ICU_CallBackFun
                0x00800314        0x2 ./MCAL/TIMER1/TIMER_1_Program.o
                0x00800314                ICU_CallBackFun
 .bss.EXTI_ARRCALLBACK2FUNC
                0x00800316        0x4 ./MCAL/TIMER/TIMER_Program.o
 .bss.No_of_over_flows
                0x0080031a        0x4 ./MCAL/TIMER/TIMER_Program.o
 .bss.No_of_Remaning
                0x0080031e        0x1 ./MCAL/TIMER/TIMER_Program.o
 .bss.Global_No_of_overflows
                0x0080031f        0x4 ./MCAL/TIMER/TIMER_Program.o
 .bss.EXTI_ARRCALLBACK2FUNC
                0x00800323        0x6 ./MCAL/EXTI/EXTI_Header/EXTI_Program.o
 *(COMMON)
 COMMON         0x00800329        0x0 ./HAL/CLCD/CLCD_Program.o
                0x00800329                PROVIDE (__bss_end, .)
                0x000046de                __data_load_start = LOADADDR (.data)
                0x00004992                __data_load_end = (__data_load_start + SIZEOF (.data))

.noinit         0x00800329        0x0
                0x00800329                PROVIDE (__noinit_start, .)
 *(.noinit*)
                0x00800329                PROVIDE (__noinit_end, .)
                0x00800329                _end = .
                0x00800329                PROVIDE (__heap_start, .)

.eeprom         0x00810000        0x0
 *(.eeprom*)
                0x00810000                __eeprom_end = .

.fuse
 *(.fuse)
 *(.lfuse)
 *(.hfuse)
 *(.efuse)

.lock
 *(.lock*)

.signature
 *(.signature*)

.stab           0x00000000     0x4d28
 *(.stab)
 .stab          0x00000000      0x54c ./MCAL/TIMER1/TIMER_1_Program.o
 .stab          0x0000054c      0xccc ./MCAL/TIMER/TIMER_Program.o
                                0xdb0 (size before relaxing)
 .stab          0x00001218      0x330 ./MCAL/PORT/Port_prg.o
                                0x3a8 (size before relaxing)
 .stab          0x00001548      0x144 ./MCAL/GIE/GIE_Program.o
                                0x1bc (size before relaxing)
 .stab          0x0000168c      0x534 ./MCAL/EXTI/EXTI_Header/EXTI_Program.o
                                0x768 (size before relaxing)
 .stab          0x00001bc0      0x510 ./MCAL/DIO/Dio_prg.o
                                0x588 (size before relaxing)
 .stab          0x000020d0       0xd8 ./MCAL/ADC/ADC_Program.o
                                 0xe4 (size before relaxing)
 .stab          0x000021a8      0x318 ./HAL/KPD/KEYPAD_Program.o
                                0x57c (size before relaxing)
 .stab          0x000024c0      0x288 ./HAL/DC_MOTOR/DC_MOTOR_Program.o
                                0x3a8 (size before relaxing)
 .stab          0x00002748      0xc48 ./HAL/CLCD/CLCD_Program.o
                                0xeb8 (size before relaxing)
 .stab          0x00003390      0x18c ./CONFIG/CLCD_LCFG.o
                                0x198 (size before relaxing)
 .stab          0x0000351c       0xd8 ./CONFIG/DC_MOTOR_LCONFIG.o
                                 0xe4 (size before relaxing)
 .stab          0x000035f4       0xd8 ./CONFIG/Dio_Lcfg.o
                                 0xe4 (size before relaxing)
 .stab          0x000036cc      0x174 ./CONFIG/EXTI_LCONFIG.o
                                0x1ec (size before relaxing)
 .stab          0x00003840       0xd8 ./CONFIG/GIE_LCONFIG.o
                                 0xe4 (size before relaxing)
 .stab          0x00003918       0xe4 ./CONFIG/KPD_LCFG.o
                                0x15c (size before relaxing)
 .stab          0x000039fc       0xd8 ./CONFIG/LED_LCFG.o
                                 0xe4 (size before relaxing)
 .stab          0x00003ad4      0x210 ./CONFIG/Port_Lcfg.o
                                0x21c (size before relaxing)
 .stab          0x00003ce4       0xd8 ./CONFIG/SSD_LCFG.o
                                 0xe4 (size before relaxing)
 .stab          0x00003dbc       0xd8 ./CONFIG/TIMER_1_LCONFIG.o
                                 0xe4 (size before relaxing)
 .stab          0x00003e94       0xd8 ./CONFIG/TIMER_LCFG.o
                                 0xe4 (size before relaxing)
 .stab          0x00003f6c      0xb34 ./APPLICATION/APP.o
                                0xe7c (size before relaxing)
 .stab          0x00004aa0      0x288 ./APP/main.o
                                0x300 (size before relaxing)

.stabstr        0x00000000     0x2ff2
 *(.stabstr)
 .stabstr       0x00000000     0x2ff2 ./MCAL/TIMER1/TIMER_1_Program.o

.stab.excl
 *(.stab.excl)

.stab.exclstr
 *(.stab.exclstr)

.stab.index
 *(.stab.index)

.stab.indexstr
 *(.stab.indexstr)

.comment
 *(.comment)

.debug
 *(.debug)

.line
 *(.line)

.debug_srcinfo
 *(.debug_srcinfo)

.debug_sfnames
 *(.debug_sfnames)

.debug_aranges  0x00000000      0x1c0
 *(.debug_aranges)
 .debug_aranges
                0x00000000       0x20 d:/courses/embedded course imt/01- imt sdk-20220703t224428z-001/new folder/01- imt sdk/imt_sdk_win_64/imt_sdk_win_64/winavr/bin/../lib/gcc/avr/4.3.3/avr5\libgcc.a(_fixunssfsi.o)
 .debug_aranges
                0x00000020       0x20 d:/courses/embedded course imt/01- imt sdk-20220703t224428z-001/new folder/01- imt sdk/imt_sdk_win_64/imt_sdk_win_64/winavr/bin/../lib/gcc/avr/4.3.3/avr5\libgcc.a(_addsub_sf.o)
 .debug_aranges
                0x00000040       0x20 d:/courses/embedded course imt/01- imt sdk-20220703t224428z-001/new folder/01- imt sdk/imt_sdk_win_64/imt_sdk_win_64/winavr/bin/../lib/gcc/avr/4.3.3/avr5\libgcc.a(_mul_sf.o)
 .debug_aranges
                0x00000060       0x20 d:/courses/embedded course imt/01- imt sdk-20220703t224428z-001/new folder/01- imt sdk/imt_sdk_win_64/imt_sdk_win_64/winavr/bin/../lib/gcc/avr/4.3.3/avr5\libgcc.a(_div_sf.o)
 .debug_aranges
                0x00000080       0x20 d:/courses/embedded course imt/01- imt sdk-20220703t224428z-001/new folder/01- imt sdk/imt_sdk_win_64/imt_sdk_win_64/winavr/bin/../lib/gcc/avr/4.3.3/avr5\libgcc.a(_gt_sf.o)
 .debug_aranges
                0x000000a0       0x20 d:/courses/embedded course imt/01- imt sdk-20220703t224428z-001/new folder/01- imt sdk/imt_sdk_win_64/imt_sdk_win_64/winavr/bin/../lib/gcc/avr/4.3.3/avr5\libgcc.a(_ge_sf.o)
 .debug_aranges
                0x000000c0       0x20 d:/courses/embedded course imt/01- imt sdk-20220703t224428z-001/new folder/01- imt sdk/imt_sdk_win_64/imt_sdk_win_64/winavr/bin/../lib/gcc/avr/4.3.3/avr5\libgcc.a(_lt_sf.o)
 .debug_aranges
                0x000000e0       0x20 d:/courses/embedded course imt/01- imt sdk-20220703t224428z-001/new folder/01- imt sdk/imt_sdk_win_64/imt_sdk_win_64/winavr/bin/../lib/gcc/avr/4.3.3/avr5\libgcc.a(_si_to_sf.o)
 .debug_aranges
                0x00000100       0x20 d:/courses/embedded course imt/01- imt sdk-20220703t224428z-001/new folder/01- imt sdk/imt_sdk_win_64/imt_sdk_win_64/winavr/bin/../lib/gcc/avr/4.3.3/avr5\libgcc.a(_sf_to_si.o)
 .debug_aranges
                0x00000120       0x20 d:/courses/embedded course imt/01- imt sdk-20220703t224428z-001/new folder/01- imt sdk/imt_sdk_win_64/imt_sdk_win_64/winavr/bin/../lib/gcc/avr/4.3.3/avr5\libgcc.a(_usi_to_sf.o)
 .debug_aranges
                0x00000140       0x20 d:/courses/embedded course imt/01- imt sdk-20220703t224428z-001/new folder/01- imt sdk/imt_sdk_win_64/imt_sdk_win_64/winavr/bin/../lib/gcc/avr/4.3.3/avr5\libgcc.a(_clzsi2.o)
 .debug_aranges
                0x00000160       0x20 d:/courses/embedded course imt/01- imt sdk-20220703t224428z-001/new folder/01- imt sdk/imt_sdk_win_64/imt_sdk_win_64/winavr/bin/../lib/gcc/avr/4.3.3/avr5\libgcc.a(_pack_sf.o)
 .debug_aranges
                0x00000180       0x20 d:/courses/embedded course imt/01- imt sdk-20220703t224428z-001/new folder/01- imt sdk/imt_sdk_win_64/imt_sdk_win_64/winavr/bin/../lib/gcc/avr/4.3.3/avr5\libgcc.a(_unpack_sf.o)
 .debug_aranges
                0x000001a0       0x20 d:/courses/embedded course imt/01- imt sdk-20220703t224428z-001/new folder/01- imt sdk/imt_sdk_win_64/imt_sdk_win_64/winavr/bin/../lib/gcc/avr/4.3.3/avr5\libgcc.a(_fpcmp_parts_sf.o)

.debug_pubnames
                0x00000000      0x214
 *(.debug_pubnames)
 .debug_pubnames
                0x00000000       0x23 d:/courses/embedded course imt/01- imt sdk-20220703t224428z-001/new folder/01- imt sdk/imt_sdk_win_64/imt_sdk_win_64/winavr/bin/../lib/gcc/avr/4.3.3/avr5\libgcc.a(_fixunssfsi.o)
 .debug_pubnames
                0x00000023       0x2c d:/courses/embedded course imt/01- imt sdk-20220703t224428z-001/new folder/01- imt sdk/imt_sdk_win_64/imt_sdk_win_64/winavr/bin/../lib/gcc/avr/4.3.3/avr5\libgcc.a(_addsub_sf.o)
 .debug_pubnames
                0x0000004f       0x1f d:/courses/embedded course imt/01- imt sdk-20220703t224428z-001/new folder/01- imt sdk/imt_sdk_win_64/imt_sdk_win_64/winavr/bin/../lib/gcc/avr/4.3.3/avr5\libgcc.a(_mul_sf.o)
 .debug_pubnames
                0x0000006e       0x1f d:/courses/embedded course imt/01- imt sdk-20220703t224428z-001/new folder/01- imt sdk/imt_sdk_win_64/imt_sdk_win_64/winavr/bin/../lib/gcc/avr/4.3.3/avr5\libgcc.a(_div_sf.o)
 .debug_pubnames
                0x0000008d       0x1e d:/courses/embedded course imt/01- imt sdk-20220703t224428z-001/new folder/01- imt sdk/imt_sdk_win_64/imt_sdk_win_64/winavr/bin/../lib/gcc/avr/4.3.3/avr5\libgcc.a(_gt_sf.o)
 .debug_pubnames
                0x000000ab       0x1e d:/courses/embedded course imt/01- imt sdk-20220703t224428z-001/new folder/01- imt sdk/imt_sdk_win_64/imt_sdk_win_64/winavr/bin/../lib/gcc/avr/4.3.3/avr5\libgcc.a(_ge_sf.o)
 .debug_pubnames
                0x000000c9       0x1e d:/courses/embedded course imt/01- imt sdk-20220703t224428z-001/new folder/01- imt sdk/imt_sdk_win_64/imt_sdk_win_64/winavr/bin/../lib/gcc/avr/4.3.3/avr5\libgcc.a(_lt_sf.o)
 .debug_pubnames
                0x000000e7       0x22 d:/courses/embedded course imt/01- imt sdk-20220703t224428z-001/new folder/01- imt sdk/imt_sdk_win_64/imt_sdk_win_64/winavr/bin/../lib/gcc/avr/4.3.3/avr5\libgcc.a(_si_to_sf.o)
 .debug_pubnames
                0x00000109       0x20 d:/courses/embedded course imt/01- imt sdk-20220703t224428z-001/new folder/01- imt sdk/imt_sdk_win_64/imt_sdk_win_64/winavr/bin/../lib/gcc/avr/4.3.3/avr5\libgcc.a(_sf_to_si.o)
 .debug_pubnames
                0x00000129       0x22 d:/courses/embedded course imt/01- imt sdk-20220703t224428z-001/new folder/01- imt sdk/imt_sdk_win_64/imt_sdk_win_64/winavr/bin/../lib/gcc/avr/4.3.3/avr5\libgcc.a(_thenan_sf.o)
 .debug_pubnames
                0x0000014b       0x24 d:/courses/embedded course imt/01- imt sdk-20220703t224428z-001/new folder/01- imt sdk/imt_sdk_win_64/imt_sdk_win_64/winavr/bin/../lib/gcc/avr/4.3.3/avr5\libgcc.a(_usi_to_sf.o)
 .debug_pubnames
                0x0000016f       0x1f d:/courses/embedded course imt/01- imt sdk-20220703t224428z-001/new folder/01- imt sdk/imt_sdk_win_64/imt_sdk_win_64/winavr/bin/../lib/gcc/avr/4.3.3/avr5\libgcc.a(_clzsi2.o)
 .debug_pubnames
                0x0000018e       0x1f d:/courses/embedded course imt/01- imt sdk-20220703t224428z-001/new folder/01- imt sdk/imt_sdk_win_64/imt_sdk_win_64/winavr/bin/../lib/gcc/avr/4.3.3/avr5\libgcc.a(_pack_sf.o)
 .debug_pubnames
                0x000001ad       0x21 d:/courses/embedded course imt/01- imt sdk-20220703t224428z-001/new folder/01- imt sdk/imt_sdk_win_64/imt_sdk_win_64/winavr/bin/../lib/gcc/avr/4.3.3/avr5\libgcc.a(_unpack_sf.o)
 .debug_pubnames
                0x000001ce       0x26 d:/courses/embedded course imt/01- imt sdk-20220703t224428z-001/new folder/01- imt sdk/imt_sdk_win_64/imt_sdk_win_64/winavr/bin/../lib/gcc/avr/4.3.3/avr5\libgcc.a(_fpcmp_parts_sf.o)
 .debug_pubnames
                0x000001f4       0x20 d:/courses/embedded course imt/01- imt sdk-20220703t224428z-001/new folder/01- imt sdk/imt_sdk_win_64/imt_sdk_win_64/winavr/bin/../lib/gcc/avr/4.3.3/avr5\libgcc.a(_clz.o)

.debug_info     0x00000000     0x2612
 *(.debug_info)
 .debug_info    0x00000000       0xb1 d:/courses/embedded course imt/01- imt sdk-20220703t224428z-001/new folder/01- imt sdk/imt_sdk_win_64/imt_sdk_win_64/winavr/bin/../lib/gcc/avr/4.3.3/avr5\libgcc.a(_fixunssfsi.o)
 .debug_info    0x000000b1      0x47a d:/courses/embedded course imt/01- imt sdk-20220703t224428z-001/new folder/01- imt sdk/imt_sdk_win_64/imt_sdk_win_64/winavr/bin/../lib/gcc/avr/4.3.3/avr5\libgcc.a(_addsub_sf.o)
 .debug_info    0x0000052b      0x485 d:/courses/embedded course imt/01- imt sdk-20220703t224428z-001/new folder/01- imt sdk/imt_sdk_win_64/imt_sdk_win_64/winavr/bin/../lib/gcc/avr/4.3.3/avr5\libgcc.a(_mul_sf.o)
 .debug_info    0x000009b0      0x3fc d:/courses/embedded course imt/01- imt sdk-20220703t224428z-001/new folder/01- imt sdk/imt_sdk_win_64/imt_sdk_win_64/winavr/bin/../lib/gcc/avr/4.3.3/avr5\libgcc.a(_div_sf.o)
 .debug_info    0x00000dac      0x27f d:/courses/embedded course imt/01- imt sdk-20220703t224428z-001/new folder/01- imt sdk/imt_sdk_win_64/imt_sdk_win_64/winavr/bin/../lib/gcc/avr/4.3.3/avr5\libgcc.a(_gt_sf.o)
 .debug_info    0x0000102b      0x27f d:/courses/embedded course imt/01- imt sdk-20220703t224428z-001/new folder/01- imt sdk/imt_sdk_win_64/imt_sdk_win_64/winavr/bin/../lib/gcc/avr/4.3.3/avr5\libgcc.a(_ge_sf.o)
 .debug_info    0x000012aa      0x27f d:/courses/embedded course imt/01- imt sdk-20220703t224428z-001/new folder/01- imt sdk/imt_sdk_win_64/imt_sdk_win_64/winavr/bin/../lib/gcc/avr/4.3.3/avr5\libgcc.a(_lt_sf.o)
 .debug_info    0x00001529      0x207 d:/courses/embedded course imt/01- imt sdk-20220703t224428z-001/new folder/01- imt sdk/imt_sdk_win_64/imt_sdk_win_64/winavr/bin/../lib/gcc/avr/4.3.3/avr5\libgcc.a(_si_to_sf.o)
 .debug_info    0x00001730      0x2b0 d:/courses/embedded course imt/01- imt sdk-20220703t224428z-001/new folder/01- imt sdk/imt_sdk_win_64/imt_sdk_win_64/winavr/bin/../lib/gcc/avr/4.3.3/avr5\libgcc.a(_sf_to_si.o)
 .debug_info    0x000019e0      0x12c d:/courses/embedded course imt/01- imt sdk-20220703t224428z-001/new folder/01- imt sdk/imt_sdk_win_64/imt_sdk_win_64/winavr/bin/../lib/gcc/avr/4.3.3/avr5\libgcc.a(_thenan_sf.o)
 .debug_info    0x00001b0c      0x206 d:/courses/embedded course imt/01- imt sdk-20220703t224428z-001/new folder/01- imt sdk/imt_sdk_win_64/imt_sdk_win_64/winavr/bin/../lib/gcc/avr/4.3.3/avr5\libgcc.a(_usi_to_sf.o)
 .debug_info    0x00001d12      0x117 d:/courses/embedded course imt/01- imt sdk-20220703t224428z-001/new folder/01- imt sdk/imt_sdk_win_64/imt_sdk_win_64/winavr/bin/../lib/gcc/avr/4.3.3/avr5\libgcc.a(_clzsi2.o)
 .debug_info    0x00001e29      0x2df d:/courses/embedded course imt/01- imt sdk-20220703t224428z-001/new folder/01- imt sdk/imt_sdk_win_64/imt_sdk_win_64/winavr/bin/../lib/gcc/avr/4.3.3/avr5\libgcc.a(_pack_sf.o)
 .debug_info    0x00002108      0x251 d:/courses/embedded course imt/01- imt sdk-20220703t224428z-001/new folder/01- imt sdk/imt_sdk_win_64/imt_sdk_win_64/winavr/bin/../lib/gcc/avr/4.3.3/avr5\libgcc.a(_unpack_sf.o)
 .debug_info    0x00002359      0x210 d:/courses/embedded course imt/01- imt sdk-20220703t224428z-001/new folder/01- imt sdk/imt_sdk_win_64/imt_sdk_win_64/winavr/bin/../lib/gcc/avr/4.3.3/avr5\libgcc.a(_fpcmp_parts_sf.o)
 .debug_info    0x00002569       0xa9 d:/courses/embedded course imt/01- imt sdk-20220703t224428z-001/new folder/01- imt sdk/imt_sdk_win_64/imt_sdk_win_64/winavr/bin/../lib/gcc/avr/4.3.3/avr5\libgcc.a(_clz.o)
 *(.gnu.linkonce.wi.*)

.debug_abbrev   0x00000000     0x14ce
 *(.debug_abbrev)
 .debug_abbrev  0x00000000       0x5d d:/courses/embedded course imt/01- imt sdk-20220703t224428z-001/new folder/01- imt sdk/imt_sdk_win_64/imt_sdk_win_64/winavr/bin/../lib/gcc/avr/4.3.3/avr5\libgcc.a(_fixunssfsi.o)
 .debug_abbrev  0x0000005d      0x1ea d:/courses/embedded course imt/01- imt sdk-20220703t224428z-001/new folder/01- imt sdk/imt_sdk_win_64/imt_sdk_win_64/winavr/bin/../lib/gcc/avr/4.3.3/avr5\libgcc.a(_addsub_sf.o)
 .debug_abbrev  0x00000247      0x21b d:/courses/embedded course imt/01- imt sdk-20220703t224428z-001/new folder/01- imt sdk/imt_sdk_win_64/imt_sdk_win_64/winavr/bin/../lib/gcc/avr/4.3.3/avr5\libgcc.a(_mul_sf.o)
 .debug_abbrev  0x00000462      0x216 d:/courses/embedded course imt/01- imt sdk-20220703t224428z-001/new folder/01- imt sdk/imt_sdk_win_64/imt_sdk_win_64/winavr/bin/../lib/gcc/avr/4.3.3/avr5\libgcc.a(_div_sf.o)
 .debug_abbrev  0x00000678      0x15a d:/courses/embedded course imt/01- imt sdk-20220703t224428z-001/new folder/01- imt sdk/imt_sdk_win_64/imt_sdk_win_64/winavr/bin/../lib/gcc/avr/4.3.3/avr5\libgcc.a(_gt_sf.o)
 .debug_abbrev  0x000007d2      0x15a d:/courses/embedded course imt/01- imt sdk-20220703t224428z-001/new folder/01- imt sdk/imt_sdk_win_64/imt_sdk_win_64/winavr/bin/../lib/gcc/avr/4.3.3/avr5\libgcc.a(_ge_sf.o)
 .debug_abbrev  0x0000092c      0x15a d:/courses/embedded course imt/01- imt sdk-20220703t224428z-001/new folder/01- imt sdk/imt_sdk_win_64/imt_sdk_win_64/winavr/bin/../lib/gcc/avr/4.3.3/avr5\libgcc.a(_lt_sf.o)
 .debug_abbrev  0x00000a86      0x148 d:/courses/embedded course imt/01- imt sdk-20220703t224428z-001/new folder/01- imt sdk/imt_sdk_win_64/imt_sdk_win_64/winavr/bin/../lib/gcc/avr/4.3.3/avr5\libgcc.a(_si_to_sf.o)
 .debug_abbrev  0x00000bce      0x17f d:/courses/embedded course imt/01- imt sdk-20220703t224428z-001/new folder/01- imt sdk/imt_sdk_win_64/imt_sdk_win_64/winavr/bin/../lib/gcc/avr/4.3.3/avr5\libgcc.a(_sf_to_si.o)
 .debug_abbrev  0x00000d4d       0xad d:/courses/embedded course imt/01- imt sdk-20220703t224428z-001/new folder/01- imt sdk/imt_sdk_win_64/imt_sdk_win_64/winavr/bin/../lib/gcc/avr/4.3.3/avr5\libgcc.a(_thenan_sf.o)
 .debug_abbrev  0x00000dfa      0x157 d:/courses/embedded course imt/01- imt sdk-20220703t224428z-001/new folder/01- imt sdk/imt_sdk_win_64/imt_sdk_win_64/winavr/bin/../lib/gcc/avr/4.3.3/avr5\libgcc.a(_usi_to_sf.o)
 .debug_abbrev  0x00000f51       0xc4 d:/courses/embedded course imt/01- imt sdk-20220703t224428z-001/new folder/01- imt sdk/imt_sdk_win_64/imt_sdk_win_64/winavr/bin/../lib/gcc/avr/4.3.3/avr5\libgcc.a(_clzsi2.o)
 .debug_abbrev  0x00001015      0x1c0 d:/courses/embedded course imt/01- imt sdk-20220703t224428z-001/new folder/01- imt sdk/imt_sdk_win_64/imt_sdk_win_64/winavr/bin/../lib/gcc/avr/4.3.3/avr5\libgcc.a(_pack_sf.o)
 .debug_abbrev  0x000011d5      0x154 d:/courses/embedded course imt/01- imt sdk-20220703t224428z-001/new folder/01- imt sdk/imt_sdk_win_64/imt_sdk_win_64/winavr/bin/../lib/gcc/avr/4.3.3/avr5\libgcc.a(_unpack_sf.o)
 .debug_abbrev  0x00001329      0x13b d:/courses/embedded course imt/01- imt sdk-20220703t224428z-001/new folder/01- imt sdk/imt_sdk_win_64/imt_sdk_win_64/winavr/bin/../lib/gcc/avr/4.3.3/avr5\libgcc.a(_fpcmp_parts_sf.o)
 .debug_abbrev  0x00001464       0x6a d:/courses/embedded course imt/01- imt sdk-20220703t224428z-001/new folder/01- imt sdk/imt_sdk_win_64/imt_sdk_win_64/winavr/bin/../lib/gcc/avr/4.3.3/avr5\libgcc.a(_clz.o)

.debug_line     0x00000000     0x130b
 *(.debug_line)
 .debug_line    0x00000000       0xa7 d:/courses/embedded course imt/01- imt sdk-20220703t224428z-001/new folder/01- imt sdk/imt_sdk_win_64/imt_sdk_win_64/winavr/bin/../lib/gcc/avr/4.3.3/avr5\libgcc.a(_fixunssfsi.o)
 .debug_line    0x000000a7      0x2af d:/courses/embedded course imt/01- imt sdk-20220703t224428z-001/new folder/01- imt sdk/imt_sdk_win_64/imt_sdk_win_64/winavr/bin/../lib/gcc/avr/4.3.3/avr5\libgcc.a(_addsub_sf.o)
 .debug_line    0x00000356      0x239 d:/courses/embedded course imt/01- imt sdk-20220703t224428z-001/new folder/01- imt sdk/imt_sdk_win_64/imt_sdk_win_64/winavr/bin/../lib/gcc/avr/4.3.3/avr5\libgcc.a(_mul_sf.o)
 .debug_line    0x0000058f      0x1d5 d:/courses/embedded course imt/01- imt sdk-20220703t224428z-001/new folder/01- imt sdk/imt_sdk_win_64/imt_sdk_win_64/winavr/bin/../lib/gcc/avr/4.3.3/avr5\libgcc.a(_div_sf.o)
 .debug_line    0x00000764       0xd3 d:/courses/embedded course imt/01- imt sdk-20220703t224428z-001/new folder/01- imt sdk/imt_sdk_win_64/imt_sdk_win_64/winavr/bin/../lib/gcc/avr/4.3.3/avr5\libgcc.a(_gt_sf.o)
 .debug_line    0x00000837       0xd3 d:/courses/embedded course imt/01- imt sdk-20220703t224428z-001/new folder/01- imt sdk/imt_sdk_win_64/imt_sdk_win_64/winavr/bin/../lib/gcc/avr/4.3.3/avr5\libgcc.a(_ge_sf.o)
 .debug_line    0x0000090a       0xd3 d:/courses/embedded course imt/01- imt sdk-20220703t224428z-001/new folder/01- imt sdk/imt_sdk_win_64/imt_sdk_win_64/winavr/bin/../lib/gcc/avr/4.3.3/avr5\libgcc.a(_lt_sf.o)
 .debug_line    0x000009dd      0x135 d:/courses/embedded course imt/01- imt sdk-20220703t224428z-001/new folder/01- imt sdk/imt_sdk_win_64/imt_sdk_win_64/winavr/bin/../lib/gcc/avr/4.3.3/avr5\libgcc.a(_si_to_sf.o)
 .debug_line    0x00000b12      0x109 d:/courses/embedded course imt/01- imt sdk-20220703t224428z-001/new folder/01- imt sdk/imt_sdk_win_64/imt_sdk_win_64/winavr/bin/../lib/gcc/avr/4.3.3/avr5\libgcc.a(_sf_to_si.o)
 .debug_line    0x00000c1b       0x90 d:/courses/embedded course imt/01- imt sdk-20220703t224428z-001/new folder/01- imt sdk/imt_sdk_win_64/imt_sdk_win_64/winavr/bin/../lib/gcc/avr/4.3.3/avr5\libgcc.a(_thenan_sf.o)
 .debug_line    0x00000cab      0x133 d:/courses/embedded course imt/01- imt sdk-20220703t224428z-001/new folder/01- imt sdk/imt_sdk_win_64/imt_sdk_win_64/winavr/bin/../lib/gcc/avr/4.3.3/avr5\libgcc.a(_usi_to_sf.o)
 .debug_line    0x00000dde       0xa5 d:/courses/embedded course imt/01- imt sdk-20220703t224428z-001/new folder/01- imt sdk/imt_sdk_win_64/imt_sdk_win_64/winavr/bin/../lib/gcc/avr/4.3.3/avr5\libgcc.a(_clzsi2.o)
 .debug_line    0x00000e83      0x18a d:/courses/embedded course imt/01- imt sdk-20220703t224428z-001/new folder/01- imt sdk/imt_sdk_win_64/imt_sdk_win_64/winavr/bin/../lib/gcc/avr/4.3.3/avr5\libgcc.a(_pack_sf.o)
 .debug_line    0x0000100d      0x14b d:/courses/embedded course imt/01- imt sdk-20220703t224428z-001/new folder/01- imt sdk/imt_sdk_win_64/imt_sdk_win_64/winavr/bin/../lib/gcc/avr/4.3.3/avr5\libgcc.a(_unpack_sf.o)
 .debug_line    0x00001158      0x137 d:/courses/embedded course imt/01- imt sdk-20220703t224428z-001/new folder/01- imt sdk/imt_sdk_win_64/imt_sdk_win_64/winavr/bin/../lib/gcc/avr/4.3.3/avr5\libgcc.a(_fpcmp_parts_sf.o)
 .debug_line    0x0000128f       0x7c d:/courses/embedded course imt/01- imt sdk-20220703t224428z-001/new folder/01- imt sdk/imt_sdk_win_64/imt_sdk_win_64/winavr/bin/../lib/gcc/avr/4.3.3/avr5\libgcc.a(_clz.o)

.debug_frame    0x00000000      0x1e0
 *(.debug_frame)
 .debug_frame   0x00000000       0x20 d:/courses/embedded course imt/01- imt sdk-20220703t224428z-001/new folder/01- imt sdk/imt_sdk_win_64/imt_sdk_win_64/winavr/bin/../lib/gcc/avr/4.3.3/avr5\libgcc.a(_fixunssfsi.o)
 .debug_frame   0x00000020       0x40 d:/courses/embedded course imt/01- imt sdk-20220703t224428z-001/new folder/01- imt sdk/imt_sdk_win_64/imt_sdk_win_64/winavr/bin/../lib/gcc/avr/4.3.3/avr5\libgcc.a(_addsub_sf.o)
 .debug_frame   0x00000060       0x20 d:/courses/embedded course imt/01- imt sdk-20220703t224428z-001/new folder/01- imt sdk/imt_sdk_win_64/imt_sdk_win_64/winavr/bin/../lib/gcc/avr/4.3.3/avr5\libgcc.a(_mul_sf.o)
 .debug_frame   0x00000080       0x20 d:/courses/embedded course imt/01- imt sdk-20220703t224428z-001/new folder/01- imt sdk/imt_sdk_win_64/imt_sdk_win_64/winavr/bin/../lib/gcc/avr/4.3.3/avr5\libgcc.a(_div_sf.o)
 .debug_frame   0x000000a0       0x20 d:/courses/embedded course imt/01- imt sdk-20220703t224428z-001/new folder/01- imt sdk/imt_sdk_win_64/imt_sdk_win_64/winavr/bin/../lib/gcc/avr/4.3.3/avr5\libgcc.a(_gt_sf.o)
 .debug_frame   0x000000c0       0x20 d:/courses/embedded course imt/01- imt sdk-20220703t224428z-001/new folder/01- imt sdk/imt_sdk_win_64/imt_sdk_win_64/winavr/bin/../lib/gcc/avr/4.3.3/avr5\libgcc.a(_ge_sf.o)
 .debug_frame   0x000000e0       0x20 d:/courses/embedded course imt/01- imt sdk-20220703t224428z-001/new folder/01- imt sdk/imt_sdk_win_64/imt_sdk_win_64/winavr/bin/../lib/gcc/avr/4.3.3/avr5\libgcc.a(_lt_sf.o)
 .debug_frame   0x00000100       0x20 d:/courses/embedded course imt/01- imt sdk-20220703t224428z-001/new folder/01- imt sdk/imt_sdk_win_64/imt_sdk_win_64/winavr/bin/../lib/gcc/avr/4.3.3/avr5\libgcc.a(_si_to_sf.o)
 .debug_frame   0x00000120       0x20 d:/courses/embedded course imt/01- imt sdk-20220703t224428z-001/new folder/01- imt sdk/imt_sdk_win_64/imt_sdk_win_64/winavr/bin/../lib/gcc/avr/4.3.3/avr5\libgcc.a(_sf_to_si.o)
 .debug_frame   0x00000140       0x20 d:/courses/embedded course imt/01- imt sdk-20220703t224428z-001/new folder/01- imt sdk/imt_sdk_win_64/imt_sdk_win_64/winavr/bin/../lib/gcc/avr/4.3.3/avr5\libgcc.a(_usi_to_sf.o)
 .debug_frame   0x00000160       0x20 d:/courses/embedded course imt/01- imt sdk-20220703t224428z-001/new folder/01- imt sdk/imt_sdk_win_64/imt_sdk_win_64/winavr/bin/../lib/gcc/avr/4.3.3/avr5\libgcc.a(_clzsi2.o)
 .debug_frame   0x00000180       0x20 d:/courses/embedded course imt/01- imt sdk-20220703t224428z-001/new folder/01- imt sdk/imt_sdk_win_64/imt_sdk_win_64/winavr/bin/../lib/gcc/avr/4.3.3/avr5\libgcc.a(_pack_sf.o)
 .debug_frame   0x000001a0       0x20 d:/courses/embedded course imt/01- imt sdk-20220703t224428z-001/new folder/01- imt sdk/imt_sdk_win_64/imt_sdk_win_64/winavr/bin/../lib/gcc/avr/4.3.3/avr5\libgcc.a(_unpack_sf.o)
 .debug_frame   0x000001c0       0x20 d:/courses/embedded course imt/01- imt sdk-20220703t224428z-001/new folder/01- imt sdk/imt_sdk_win_64/imt_sdk_win_64/winavr/bin/../lib/gcc/avr/4.3.3/avr5\libgcc.a(_fpcmp_parts_sf.o)

.debug_str      0x00000000      0x307
 *(.debug_str)
 .debug_str     0x00000000       0xbf d:/courses/embedded course imt/01- imt sdk-20220703t224428z-001/new folder/01- imt sdk/imt_sdk_win_64/imt_sdk_win_64/winavr/bin/../lib/gcc/avr/4.3.3/avr5\libgcc.a(_fixunssfsi.o)
                                 0xfe (size before relaxing)
 .debug_str     0x000000bf      0x14d d:/courses/embedded course imt/01- imt sdk-20220703t224428z-001/new folder/01- imt sdk/imt_sdk_win_64/imt_sdk_win_64/winavr/bin/../lib/gcc/avr/4.3.3/avr5\libgcc.a(_addsub_sf.o)
                                0x206 (size before relaxing)
 .debug_str     0x0000020c       0x27 d:/courses/embedded course imt/01- imt sdk-20220703t224428z-001/new folder/01- imt sdk/imt_sdk_win_64/imt_sdk_win_64/winavr/bin/../lib/gcc/avr/4.3.3/avr5\libgcc.a(_mul_sf.o)
                                0x1bf (size before relaxing)
 .debug_str     0x00000233       0x35 d:/courses/embedded course imt/01- imt sdk-20220703t224428z-001/new folder/01- imt sdk/imt_sdk_win_64/imt_sdk_win_64/winavr/bin/../lib/gcc/avr/4.3.3/avr5\libgcc.a(_div_sf.o)
                                0x1c8 (size before relaxing)
 .debug_str     0x00000268        0x8 d:/courses/embedded course imt/01- imt sdk-20220703t224428z-001/new folder/01- imt sdk/imt_sdk_win_64/imt_sdk_win_64/winavr/bin/../lib/gcc/avr/4.3.3/avr5\libgcc.a(_gt_sf.o)
                                0x195 (size before relaxing)
 .debug_str     0x00000270        0x8 d:/courses/embedded course imt/01- imt sdk-20220703t224428z-001/new folder/01- imt sdk/imt_sdk_win_64/imt_sdk_win_64/winavr/bin/../lib/gcc/avr/4.3.3/avr5\libgcc.a(_ge_sf.o)
                                0x195 (size before relaxing)
 .debug_str     0x00000278        0x8 d:/courses/embedded course imt/01- imt sdk-20220703t224428z-001/new folder/01- imt sdk/imt_sdk_win_64/imt_sdk_win_64/winavr/bin/../lib/gcc/avr/4.3.3/avr5\libgcc.a(_lt_sf.o)
                                0x195 (size before relaxing)
 .debug_str     0x00000280       0x1e d:/courses/embedded course imt/01- imt sdk-20220703t224428z-001/new folder/01- imt sdk/imt_sdk_win_64/imt_sdk_win_64/winavr/bin/../lib/gcc/avr/4.3.3/avr5\libgcc.a(_si_to_sf.o)
                                0x17b (size before relaxing)
 .debug_str     0x0000029e        0xa d:/courses/embedded course imt/01- imt sdk-20220703t224428z-001/new folder/01- imt sdk/imt_sdk_win_64/imt_sdk_win_64/winavr/bin/../lib/gcc/avr/4.3.3/avr5\libgcc.a(_sf_to_si.o)
                                0x19e (size before relaxing)
 .debug_str     0x00000000      0x103 d:/courses/embedded course imt/01- imt sdk-20220703t224428z-001/new folder/01- imt sdk/imt_sdk_win_64/imt_sdk_win_64/winavr/bin/../lib/gcc/avr/4.3.3/avr5\libgcc.a(_thenan_sf.o)
 .debug_str     0x000002a8       0x14 d:/courses/embedded course imt/01- imt sdk-20220703t224428z-001/new folder/01- imt sdk/imt_sdk_win_64/imt_sdk_win_64/winavr/bin/../lib/gcc/avr/4.3.3/avr5\libgcc.a(_usi_to_sf.o)
                                0x177 (size before relaxing)
 .debug_str     0x000002bc       0x20 d:/courses/embedded course imt/01- imt sdk-20220703t224428z-001/new folder/01- imt sdk/imt_sdk_win_64/imt_sdk_win_64/winavr/bin/../lib/gcc/avr/4.3.3/avr5\libgcc.a(_clzsi2.o)
                                0x111 (size before relaxing)
 .debug_str     0x000002dc       0x10 d:/courses/embedded course imt/01- imt sdk-20220703t224428z-001/new folder/01- imt sdk/imt_sdk_win_64/imt_sdk_win_64/winavr/bin/../lib/gcc/avr/4.3.3/avr5\libgcc.a(_pack_sf.o)
                                0x19d (size before relaxing)
 .debug_str     0x000002ec        0xb d:/courses/embedded course imt/01- imt sdk-20220703t224428z-001/new folder/01- imt sdk/imt_sdk_win_64/imt_sdk_win_64/winavr/bin/../lib/gcc/avr/4.3.3/avr5\libgcc.a(_unpack_sf.o)
                                0x17f (size before relaxing)
 .debug_str     0x000002f7       0x10 d:/courses/embedded course imt/01- imt sdk-20220703t224428z-001/new folder/01- imt sdk/imt_sdk_win_64/imt_sdk_win_64/winavr/bin/../lib/gcc/avr/4.3.3/avr5\libgcc.a(_fpcmp_parts_sf.o)
                                0x163 (size before relaxing)
 .debug_str     0x00000000       0xf4 d:/courses/embedded course imt/01- imt sdk-20220703t224428z-001/new folder/01- imt sdk/imt_sdk_win_64/imt_sdk_win_64/winavr/bin/../lib/gcc/avr/4.3.3/avr5\libgcc.a(_clz.o)

.debug_loc      0x00000000      0xa1a
 *(.debug_loc)
 .debug_loc     0x00000000       0x34 d:/courses/embedded course imt/01- imt sdk-20220703t224428z-001/new folder/01- imt sdk/imt_sdk_win_64/imt_sdk_win_64/winavr/bin/../lib/gcc/avr/4.3.3/avr5\libgcc.a(_fixunssfsi.o)
 .debug_loc     0x00000034      0x32a d:/courses/embedded course imt/01- imt sdk-20220703t224428z-001/new folder/01- imt sdk/imt_sdk_win_64/imt_sdk_win_64/winavr/bin/../lib/gcc/avr/4.3.3/avr5\libgcc.a(_addsub_sf.o)
 .debug_loc     0x0000035e      0x104 d:/courses/embedded course imt/01- imt sdk-20220703t224428z-001/new folder/01- imt sdk/imt_sdk_win_64/imt_sdk_win_64/winavr/bin/../lib/gcc/avr/4.3.3/avr5\libgcc.a(_mul_sf.o)
 .debug_loc     0x00000462       0xc0 d:/courses/embedded course imt/01- imt sdk-20220703t224428z-001/new folder/01- imt sdk/imt_sdk_win_64/imt_sdk_win_64/winavr/bin/../lib/gcc/avr/4.3.3/avr5\libgcc.a(_div_sf.o)
 .debug_loc     0x00000522       0x3c d:/courses/embedded course imt/01- imt sdk-20220703t224428z-001/new folder/01- imt sdk/imt_sdk_win_64/imt_sdk_win_64/winavr/bin/../lib/gcc/avr/4.3.3/avr5\libgcc.a(_gt_sf.o)
 .debug_loc     0x0000055e       0x3c d:/courses/embedded course imt/01- imt sdk-20220703t224428z-001/new folder/01- imt sdk/imt_sdk_win_64/imt_sdk_win_64/winavr/bin/../lib/gcc/avr/4.3.3/avr5\libgcc.a(_ge_sf.o)
 .debug_loc     0x0000059a       0x3c d:/courses/embedded course imt/01- imt sdk-20220703t224428z-001/new folder/01- imt sdk/imt_sdk_win_64/imt_sdk_win_64/winavr/bin/../lib/gcc/avr/4.3.3/avr5\libgcc.a(_lt_sf.o)
 .debug_loc     0x000005d6       0xac d:/courses/embedded course imt/01- imt sdk-20220703t224428z-001/new folder/01- imt sdk/imt_sdk_win_64/imt_sdk_win_64/winavr/bin/../lib/gcc/avr/4.3.3/avr5\libgcc.a(_si_to_sf.o)
 .debug_loc     0x00000682       0x7e d:/courses/embedded course imt/01- imt sdk-20220703t224428z-001/new folder/01- imt sdk/imt_sdk_win_64/imt_sdk_win_64/winavr/bin/../lib/gcc/avr/4.3.3/avr5\libgcc.a(_sf_to_si.o)
 .debug_loc     0x00000700       0x4c d:/courses/embedded course imt/01- imt sdk-20220703t224428z-001/new folder/01- imt sdk/imt_sdk_win_64/imt_sdk_win_64/winavr/bin/../lib/gcc/avr/4.3.3/avr5\libgcc.a(_usi_to_sf.o)
 .debug_loc     0x0000074c       0x94 d:/courses/embedded course imt/01- imt sdk-20220703t224428z-001/new folder/01- imt sdk/imt_sdk_win_64/imt_sdk_win_64/winavr/bin/../lib/gcc/avr/4.3.3/avr5\libgcc.a(_clzsi2.o)
 .debug_loc     0x000007e0      0x13e d:/courses/embedded course imt/01- imt sdk-20220703t224428z-001/new folder/01- imt sdk/imt_sdk_win_64/imt_sdk_win_64/winavr/bin/../lib/gcc/avr/4.3.3/avr5\libgcc.a(_pack_sf.o)
 .debug_loc     0x0000091e       0xac d:/courses/embedded course imt/01- imt sdk-20220703t224428z-001/new folder/01- imt sdk/imt_sdk_win_64/imt_sdk_win_64/winavr/bin/../lib/gcc/avr/4.3.3/avr5\libgcc.a(_unpack_sf.o)
 .debug_loc     0x000009ca       0x50 d:/courses/embedded course imt/01- imt sdk-20220703t224428z-001/new folder/01- imt sdk/imt_sdk_win_64/imt_sdk_win_64/winavr/bin/../lib/gcc/avr/4.3.3/avr5\libgcc.a(_fpcmp_parts_sf.o)

.debug_macinfo
 *(.debug_macinfo)
OUTPUT(DC_Motor_Control.elf elf32-avr)
LOAD linker stubs

.debug_ranges   0x00000000       0x50
 .debug_ranges  0x00000000       0x50 d:/courses/embedded course imt/01- imt sdk-20220703t224428z-001/new folder/01- imt sdk/imt_sdk_win_64/imt_sdk_win_64/winavr/bin/../lib/gcc/avr/4.3.3/avr5\libgcc.a(_mul_sf.o)
