Archive member included because of file (symbol)

d:/courses/embedded course imt/01- imt sdk-20220703t224428z-001/new folder/01- imt sdk/imt_sdk_win_64/imt_sdk_win_64/winavr/bin/../lib/gcc/avr/4.3.3/avr5\libgcc.a(_udivmodqi4.o)
                              ./MCAL/PORT/Port_prg.o (__udivmodqi4)
d:/courses/embedded course imt/01- imt sdk-20220703t224428z-001/new folder/01- imt sdk/imt_sdk_win_64/imt_sdk_win_64/winavr/bin/../lib/gcc/avr/4.3.3/avr5\libgcc.a(_udivmodhi4.o)
                              ./HAL/LM_35_Sensor/LM35_Program.o (__udivmodhi4)
d:/courses/embedded course imt/01- imt sdk-20220703t224428z-001/new folder/01- imt sdk/imt_sdk_win_64/imt_sdk_win_64/winavr/bin/../lib/gcc/avr/4.3.3/avr5\libgcc.a(_udivmodsi4.o)
                              ./MCAL/TIMER/TIMER_Program.o (__udivmodsi4)
d:/courses/embedded course imt/01- imt sdk-20220703t224428z-001/new folder/01- imt sdk/imt_sdk_win_64/imt_sdk_win_64/winavr/bin/../lib/gcc/avr/4.3.3/avr5\libgcc.a(_divmodsi4.o)
                              ./HAL/CLCD/CLCD_Program.o (__divmodsi4)
d:/courses/embedded course imt/01- imt sdk-20220703t224428z-001/new folder/01- imt sdk/imt_sdk_win_64/imt_sdk_win_64/winavr/bin/../lib/gcc/avr/4.3.3/avr5\libgcc.a(_exit.o)
                              d:/courses/embedded course imt/01- imt sdk-20220703t224428z-001/new folder/01- imt sdk/imt_sdk_win_64/imt_sdk_win_64/winavr/bin/../lib/gcc/avr/4.3.3/../../../../avr/lib/avr5/crtm32.o (exit)
d:/courses/embedded course imt/01- imt sdk-20220703t224428z-001/new folder/01- imt sdk/imt_sdk_win_64/imt_sdk_win_64/winavr/bin/../lib/gcc/avr/4.3.3/avr5\libgcc.a(_copy_data.o)
                              ./MCAL/TIMER/TIMER_Program.o (__do_copy_data)
d:/courses/embedded course imt/01- imt sdk-20220703t224428z-001/new folder/01- imt sdk/imt_sdk_win_64/imt_sdk_win_64/winavr/bin/../lib/gcc/avr/4.3.3/avr5\libgcc.a(_clear_bss.o)
                              ./SERVICE/OS_Program.o (__do_clear_bss)
d:/courses/embedded course imt/01- imt sdk-20220703t224428z-001/new folder/01- imt sdk/imt_sdk_win_64/imt_sdk_win_64/winavr/bin/../lib/gcc/avr/4.3.3/avr5\libgcc.a(_fixunssfsi.o)
                              ./MCAL/TIMER/TIMER_Program.o (__fixunssfsi)
d:/courses/embedded course imt/01- imt sdk-20220703t224428z-001/new folder/01- imt sdk/imt_sdk_win_64/imt_sdk_win_64/winavr/bin/../lib/gcc/avr/4.3.3/avr5\libgcc.a(_addsub_sf.o)
                              d:/courses/embedded course imt/01- imt sdk-20220703t224428z-001/new folder/01- imt sdk/imt_sdk_win_64/imt_sdk_win_64/winavr/bin/../lib/gcc/avr/4.3.3/avr5\libgcc.a(_fixunssfsi.o) (__subsf3)
d:/courses/embedded course imt/01- imt sdk-20220703t224428z-001/new folder/01- imt sdk/imt_sdk_win_64/imt_sdk_win_64/winavr/bin/../lib/gcc/avr/4.3.3/avr5\libgcc.a(_mul_sf.o)
                              ./MCAL/TIMER/TIMER_Program.o (__mulsf3)
d:/courses/embedded course imt/01- imt sdk-20220703t224428z-001/new folder/01- imt sdk/imt_sdk_win_64/imt_sdk_win_64/winavr/bin/../lib/gcc/avr/4.3.3/avr5\libgcc.a(_div_sf.o)
                              ./MCAL/TIMER/TIMER_Program.o (__divsf3)
d:/courses/embedded course imt/01- imt sdk-20220703t224428z-001/new folder/01- imt sdk/imt_sdk_win_64/imt_sdk_win_64/winavr/bin/../lib/gcc/avr/4.3.3/avr5\libgcc.a(_gt_sf.o)
                              ./HAL/Push_Button/PB_Program.o (__gtsf2)
d:/courses/embedded course imt/01- imt sdk-20220703t224428z-001/new folder/01- imt sdk/imt_sdk_win_64/imt_sdk_win_64/winavr/bin/../lib/gcc/avr/4.3.3/avr5\libgcc.a(_ge_sf.o)
                              d:/courses/embedded course imt/01- imt sdk-20220703t224428z-001/new folder/01- imt sdk/imt_sdk_win_64/imt_sdk_win_64/winavr/bin/../lib/gcc/avr/4.3.3/avr5\libgcc.a(_fixunssfsi.o) (__gesf2)
d:/courses/embedded course imt/01- imt sdk-20220703t224428z-001/new folder/01- imt sdk/imt_sdk_win_64/imt_sdk_win_64/winavr/bin/../lib/gcc/avr/4.3.3/avr5\libgcc.a(_lt_sf.o)
                              ./HAL/Push_Button/PB_Program.o (__ltsf2)
d:/courses/embedded course imt/01- imt sdk-20220703t224428z-001/new folder/01- imt sdk/imt_sdk_win_64/imt_sdk_win_64/winavr/bin/../lib/gcc/avr/4.3.3/avr5\libgcc.a(_sf_to_si.o)
                              d:/courses/embedded course imt/01- imt sdk-20220703t224428z-001/new folder/01- imt sdk/imt_sdk_win_64/imt_sdk_win_64/winavr/bin/../lib/gcc/avr/4.3.3/avr5\libgcc.a(_fixunssfsi.o) (__fixsfsi)
d:/courses/embedded course imt/01- imt sdk-20220703t224428z-001/new folder/01- imt sdk/imt_sdk_win_64/imt_sdk_win_64/winavr/bin/../lib/gcc/avr/4.3.3/avr5\libgcc.a(_thenan_sf.o)
                              d:/courses/embedded course imt/01- imt sdk-20220703t224428z-001/new folder/01- imt sdk/imt_sdk_win_64/imt_sdk_win_64/winavr/bin/../lib/gcc/avr/4.3.3/avr5\libgcc.a(_addsub_sf.o) (__thenan_sf)
d:/courses/embedded course imt/01- imt sdk-20220703t224428z-001/new folder/01- imt sdk/imt_sdk_win_64/imt_sdk_win_64/winavr/bin/../lib/gcc/avr/4.3.3/avr5\libgcc.a(_usi_to_sf.o)
                              ./MCAL/TIMER/TIMER_Program.o (__floatunsisf)
d:/courses/embedded course imt/01- imt sdk-20220703t224428z-001/new folder/01- imt sdk/imt_sdk_win_64/imt_sdk_win_64/winavr/bin/../lib/gcc/avr/4.3.3/avr5\libgcc.a(_prologue.o)
                              d:/courses/embedded course imt/01- imt sdk-20220703t224428z-001/new folder/01- imt sdk/imt_sdk_win_64/imt_sdk_win_64/winavr/bin/../lib/gcc/avr/4.3.3/avr5\libgcc.a(_addsub_sf.o) (__prologue_saves__)
d:/courses/embedded course imt/01- imt sdk-20220703t224428z-001/new folder/01- imt sdk/imt_sdk_win_64/imt_sdk_win_64/winavr/bin/../lib/gcc/avr/4.3.3/avr5\libgcc.a(_epilogue.o)
                              d:/courses/embedded course imt/01- imt sdk-20220703t224428z-001/new folder/01- imt sdk/imt_sdk_win_64/imt_sdk_win_64/winavr/bin/../lib/gcc/avr/4.3.3/avr5\libgcc.a(_addsub_sf.o) (__epilogue_restores__)
d:/courses/embedded course imt/01- imt sdk-20220703t224428z-001/new folder/01- imt sdk/imt_sdk_win_64/imt_sdk_win_64/winavr/bin/../lib/gcc/avr/4.3.3/avr5\libgcc.a(_clzsi2.o)
                              d:/courses/embedded course imt/01- imt sdk-20220703t224428z-001/new folder/01- imt sdk/imt_sdk_win_64/imt_sdk_win_64/winavr/bin/../lib/gcc/avr/4.3.3/avr5\libgcc.a(_usi_to_sf.o) (__clzsi2)
d:/courses/embedded course imt/01- imt sdk-20220703t224428z-001/new folder/01- imt sdk/imt_sdk_win_64/imt_sdk_win_64/winavr/bin/../lib/gcc/avr/4.3.3/avr5\libgcc.a(_pack_sf.o)
                              d:/courses/embedded course imt/01- imt sdk-20220703t224428z-001/new folder/01- imt sdk/imt_sdk_win_64/imt_sdk_win_64/winavr/bin/../lib/gcc/avr/4.3.3/avr5\libgcc.a(_addsub_sf.o) (__pack_f)
d:/courses/embedded course imt/01- imt sdk-20220703t224428z-001/new folder/01- imt sdk/imt_sdk_win_64/imt_sdk_win_64/winavr/bin/../lib/gcc/avr/4.3.3/avr5\libgcc.a(_unpack_sf.o)
                              d:/courses/embedded course imt/01- imt sdk-20220703t224428z-001/new folder/01- imt sdk/imt_sdk_win_64/imt_sdk_win_64/winavr/bin/../lib/gcc/avr/4.3.3/avr5\libgcc.a(_addsub_sf.o) (__unpack_f)
d:/courses/embedded course imt/01- imt sdk-20220703t224428z-001/new folder/01- imt sdk/imt_sdk_win_64/imt_sdk_win_64/winavr/bin/../lib/gcc/avr/4.3.3/avr5\libgcc.a(_fpcmp_parts_sf.o)
                              d:/courses/embedded course imt/01- imt sdk-20220703t224428z-001/new folder/01- imt sdk/imt_sdk_win_64/imt_sdk_win_64/winavr/bin/../lib/gcc/avr/4.3.3/avr5\libgcc.a(_gt_sf.o) (__fpcmp_parts_f)
d:/courses/embedded course imt/01- imt sdk-20220703t224428z-001/new folder/01- imt sdk/imt_sdk_win_64/imt_sdk_win_64/winavr/bin/../lib/gcc/avr/4.3.3/avr5\libgcc.a(_clz.o)
                              d:/courses/embedded course imt/01- imt sdk-20220703t224428z-001/new folder/01- imt sdk/imt_sdk_win_64/imt_sdk_win_64/winavr/bin/../lib/gcc/avr/4.3.3/avr5\libgcc.a(_clzsi2.o) (__clz_tab)

Allocating common symbols
Common symbol       size              file

Pattern_4           0x8               ./HAL/CLCD/CLCD_Program.o
Pattern_2           0x8               ./HAL/CLCD/CLCD_Program.o
SmilyChar           0x8               ./HAL/CLCD/CLCD_Program.o
Pattern_3           0x8               ./HAL/CLCD/CLCD_Program.o
Pattern_1           0x8               ./HAL/CLCD/CLCD_Program.o

Memory Configuration

Name             Origin             Length             Attributes
text             0x00000000         0x00020000         xr
data             0x00800060         0x0000ffa0         rw !x
eeprom           0x00810000         0x00010000         rw !x
fuse             0x00820000         0x00000400         rw !x
lock             0x00830000         0x00000400         rw !x
signature        0x00840000         0x00000400         rw !x
*default*        0x00000000         0xffffffff

Linker script and memory map

LOAD d:/courses/embedded course imt/01- imt sdk-20220703t224428z-001/new folder/01- imt sdk/imt_sdk_win_64/imt_sdk_win_64/winavr/bin/../lib/gcc/avr/4.3.3/../../../../avr/lib/avr5/crtm32.o
LOAD ./SERVICE/OS_Program.o
LOAD ./MCAL/TIMER1/TIMER_1_Program.o
LOAD ./MCAL/TIMER/TIMER_Program.o
LOAD ./MCAL/PORT/Port_prg.o
LOAD ./MCAL/GIE/GIE_Program.o
LOAD ./MCAL/EXTI/EXTI_Header/EXTI_Program.o
LOAD ./MCAL/DIO/Dio_prg.o
LOAD ./MCAL/ADC/ADC_Program.o
LOAD ./HAL/Relay/Relay_Prog.o
LOAD ./HAL/Push_Button/PB_Program.o
LOAD ./HAL/LM_35_Sensor/LM35_Program.o
LOAD ./HAL/LED/LED_Program.o
LOAD ./HAL/DC_MOTOR/DC_MOTOR_Program.o
LOAD ./HAL/CLCD/CLCD_Program.o
LOAD ./HAL/Buzzer/Buzzer_Prog.o
LOAD ./CONFIG/ADC_LCONFIG.o
LOAD ./CONFIG/DC_MOTOR_LCONFIG.o
LOAD ./CONFIG/Dio_Lcfg.o
LOAD ./CONFIG/EXTI_LCONFIG.o
LOAD ./CONFIG/GIE_LCONFIG.o
LOAD ./CONFIG/LED_LCFG.o
LOAD ./CONFIG/OS_LCONFIG.o
LOAD ./CONFIG/Port_Lcfg.o
LOAD ./CONFIG/TIMER_1_LCONFIG.o
LOAD ./CONFIG/TIMER_LCFG.o
LOAD ./APP/main.o
LOAD d:/courses/embedded course imt/01- imt sdk-20220703t224428z-001/new folder/01- imt sdk/imt_sdk_win_64/imt_sdk_win_64/winavr/bin/../lib/gcc/avr/4.3.3/avr5\libgcc.a
LOAD d:/courses/embedded course imt/01- imt sdk-20220703t224428z-001/new folder/01- imt sdk/imt_sdk_win_64/imt_sdk_win_64/winavr/bin/../lib/gcc/avr/4.3.3/../../../../avr/lib/avr5\libc.a
LOAD d:/courses/embedded course imt/01- imt sdk-20220703t224428z-001/new folder/01- imt sdk/imt_sdk_win_64/imt_sdk_win_64/winavr/bin/../lib/gcc/avr/4.3.3/avr5\libgcc.a

.hash
 *(.hash)

.dynsym
 *(.dynsym)

.dynstr
 *(.dynstr)

.gnu.version
 *(.gnu.version)

.gnu.version_d
 *(.gnu.version_d)

.gnu.version_r
 *(.gnu.version_r)

.rel.init
 *(.rel.init)

.rela.init
 *(.rela.init)

.rel.text
 *(.rel.text)
 *(.rel.text.*)
 *(.rel.gnu.linkonce.t*)

.rela.text
 *(.rela.text)
 *(.rela.text.*)
 *(.rela.gnu.linkonce.t*)

.rel.fini
 *(.rel.fini)

.rela.fini
 *(.rela.fini)

.rel.rodata
 *(.rel.rodata)
 *(.rel.rodata.*)
 *(.rel.gnu.linkonce.r*)

.rela.rodata
 *(.rela.rodata)
 *(.rela.rodata.*)
 *(.rela.gnu.linkonce.r*)

.rel.data
 *(.rel.data)
 *(.rel.data.*)
 *(.rel.gnu.linkonce.d*)

.rela.data
 *(.rela.data)
 *(.rela.data.*)
 *(.rela.gnu.linkonce.d*)

.rel.ctors
 *(.rel.ctors)

.rela.ctors
 *(.rela.ctors)

.rel.dtors
 *(.rel.dtors)

.rela.dtors
 *(.rela.dtors)

.rel.got
 *(.rel.got)

.rela.got
 *(.rela.got)

.rel.bss
 *(.rel.bss)

.rela.bss
 *(.rela.bss)

.rel.plt
 *(.rel.plt)

.rela.plt
 *(.rela.plt)

.text           0x00000000     0x46c0
 *(.vectors)
 .vectors       0x00000000       0x54 d:/courses/embedded course imt/01- imt sdk-20220703t224428z-001/new folder/01- imt sdk/imt_sdk_win_64/imt_sdk_win_64/winavr/bin/../lib/gcc/avr/4.3.3/../../../../avr/lib/avr5/crtm32.o
                0x00000000                __vectors
                0x00000000                __vector_default
 *(.vectors)
 *(.progmem.gcc*)
 *(.progmem*)
                0x00000054                . = ALIGN (0x2)
                0x00000054                __trampolines_start = .
 *(.trampolines)
 .trampolines   0x00000054        0x0 linker stubs
 *(.trampolines*)
                0x00000054                __trampolines_end = .
 *(.jumptables)
 *(.jumptables*)
 *(.lowtext)
 *(.lowtext*)
                0x00000054                __ctors_start = .
 *(.ctors)
                0x00000054                __ctors_end = .
                0x00000054                __dtors_start = .
 *(.dtors)
                0x00000054                __dtors_end = .
 SORT(*)(.ctors)
 SORT(*)(.dtors)
 *(.init0)
 .init0         0x00000054        0x0 d:/courses/embedded course imt/01- imt sdk-20220703t224428z-001/new folder/01- imt sdk/imt_sdk_win_64/imt_sdk_win_64/winavr/bin/../lib/gcc/avr/4.3.3/../../../../avr/lib/avr5/crtm32.o
                0x00000054                __init
 *(.init0)
 *(.init1)
 *(.init1)
 *(.init2)
 .init2         0x00000054        0xc d:/courses/embedded course imt/01- imt sdk-20220703t224428z-001/new folder/01- imt sdk/imt_sdk_win_64/imt_sdk_win_64/winavr/bin/../lib/gcc/avr/4.3.3/../../../../avr/lib/avr5/crtm32.o
 *(.init2)
 *(.init3)
 *(.init3)
 *(.init4)
 .init4         0x00000060       0x16 d:/courses/embedded course imt/01- imt sdk-20220703t224428z-001/new folder/01- imt sdk/imt_sdk_win_64/imt_sdk_win_64/winavr/bin/../lib/gcc/avr/4.3.3/avr5\libgcc.a(_copy_data.o)
                0x00000060                __do_copy_data
 .init4         0x00000076       0x10 d:/courses/embedded course imt/01- imt sdk-20220703t224428z-001/new folder/01- imt sdk/imt_sdk_win_64/imt_sdk_win_64/winavr/bin/../lib/gcc/avr/4.3.3/avr5\libgcc.a(_clear_bss.o)
                0x00000076                __do_clear_bss
 *(.init4)
 *(.init5)
 *(.init5)
 *(.init6)
 *(.init6)
 *(.init7)
 *(.init7)
 *(.init8)
 *(.init8)
 *(.init9)
 .init9         0x00000086        0x8 d:/courses/embedded course imt/01- imt sdk-20220703t224428z-001/new folder/01- imt sdk/imt_sdk_win_64/imt_sdk_win_64/winavr/bin/../lib/gcc/avr/4.3.3/../../../../avr/lib/avr5/crtm32.o
 *(.init9)
 *(.text)
 .text          0x0000008e        0x4 d:/courses/embedded course imt/01- imt sdk-20220703t224428z-001/new folder/01- imt sdk/imt_sdk_win_64/imt_sdk_win_64/winavr/bin/../lib/gcc/avr/4.3.3/../../../../avr/lib/avr5/crtm32.o
                0x0000008e                __vector_12
                0x0000008e                __bad_interrupt
                0x0000008e                __vector_6
                0x0000008e                __vector_13
                0x0000008e                __vector_17
                0x0000008e                __vector_19
                0x0000008e                __vector_7
                0x0000008e                __vector_5
                0x0000008e                __vector_4
                0x0000008e                __vector_9
                0x0000008e                __vector_15
                0x0000008e                __vector_8
                0x0000008e                __vector_14
                0x0000008e                __vector_18
                0x0000008e                __vector_20
 .text          0x00000092        0x0 ./SERVICE/OS_Program.o
 .text          0x00000092        0x0 ./MCAL/TIMER1/TIMER_1_Program.o
 .text          0x00000092        0x0 ./MCAL/TIMER/TIMER_Program.o
 .text          0x00000092        0x0 ./MCAL/PORT/Port_prg.o
 .text          0x00000092        0x0 ./MCAL/GIE/GIE_Program.o
 .text          0x00000092        0x0 ./MCAL/EXTI/EXTI_Header/EXTI_Program.o
 .text          0x00000092        0x0 ./MCAL/DIO/Dio_prg.o
 .text          0x00000092        0x0 ./MCAL/ADC/ADC_Program.o
 .text          0x00000092        0x0 ./HAL/Relay/Relay_Prog.o
 .text          0x00000092        0x0 ./HAL/Push_Button/PB_Program.o
 .text          0x00000092        0x0 ./HAL/LM_35_Sensor/LM35_Program.o
 .text          0x00000092        0x0 ./HAL/LED/LED_Program.o
 .text          0x00000092        0x0 ./HAL/DC_MOTOR/DC_MOTOR_Program.o
 .text          0x00000092        0x0 ./HAL/CLCD/CLCD_Program.o
 .text          0x00000092        0x0 ./HAL/Buzzer/Buzzer_Prog.o
 .text          0x00000092        0x0 ./CONFIG/ADC_LCONFIG.o
 .text          0x00000092        0x0 ./CONFIG/DC_MOTOR_LCONFIG.o
 .text          0x00000092        0x0 ./CONFIG/Dio_Lcfg.o
 .text          0x00000092        0x0 ./CONFIG/EXTI_LCONFIG.o
 .text          0x00000092        0x0 ./CONFIG/GIE_LCONFIG.o
 .text          0x00000092        0x0 ./CONFIG/LED_LCFG.o
 .text          0x00000092        0x0 ./CONFIG/OS_LCONFIG.o
 .text          0x00000092        0x0 ./CONFIG/Port_Lcfg.o
 .text          0x00000092        0x0 ./CONFIG/TIMER_1_LCONFIG.o
 .text          0x00000092        0x0 ./CONFIG/TIMER_LCFG.o
 .text          0x00000092        0x0 ./APP/main.o
 .text          0x00000092        0x0 d:/courses/embedded course imt/01- imt sdk-20220703t224428z-001/new folder/01- imt sdk/imt_sdk_win_64/imt_sdk_win_64/winavr/bin/../lib/gcc/avr/4.3.3/avr5\libgcc.a(_udivmodqi4.o)
 .text          0x00000092        0x0 d:/courses/embedded course imt/01- imt sdk-20220703t224428z-001/new folder/01- imt sdk/imt_sdk_win_64/imt_sdk_win_64/winavr/bin/../lib/gcc/avr/4.3.3/avr5\libgcc.a(_udivmodhi4.o)
 .text          0x00000092        0x0 d:/courses/embedded course imt/01- imt sdk-20220703t224428z-001/new folder/01- imt sdk/imt_sdk_win_64/imt_sdk_win_64/winavr/bin/../lib/gcc/avr/4.3.3/avr5\libgcc.a(_udivmodsi4.o)
 .text          0x00000092        0x0 d:/courses/embedded course imt/01- imt sdk-20220703t224428z-001/new folder/01- imt sdk/imt_sdk_win_64/imt_sdk_win_64/winavr/bin/../lib/gcc/avr/4.3.3/avr5\libgcc.a(_divmodsi4.o)
 .text          0x00000092        0x0 d:/courses/embedded course imt/01- imt sdk-20220703t224428z-001/new folder/01- imt sdk/imt_sdk_win_64/imt_sdk_win_64/winavr/bin/../lib/gcc/avr/4.3.3/avr5\libgcc.a(_exit.o)
 .text          0x00000092        0x0 d:/courses/embedded course imt/01- imt sdk-20220703t224428z-001/new folder/01- imt sdk/imt_sdk_win_64/imt_sdk_win_64/winavr/bin/../lib/gcc/avr/4.3.3/avr5\libgcc.a(_copy_data.o)
 .text          0x00000092        0x0 d:/courses/embedded course imt/01- imt sdk-20220703t224428z-001/new folder/01- imt sdk/imt_sdk_win_64/imt_sdk_win_64/winavr/bin/../lib/gcc/avr/4.3.3/avr5\libgcc.a(_clear_bss.o)
 .text          0x00000092       0x58 d:/courses/embedded course imt/01- imt sdk-20220703t224428z-001/new folder/01- imt sdk/imt_sdk_win_64/imt_sdk_win_64/winavr/bin/../lib/gcc/avr/4.3.3/avr5\libgcc.a(_fixunssfsi.o)
                0x00000092                __fixunssfsi
 .text          0x000000ea      0x354 d:/courses/embedded course imt/01- imt sdk-20220703t224428z-001/new folder/01- imt sdk/imt_sdk_win_64/imt_sdk_win_64/winavr/bin/../lib/gcc/avr/4.3.3/avr5\libgcc.a(_addsub_sf.o)
                0x00000382                __subsf3
                0x000003e4                __addsf3
 .text          0x0000043e      0x1f4 d:/courses/embedded course imt/01- imt sdk-20220703t224428z-001/new folder/01- imt sdk/imt_sdk_win_64/imt_sdk_win_64/winavr/bin/../lib/gcc/avr/4.3.3/avr5\libgcc.a(_mul_sf.o)
                0x0000043e                __mulsf3
 .text          0x00000632      0x158 d:/courses/embedded course imt/01- imt sdk-20220703t224428z-001/new folder/01- imt sdk/imt_sdk_win_64/imt_sdk_win_64/winavr/bin/../lib/gcc/avr/4.3.3/avr5\libgcc.a(_div_sf.o)
                0x00000632                __divsf3
 .text          0x0000078a       0x60 d:/courses/embedded course imt/01- imt sdk-20220703t224428z-001/new folder/01- imt sdk/imt_sdk_win_64/imt_sdk_win_64/winavr/bin/../lib/gcc/avr/4.3.3/avr5\libgcc.a(_gt_sf.o)
                0x0000078a                __gtsf2
 .text          0x000007ea       0x60 d:/courses/embedded course imt/01- imt sdk-20220703t224428z-001/new folder/01- imt sdk/imt_sdk_win_64/imt_sdk_win_64/winavr/bin/../lib/gcc/avr/4.3.3/avr5\libgcc.a(_ge_sf.o)
                0x000007ea                __gesf2
 .text          0x0000084a       0x60 d:/courses/embedded course imt/01- imt sdk-20220703t224428z-001/new folder/01- imt sdk/imt_sdk_win_64/imt_sdk_win_64/winavr/bin/../lib/gcc/avr/4.3.3/avr5\libgcc.a(_lt_sf.o)
                0x0000084a                __ltsf2
 .text          0x000008aa       0xa8 d:/courses/embedded course imt/01- imt sdk-20220703t224428z-001/new folder/01- imt sdk/imt_sdk_win_64/imt_sdk_win_64/winavr/bin/../lib/gcc/avr/4.3.3/avr5\libgcc.a(_sf_to_si.o)
                0x000008aa                __fixsfsi
 .text          0x00000952        0x0 d:/courses/embedded course imt/01- imt sdk-20220703t224428z-001/new folder/01- imt sdk/imt_sdk_win_64/imt_sdk_win_64/winavr/bin/../lib/gcc/avr/4.3.3/avr5\libgcc.a(_thenan_sf.o)
 .text          0x00000952       0xf2 d:/courses/embedded course imt/01- imt sdk-20220703t224428z-001/new folder/01- imt sdk/imt_sdk_win_64/imt_sdk_win_64/winavr/bin/../lib/gcc/avr/4.3.3/avr5\libgcc.a(_usi_to_sf.o)
                0x00000952                __floatunsisf
 .text          0x00000a44        0x0 d:/courses/embedded course imt/01- imt sdk-20220703t224428z-001/new folder/01- imt sdk/imt_sdk_win_64/imt_sdk_win_64/winavr/bin/../lib/gcc/avr/4.3.3/avr5\libgcc.a(_prologue.o)
 .text          0x00000a44        0x0 d:/courses/embedded course imt/01- imt sdk-20220703t224428z-001/new folder/01- imt sdk/imt_sdk_win_64/imt_sdk_win_64/winavr/bin/../lib/gcc/avr/4.3.3/avr5\libgcc.a(_epilogue.o)
 .text          0x00000a44       0x9e d:/courses/embedded course imt/01- imt sdk-20220703t224428z-001/new folder/01- imt sdk/imt_sdk_win_64/imt_sdk_win_64/winavr/bin/../lib/gcc/avr/4.3.3/avr5\libgcc.a(_clzsi2.o)
                0x00000a44                __clzsi2
 .text          0x00000ae2      0x1aa d:/courses/embedded course imt/01- imt sdk-20220703t224428z-001/new folder/01- imt sdk/imt_sdk_win_64/imt_sdk_win_64/winavr/bin/../lib/gcc/avr/4.3.3/avr5\libgcc.a(_pack_sf.o)
                0x00000ae2                __pack_f
 .text          0x00000c8c       0xf0 d:/courses/embedded course imt/01- imt sdk-20220703t224428z-001/new folder/01- imt sdk/imt_sdk_win_64/imt_sdk_win_64/winavr/bin/../lib/gcc/avr/4.3.3/avr5\libgcc.a(_unpack_sf.o)
                0x00000c8c                __unpack_f
 .text          0x00000d7c       0xb2 d:/courses/embedded course imt/01- imt sdk-20220703t224428z-001/new folder/01- imt sdk/imt_sdk_win_64/imt_sdk_win_64/winavr/bin/../lib/gcc/avr/4.3.3/avr5\libgcc.a(_fpcmp_parts_sf.o)
                0x00000d7c                __fpcmp_parts_f
 .text          0x00000e2e        0x0 d:/courses/embedded course imt/01- imt sdk-20220703t224428z-001/new folder/01- imt sdk/imt_sdk_win_64/imt_sdk_win_64/winavr/bin/../lib/gcc/avr/4.3.3/avr5\libgcc.a(_clz.o)
                0x00000e2e                . = ALIGN (0x2)
 *(.text.*)
 .text.OS_Init  0x00000e2e       0x2c ./SERVICE/OS_Program.o
                0x00000e2e                OS_Init
 .text.OS_Create_Task
                0x00000e5a       0xec ./SERVICE/OS_Program.o
                0x00000e5a                OS_Create_Task
 .text.Schedular_Start
                0x00000f46      0x244 ./SERVICE/OS_Program.o
                0x00000f46                Schedular_Start
 .text.OS_Start
                0x0000118a       0x1e ./SERVICE/OS_Program.o
                0x0000118a                OS_Start
 .text.OS_Susbend
                0x000011a8       0x46 ./SERVICE/OS_Program.o
                0x000011a8                OS_Susbend
 .text.OS_Resume
                0x000011ee       0x72 ./SERVICE/OS_Program.o
                0x000011ee                OS_Resume
 .text.OS_Delete
                0x00001260       0x72 ./SERVICE/OS_Program.o
                0x00001260                OS_Delete
 .text.OS_Delay
                0x000012d2       0x8c ./SERVICE/OS_Program.o
                0x000012d2                OS_Delay
 .text.M_TIMER1_void_Init
                0x0000135e       0xee ./MCAL/TIMER1/TIMER_1_Program.o
                0x0000135e                M_TIMER1_void_Init
 .text.M_TIMER1_void_Start
                0x0000144c       0x9a ./MCAL/TIMER1/TIMER_1_Program.o
                0x0000144c                M_TIMER1_void_Start
 .text.TIMER1_voidSetICR
                0x000014e6       0x24 ./MCAL/TIMER1/TIMER_1_Program.o
                0x000014e6                TIMER1_voidSetICR
 .text.TIMER1_voidSetCompareMatch
                0x0000150a       0x24 ./MCAL/TIMER1/TIMER_1_Program.o
                0x0000150a                TIMER1_voidSetCompareMatch
 .text.M_TIMER1_void_Stop
                0x0000152e       0x4a ./MCAL/TIMER1/TIMER_1_Program.o
                0x0000152e                M_TIMER1_void_Stop
 .text.M_TIMER1_void_ICU_Enable
                0x00001578       0x30 ./MCAL/TIMER1/TIMER_1_Program.o
                0x00001578                M_TIMER1_void_ICU_Enable
 .text.M_TIMER1_void_ICU_TriggerSelect
                0x000015a8       0x4a ./MCAL/TIMER1/TIMER_1_Program.o
                0x000015a8                M_TIMER1_void_ICU_TriggerSelect
 .text.M_TIMER1_void_ICU_INTERRUPTDIS
                0x000015f2       0x1c ./MCAL/TIMER1/TIMER_1_Program.o
                0x000015f2                M_TIMER1_void_ICU_INTERRUPTDIS
 .text.M_TIMER1_void_ICU_Reading
                0x0000160e       0x16 ./MCAL/TIMER1/TIMER_1_Program.o
                0x0000160e                M_TIMER1_void_ICU_Reading
 .text.M_TIMER1_void_ICU_SetCallBack
                0x00001624        0xe ./MCAL/TIMER1/TIMER_1_Program.o
                0x00001624                M_TIMER1_void_ICU_SetCallBack
 .text.M_TIMER1_u8_Reset_flag
                0x00001632       0x40 ./MCAL/TIMER1/TIMER_1_Program.o
                0x00001632                M_TIMER1_u8_Reset_flag
 .text.M_void_Timer_Init
                0x00001672      0x29a ./MCAL/TIMER/TIMER_Program.o
                0x00001672                M_void_Timer_Init
 .text.M_void_Timer_start
                0x0000190c       0x32 ./MCAL/TIMER/TIMER_Program.o
                0x0000190c                M_void_Timer_start
 .text.M_void_Timer_stop
                0x0000193e       0x28 ./MCAL/TIMER/TIMER_Program.o
                0x0000193e                M_void_Timer_stop
 .text.Timer_u8__GetCounts
                0x00001966       0x14 ./MCAL/TIMER/TIMER_Program.o
                0x00001966                Timer_u8__GetCounts
 .text.M_void_Timer_Set_Preload
                0x0000197a       0x1c ./MCAL/TIMER/TIMER_Program.o
                0x0000197a                M_void_Timer_Set_Preload
 .text.M_TIMER0_setDelayTimeMilliSec
                0x00001996      0x1f6 ./MCAL/TIMER/TIMER_Program.o
                0x00001996                M_TIMER0_setDelayTimeMilliSec
 .text.M_void_EnableTIMERInt
                0x00001b8c       0x72 ./MCAL/TIMER/TIMER_Program.o
                0x00001b8c                M_void_EnableTIMERInt
 .text.M_void_DisableTIMERInt
                0x00001bfe       0x6e ./MCAL/TIMER/TIMER_Program.o
                0x00001bfe                M_void_DisableTIMERInt
 .text.M_void_setCallBack
                0x00001c6c       0x6c ./MCAL/TIMER/TIMER_Program.o
                0x00001c6c                M_void_setCallBack
 .text.__vector_11
                0x00001cd8       0xd2 ./MCAL/TIMER/TIMER_Program.o
                0x00001cd8                __vector_11
 .text.__vector_10
                0x00001daa       0x20 ./MCAL/TIMER/TIMER_Program.o
                0x00001daa                __vector_10
 .text.Port_Init
                0x00001dca      0x4d6 ./MCAL/PORT/Port_prg.o
                0x00001dca                Port_Init
 .text.GIE_voidEnable
                0x000022a0       0x1c ./MCAL/GIE/GIE_Program.o
                0x000022a0                GIE_voidEnable
 .text.GIE_voidDisable
                0x000022bc       0x1c ./MCAL/GIE/GIE_Program.o
                0x000022bc                GIE_voidDisable
 .text.Enable_Int
                0x000022d8      0x252 ./MCAL/EXTI/EXTI_Header/EXTI_Program.o
                0x000022d8                Enable_Int
 .text.Disable_Int
                0x0000252a       0x76 ./MCAL/EXTI/EXTI_Header/EXTI_Program.o
                0x0000252a                Disable_Int
 .text.EXTI_u8INTSetCallBack
                0x000025a0       0xf2 ./MCAL/EXTI/EXTI_Header/EXTI_Program.o
                0x000025a0                EXTI_u8INTSetCallBack
 .text.__vector_1
                0x00002692       0x66 ./MCAL/EXTI/EXTI_Header/EXTI_Program.o
                0x00002692                __vector_1
 .text.__vector_2
                0x000026f8       0x20 ./MCAL/EXTI/EXTI_Header/EXTI_Program.o
                0x000026f8                __vector_2
 .text.__vector_3
                0x00002718       0x20 ./MCAL/EXTI/EXTI_Header/EXTI_Program.o
                0x00002718                __vector_3
 .text.M_Dio_en_getPinValue
                0x00002738      0x10c ./MCAL/DIO/Dio_prg.o
                0x00002738                M_Dio_en_getPinValue
 .text.M_Dio_void_setPinValue
                0x00002844      0x21c ./MCAL/DIO/Dio_prg.o
                0x00002844                M_Dio_void_setPinValue
 .text.M_Dio_en_getPortValue
                0x00002a60       0x84 ./MCAL/DIO/Dio_prg.o
                0x00002a60                M_Dio_en_getPortValue
 .text.M_Dio_void_setPortValue
                0x00002ae4       0x84 ./MCAL/DIO/Dio_prg.o
                0x00002ae4                M_Dio_void_setPortValue
 .text.M_Dio_void_togglePinValue
                0x00002b68      0x118 ./MCAL/DIO/Dio_prg.o
                0x00002b68                M_Dio_void_togglePinValue
 .text.ADC_Init
                0x00002c80      0x312 ./MCAL/ADC/ADC_Program.o
                0x00002c80                ADC_Init
 .text.ADC_getDigitalValueSynchNonBlocking
                0x00002f92       0xfa ./MCAL/ADC/ADC_Program.o
                0x00002f92                ADC_getDigitalValueSynchNonBlocking
 .text.ADC_getDigitalValueAsynchCallBack
                0x0000308c       0xf8 ./MCAL/ADC/ADC_Program.o
                0x0000308c                ADC_getDigitalValueAsynchCallBack
 .text.ADC_Get_Value_Reading
                0x00003184       0x16 ./MCAL/ADC/ADC_Program.o
                0x00003184                ADC_Get_Value_Reading
 .text.ADC_Interrupt_Enable
                0x0000319a       0x1c ./MCAL/ADC/ADC_Program.o
                0x0000319a                ADC_Interrupt_Enable
 .text.ADC_Interrupt_Disable
                0x000031b6       0x1c ./MCAL/ADC/ADC_Program.o
                0x000031b6                ADC_Interrupt_Disable
 .text.ADC_u8INTSetCallBack
                0x000031d2       0x2c ./MCAL/ADC/ADC_Program.o
                0x000031d2                ADC_u8INTSetCallBack
 .text.__vector_16
                0x000031fe       0x66 ./MCAL/ADC/ADC_Program.o
                0x000031fe                __vector_16
 .text.H_Relay_Void_WorkOn
                0x00003264       0x4c ./HAL/Relay/Relay_Prog.o
                0x00003264                H_Relay_Void_WorkOn
 .text.H_Relay_Void_WorkOff
                0x000032b0       0x4c ./HAL/Relay/Relay_Prog.o
                0x000032b0                H_Relay_Void_WorkOff
 .text.H_readPB
                0x000032fc      0x1e0 ./HAL/Push_Button/PB_Program.o
                0x000032fc                H_readPB
 .text.H_Temprature_void_Init
                0x000034dc       0x16 ./HAL/LM_35_Sensor/LM35_Program.o
                0x000034dc                H_Temprature_void_Init
 .text.H_Temprature_u16_Read
                0x000034f2       0x56 ./HAL/LM_35_Sensor/LM35_Program.o
                0x000034f2                H_Temprature_u16_Read
 .text.H_LED_void_Turn_on
                0x00003548       0x7e ./HAL/LED/LED_Program.o
                0x00003548                H_LED_void_Turn_on
 .text.H_LED_void_Turn_off
                0x000035c6       0x7e ./HAL/LED/LED_Program.o
                0x000035c6                H_LED_void_Turn_off
 .text.H_LED_void_Toggle
                0x00003644       0x76 ./HAL/LED/LED_Program.o
                0x00003644                H_LED_void_Toggle
 .text.H_DC_MOTOR_START
                0x000036ba       0x88 ./HAL/DC_MOTOR/DC_MOTOR_Program.o
                0x000036ba                H_DC_MOTOR_START
 .text.H_DC_MOTOR_STOP
                0x00003742       0x1c ./HAL/DC_MOTOR/DC_MOTOR_Program.o
                0x00003742                H_DC_MOTOR_STOP
 .text.H_LCD_void_latchByte
                0x0000375e      0x38e ./HAL/CLCD/CLCD_Program.o
 .text.H_LCD_void_Init
                0x00003aec      0x4f2 ./HAL/CLCD/CLCD_Program.o
                0x00003aec                H_LCD_void_Init
 .text.H_LCD_void_sendData
                0x00003fde       0x22 ./HAL/CLCD/CLCD_Program.o
                0x00003fde                H_LCD_void_sendData
 .text.H_LCD_void_sendCommand
                0x00004000       0x22 ./HAL/CLCD/CLCD_Program.o
                0x00004000                H_LCD_void_sendCommand
 .text.H_LCD_void_sendString
                0x00004022       0x52 ./HAL/CLCD/CLCD_Program.o
                0x00004022                H_LCD_void_sendString
 .text.H_LCD_void_sendIntNum
                0x00004074      0x138 ./HAL/CLCD/CLCD_Program.o
                0x00004074                H_LCD_void_sendIntNum
 .text.H_LCD_void_gotoXY
                0x000041ac       0x58 ./HAL/CLCD/CLCD_Program.o
                0x000041ac                H_LCD_void_gotoXY
 .text.H_LCD_void_creatCustomChar
                0x00004204       0x78 ./HAL/CLCD/CLCD_Program.o
                0x00004204                H_LCD_void_creatCustomChar
 .text.H_LCD_void_displayCustomChar
                0x0000427c       0x1a ./HAL/CLCD/CLCD_Program.o
                0x0000427c                H_LCD_void_displayCustomChar
 .text.H_LCD_void_ClearDisplay
                0x00004296       0x14 ./HAL/CLCD/CLCD_Program.o
                0x00004296                H_LCD_void_ClearDisplay
 .text.H_BUZZER_Void_TurnOn
                0x000042aa       0x14 ./HAL/Buzzer/Buzzer_Prog.o
                0x000042aa                H_BUZZER_Void_TurnOn
 .text.H_BUZZER_Void_TurnOff
                0x000042be       0x16 ./HAL/Buzzer/Buzzer_Prog.o
                0x000042be                H_BUZZER_Void_TurnOff
 .text.main     0x000042d4       0x4a ./APP/main.o
                0x000042d4                main
 .text.Task_1   0x0000431e       0x5a ./APP/main.o
                0x0000431e                Task_1
 .text.Task_2   0x00004378      0x13e ./APP/main.o
                0x00004378                Task_2
 .text.Task_3   0x000044b6       0x20 ./APP/main.o
                0x000044b6                Task_3
 .text.Task_4   0x000044d6       0x6c ./APP/main.o
                0x000044d6                Task_4
 .text.Task_5   0x00004542       0x52 ./APP/main.o
                0x00004542                Task_5
 .text.libgcc   0x00004594       0x18 d:/courses/embedded course imt/01- imt sdk-20220703t224428z-001/new folder/01- imt sdk/imt_sdk_win_64/imt_sdk_win_64/winavr/bin/../lib/gcc/avr/4.3.3/avr5\libgcc.a(_udivmodqi4.o)
                0x00004594                __udivmodqi4
 .text.libgcc   0x000045ac       0x28 d:/courses/embedded course imt/01- imt sdk-20220703t224428z-001/new folder/01- imt sdk/imt_sdk_win_64/imt_sdk_win_64/winavr/bin/../lib/gcc/avr/4.3.3/avr5\libgcc.a(_udivmodhi4.o)
                0x000045ac                __udivmodhi4
 .text.libgcc   0x000045d4       0x44 d:/courses/embedded course imt/01- imt sdk-20220703t224428z-001/new folder/01- imt sdk/imt_sdk_win_64/imt_sdk_win_64/winavr/bin/../lib/gcc/avr/4.3.3/avr5\libgcc.a(_udivmodsi4.o)
                0x000045d4                __udivmodsi4
 .text.libgcc   0x00004618       0x36 d:/courses/embedded course imt/01- imt sdk-20220703t224428z-001/new folder/01- imt sdk/imt_sdk_win_64/imt_sdk_win_64/winavr/bin/../lib/gcc/avr/4.3.3/avr5\libgcc.a(_divmodsi4.o)
                0x00004618                __divmodsi4
 .text.libgcc   0x0000464e        0x0 d:/courses/embedded course imt/01- imt sdk-20220703t224428z-001/new folder/01- imt sdk/imt_sdk_win_64/imt_sdk_win_64/winavr/bin/../lib/gcc/avr/4.3.3/avr5\libgcc.a(_exit.o)
 .text.libgcc   0x0000464e        0x0 d:/courses/embedded course imt/01- imt sdk-20220703t224428z-001/new folder/01- imt sdk/imt_sdk_win_64/imt_sdk_win_64/winavr/bin/../lib/gcc/avr/4.3.3/avr5\libgcc.a(_copy_data.o)
 .text.libgcc   0x0000464e        0x0 d:/courses/embedded course imt/01- imt sdk-20220703t224428z-001/new folder/01- imt sdk/imt_sdk_win_64/imt_sdk_win_64/winavr/bin/../lib/gcc/avr/4.3.3/avr5\libgcc.a(_clear_bss.o)
 .text.libgcc   0x0000464e       0x38 d:/courses/embedded course imt/01- imt sdk-20220703t224428z-001/new folder/01- imt sdk/imt_sdk_win_64/imt_sdk_win_64/winavr/bin/../lib/gcc/avr/4.3.3/avr5\libgcc.a(_prologue.o)
                0x0000464e                __prologue_saves__
 .text.libgcc   0x00004686       0x36 d:/courses/embedded course imt/01- imt sdk-20220703t224428z-001/new folder/01- imt sdk/imt_sdk_win_64/imt_sdk_win_64/winavr/bin/../lib/gcc/avr/4.3.3/avr5\libgcc.a(_epilogue.o)
                0x00004686                __epilogue_restores__
                0x000046bc                . = ALIGN (0x2)
 *(.fini9)
 .fini9         0x000046bc        0x0 d:/courses/embedded course imt/01- imt sdk-20220703t224428z-001/new folder/01- imt sdk/imt_sdk_win_64/imt_sdk_win_64/winavr/bin/../lib/gcc/avr/4.3.3/avr5\libgcc.a(_exit.o)
                0x000046bc                exit
                0x000046bc                _exit
 *(.fini9)
 *(.fini8)
 *(.fini8)
 *(.fini7)
 *(.fini7)
 *(.fini6)
 *(.fini6)
 *(.fini5)
 *(.fini5)
 *(.fini4)
 *(.fini4)
 *(.fini3)
 *(.fini3)
 *(.fini2)
 *(.fini2)
 *(.fini1)
 *(.fini1)
 *(.fini0)
 .fini0         0x000046bc        0x4 d:/courses/embedded course imt/01- imt sdk-20220703t224428z-001/new folder/01- imt sdk/imt_sdk_win_64/imt_sdk_win_64/winavr/bin/../lib/gcc/avr/4.3.3/avr5\libgcc.a(_exit.o)
 *(.fini0)
                0x000046c0                _etext = .

.data           0x00800060      0x208 load address 0x000046c0
                0x00800060                PROVIDE (__data_start, .)
 *(.data)
 .data          0x00800060        0x0 d:/courses/embedded course imt/01- imt sdk-20220703t224428z-001/new folder/01- imt sdk/imt_sdk_win_64/imt_sdk_win_64/winavr/bin/../lib/gcc/avr/4.3.3/../../../../avr/lib/avr5/crtm32.o
 .data          0x00800060        0x0 ./SERVICE/OS_Program.o
 .data          0x00800060        0x0 ./MCAL/TIMER1/TIMER_1_Program.o
 .data          0x00800060        0x0 ./MCAL/TIMER/TIMER_Program.o
 .data          0x00800060        0x0 ./MCAL/PORT/Port_prg.o
 .data          0x00800060        0x0 ./MCAL/GIE/GIE_Program.o
 .data          0x00800060        0x0 ./MCAL/EXTI/EXTI_Header/EXTI_Program.o
 .data          0x00800060        0x0 ./MCAL/DIO/Dio_prg.o
 .data          0x00800060        0x0 ./MCAL/ADC/ADC_Program.o
 .data          0x00800060        0x0 ./HAL/Relay/Relay_Prog.o
 .data          0x00800060        0x0 ./HAL/Push_Button/PB_Program.o
 .data          0x00800060        0x0 ./HAL/LM_35_Sensor/LM35_Program.o
 .data          0x00800060        0x0 ./HAL/LED/LED_Program.o
 .data          0x00800060        0x0 ./HAL/DC_MOTOR/DC_MOTOR_Program.o
 .data          0x00800060        0x0 ./HAL/CLCD/CLCD_Program.o
 .data          0x00800060        0x0 ./HAL/Buzzer/Buzzer_Prog.o
 .data          0x00800060        0x0 ./CONFIG/ADC_LCONFIG.o
 .data          0x00800060        0x0 ./CONFIG/DC_MOTOR_LCONFIG.o
 .data          0x00800060        0x0 ./CONFIG/Dio_Lcfg.o
 .data          0x00800060        0x0 ./CONFIG/EXTI_LCONFIG.o
 .data          0x00800060        0x0 ./CONFIG/GIE_LCONFIG.o
 .data          0x00800060        0x0 ./CONFIG/LED_LCFG.o
 .data          0x00800060        0x0 ./CONFIG/OS_LCONFIG.o
 .data          0x00800060        0x0 ./CONFIG/Port_Lcfg.o
 .data          0x00800060        0x0 ./CONFIG/TIMER_1_LCONFIG.o
 .data          0x00800060        0x0 ./CONFIG/TIMER_LCFG.o
 .data          0x00800060       0x12 ./APP/main.o
 .data          0x00800072        0x0 d:/courses/embedded course imt/01- imt sdk-20220703t224428z-001/new folder/01- imt sdk/imt_sdk_win_64/imt_sdk_win_64/winavr/bin/../lib/gcc/avr/4.3.3/avr5\libgcc.a(_udivmodqi4.o)
 .data          0x00800072        0x0 d:/courses/embedded course imt/01- imt sdk-20220703t224428z-001/new folder/01- imt sdk/imt_sdk_win_64/imt_sdk_win_64/winavr/bin/../lib/gcc/avr/4.3.3/avr5\libgcc.a(_udivmodhi4.o)
 .data          0x00800072        0x0 d:/courses/embedded course imt/01- imt sdk-20220703t224428z-001/new folder/01- imt sdk/imt_sdk_win_64/imt_sdk_win_64/winavr/bin/../lib/gcc/avr/4.3.3/avr5\libgcc.a(_udivmodsi4.o)
 .data          0x00800072        0x0 d:/courses/embedded course imt/01- imt sdk-20220703t224428z-001/new folder/01- imt sdk/imt_sdk_win_64/imt_sdk_win_64/winavr/bin/../lib/gcc/avr/4.3.3/avr5\libgcc.a(_divmodsi4.o)
 .data          0x00800072        0x0 d:/courses/embedded course imt/01- imt sdk-20220703t224428z-001/new folder/01- imt sdk/imt_sdk_win_64/imt_sdk_win_64/winavr/bin/../lib/gcc/avr/4.3.3/avr5\libgcc.a(_exit.o)
 .data          0x00800072        0x0 d:/courses/embedded course imt/01- imt sdk-20220703t224428z-001/new folder/01- imt sdk/imt_sdk_win_64/imt_sdk_win_64/winavr/bin/../lib/gcc/avr/4.3.3/avr5\libgcc.a(_copy_data.o)
 .data          0x00800072        0x0 d:/courses/embedded course imt/01- imt sdk-20220703t224428z-001/new folder/01- imt sdk/imt_sdk_win_64/imt_sdk_win_64/winavr/bin/../lib/gcc/avr/4.3.3/avr5\libgcc.a(_clear_bss.o)
 .data          0x00800072        0x0 d:/courses/embedded course imt/01- imt sdk-20220703t224428z-001/new folder/01- imt sdk/imt_sdk_win_64/imt_sdk_win_64/winavr/bin/../lib/gcc/avr/4.3.3/avr5\libgcc.a(_fixunssfsi.o)
 .data          0x00800072        0x0 d:/courses/embedded course imt/01- imt sdk-20220703t224428z-001/new folder/01- imt sdk/imt_sdk_win_64/imt_sdk_win_64/winavr/bin/../lib/gcc/avr/4.3.3/avr5\libgcc.a(_addsub_sf.o)
 .data          0x00800072        0x0 d:/courses/embedded course imt/01- imt sdk-20220703t224428z-001/new folder/01- imt sdk/imt_sdk_win_64/imt_sdk_win_64/winavr/bin/../lib/gcc/avr/4.3.3/avr5\libgcc.a(_mul_sf.o)
 .data          0x00800072        0x0 d:/courses/embedded course imt/01- imt sdk-20220703t224428z-001/new folder/01- imt sdk/imt_sdk_win_64/imt_sdk_win_64/winavr/bin/../lib/gcc/avr/4.3.3/avr5\libgcc.a(_div_sf.o)
 .data          0x00800072        0x0 d:/courses/embedded course imt/01- imt sdk-20220703t224428z-001/new folder/01- imt sdk/imt_sdk_win_64/imt_sdk_win_64/winavr/bin/../lib/gcc/avr/4.3.3/avr5\libgcc.a(_gt_sf.o)
 .data          0x00800072        0x0 d:/courses/embedded course imt/01- imt sdk-20220703t224428z-001/new folder/01- imt sdk/imt_sdk_win_64/imt_sdk_win_64/winavr/bin/../lib/gcc/avr/4.3.3/avr5\libgcc.a(_ge_sf.o)
 .data          0x00800072        0x0 d:/courses/embedded course imt/01- imt sdk-20220703t224428z-001/new folder/01- imt sdk/imt_sdk_win_64/imt_sdk_win_64/winavr/bin/../lib/gcc/avr/4.3.3/avr5\libgcc.a(_lt_sf.o)
 .data          0x00800072        0x0 d:/courses/embedded course imt/01- imt sdk-20220703t224428z-001/new folder/01- imt sdk/imt_sdk_win_64/imt_sdk_win_64/winavr/bin/../lib/gcc/avr/4.3.3/avr5\libgcc.a(_sf_to_si.o)
 .data          0x00800072        0x8 d:/courses/embedded course imt/01- imt sdk-20220703t224428z-001/new folder/01- imt sdk/imt_sdk_win_64/imt_sdk_win_64/winavr/bin/../lib/gcc/avr/4.3.3/avr5\libgcc.a(_thenan_sf.o)
                0x00800072                __thenan_sf
 .data          0x0080007a        0x0 d:/courses/embedded course imt/01- imt sdk-20220703t224428z-001/new folder/01- imt sdk/imt_sdk_win_64/imt_sdk_win_64/winavr/bin/../lib/gcc/avr/4.3.3/avr5\libgcc.a(_usi_to_sf.o)
 .data          0x0080007a        0x0 d:/courses/embedded course imt/01- imt sdk-20220703t224428z-001/new folder/01- imt sdk/imt_sdk_win_64/imt_sdk_win_64/winavr/bin/../lib/gcc/avr/4.3.3/avr5\libgcc.a(_prologue.o)
 .data          0x0080007a        0x0 d:/courses/embedded course imt/01- imt sdk-20220703t224428z-001/new folder/01- imt sdk/imt_sdk_win_64/imt_sdk_win_64/winavr/bin/../lib/gcc/avr/4.3.3/avr5\libgcc.a(_epilogue.o)
 .data          0x0080007a        0x0 d:/courses/embedded course imt/01- imt sdk-20220703t224428z-001/new folder/01- imt sdk/imt_sdk_win_64/imt_sdk_win_64/winavr/bin/../lib/gcc/avr/4.3.3/avr5\libgcc.a(_clzsi2.o)
 .data          0x0080007a        0x0 d:/courses/embedded course imt/01- imt sdk-20220703t224428z-001/new folder/01- imt sdk/imt_sdk_win_64/imt_sdk_win_64/winavr/bin/../lib/gcc/avr/4.3.3/avr5\libgcc.a(_pack_sf.o)
 .data          0x0080007a        0x0 d:/courses/embedded course imt/01- imt sdk-20220703t224428z-001/new folder/01- imt sdk/imt_sdk_win_64/imt_sdk_win_64/winavr/bin/../lib/gcc/avr/4.3.3/avr5\libgcc.a(_unpack_sf.o)
 .data          0x0080007a        0x0 d:/courses/embedded course imt/01- imt sdk-20220703t224428z-001/new folder/01- imt sdk/imt_sdk_win_64/imt_sdk_win_64/winavr/bin/../lib/gcc/avr/4.3.3/avr5\libgcc.a(_fpcmp_parts_sf.o)
 .data          0x0080007a      0x100 d:/courses/embedded course imt/01- imt sdk-20220703t224428z-001/new folder/01- imt sdk/imt_sdk_win_64/imt_sdk_win_64/winavr/bin/../lib/gcc/avr/4.3.3/avr5\libgcc.a(_clz.o)
                0x0080007a                __clz_tab
 *(.data*)
 .data.ADC_OBJECT
                0x0080017a        0x6 ./HAL/LM_35_Sensor/LM35_Program.o
                0x0080017a                ADC_OBJECT
 .data.ARR_OF_Interrupts
                0x00800180        0x6 ./CONFIG/EXTI_LCONFIG.o
                0x00800180                ARR_OF_Interrupts
 .data.Task1    0x00800186        0xd ./APP/main.o
                0x00800186                Task1
 .data.Task2    0x00800193        0xd ./APP/main.o
                0x00800193                Task2
 .data.Task3    0x008001a0        0xd ./APP/main.o
                0x008001a0                Task3
 .data.Task4    0x008001ad        0xd ./APP/main.o
                0x008001ad                Task4
 .data.Task5    0x008001ba        0xd ./APP/main.o
                0x008001ba                Task5
 .data.x.1483   0x008001c7        0x1 ./APP/main.o
 *(.rodata)
 *(.rodata*)
 .rodata.C.0.1491
                0x008001c8       0x14 ./MCAL/TIMER/TIMER_Program.o
 .rodata.ArrayofADC_Config_1
                0x008001dc        0x6 ./CONFIG/ADC_LCONFIG.o
                0x008001dc                ArrayofADC_Config_1
 .rodata.ArrayofADC_Config_2
                0x008001e2        0x6 ./CONFIG/ADC_LCONFIG.o
                0x008001e2                ArrayofADC_Config_2
 .rodata.PORT_Config_Arr
                0x008001e8       0x80 ./CONFIG/Port_Lcfg.o
                0x008001e8                PORT_Config_Arr
 *(.gnu.linkonce.d*)
                0x00800268                . = ALIGN (0x2)
                0x00800268                _edata = .
                0x00800268                PROVIDE (__data_end, .)

.bss            0x00800268       0x85
                0x00800268                PROVIDE (__bss_start, .)
 *(.bss)
 .bss           0x00800268        0x0 d:/courses/embedded course imt/01- imt sdk-20220703t224428z-001/new folder/01- imt sdk/imt_sdk_win_64/imt_sdk_win_64/winavr/bin/../lib/gcc/avr/4.3.3/../../../../avr/lib/avr5/crtm32.o
 .bss           0x00800268        0x0 ./SERVICE/OS_Program.o
 .bss           0x00800268        0x0 ./MCAL/TIMER1/TIMER_1_Program.o
 .bss           0x00800268        0x0 ./MCAL/TIMER/TIMER_Program.o
 .bss           0x00800268        0x0 ./MCAL/PORT/Port_prg.o
 .bss           0x00800268        0x0 ./MCAL/GIE/GIE_Program.o
 .bss           0x00800268        0x0 ./MCAL/EXTI/EXTI_Header/EXTI_Program.o
 .bss           0x00800268        0x0 ./MCAL/DIO/Dio_prg.o
 .bss           0x00800268        0x0 ./MCAL/ADC/ADC_Program.o
 .bss           0x00800268        0x0 ./HAL/Relay/Relay_Prog.o
 .bss           0x00800268        0x0 ./HAL/Push_Button/PB_Program.o
 .bss           0x00800268        0x0 ./HAL/LM_35_Sensor/LM35_Program.o
 .bss           0x00800268        0x0 ./HAL/LED/LED_Program.o
 .bss           0x00800268        0x0 ./HAL/DC_MOTOR/DC_MOTOR_Program.o
 .bss           0x00800268        0x0 ./HAL/CLCD/CLCD_Program.o
 .bss           0x00800268        0x0 ./HAL/Buzzer/Buzzer_Prog.o
 .bss           0x00800268        0x0 ./CONFIG/ADC_LCONFIG.o
 .bss           0x00800268        0x0 ./CONFIG/DC_MOTOR_LCONFIG.o
 .bss           0x00800268        0x0 ./CONFIG/Dio_Lcfg.o
 .bss           0x00800268        0x0 ./CONFIG/EXTI_LCONFIG.o
 .bss           0x00800268        0x0 ./CONFIG/GIE_LCONFIG.o
 .bss           0x00800268        0x0 ./CONFIG/LED_LCFG.o
 .bss           0x00800268        0x0 ./CONFIG/OS_LCONFIG.o
 .bss           0x00800268        0x0 ./CONFIG/Port_Lcfg.o
 .bss           0x00800268        0x0 ./CONFIG/TIMER_1_LCONFIG.o
 .bss           0x00800268        0x0 ./CONFIG/TIMER_LCFG.o
 .bss           0x00800268        0x0 ./APP/main.o
 .bss           0x00800268        0x0 d:/courses/embedded course imt/01- imt sdk-20220703t224428z-001/new folder/01- imt sdk/imt_sdk_win_64/imt_sdk_win_64/winavr/bin/../lib/gcc/avr/4.3.3/avr5\libgcc.a(_udivmodqi4.o)
 .bss           0x00800268        0x0 d:/courses/embedded course imt/01- imt sdk-20220703t224428z-001/new folder/01- imt sdk/imt_sdk_win_64/imt_sdk_win_64/winavr/bin/../lib/gcc/avr/4.3.3/avr5\libgcc.a(_udivmodhi4.o)
 .bss           0x00800268        0x0 d:/courses/embedded course imt/01- imt sdk-20220703t224428z-001/new folder/01- imt sdk/imt_sdk_win_64/imt_sdk_win_64/winavr/bin/../lib/gcc/avr/4.3.3/avr5\libgcc.a(_udivmodsi4.o)
 .bss           0x00800268        0x0 d:/courses/embedded course imt/01- imt sdk-20220703t224428z-001/new folder/01- imt sdk/imt_sdk_win_64/imt_sdk_win_64/winavr/bin/../lib/gcc/avr/4.3.3/avr5\libgcc.a(_divmodsi4.o)
 .bss           0x00800268        0x0 d:/courses/embedded course imt/01- imt sdk-20220703t224428z-001/new folder/01- imt sdk/imt_sdk_win_64/imt_sdk_win_64/winavr/bin/../lib/gcc/avr/4.3.3/avr5\libgcc.a(_exit.o)
 .bss           0x00800268        0x0 d:/courses/embedded course imt/01- imt sdk-20220703t224428z-001/new folder/01- imt sdk/imt_sdk_win_64/imt_sdk_win_64/winavr/bin/../lib/gcc/avr/4.3.3/avr5\libgcc.a(_copy_data.o)
 .bss           0x00800268        0x0 d:/courses/embedded course imt/01- imt sdk-20220703t224428z-001/new folder/01- imt sdk/imt_sdk_win_64/imt_sdk_win_64/winavr/bin/../lib/gcc/avr/4.3.3/avr5\libgcc.a(_clear_bss.o)
 .bss           0x00800268        0x0 d:/courses/embedded course imt/01- imt sdk-20220703t224428z-001/new folder/01- imt sdk/imt_sdk_win_64/imt_sdk_win_64/winavr/bin/../lib/gcc/avr/4.3.3/avr5\libgcc.a(_fixunssfsi.o)
 .bss           0x00800268        0x0 d:/courses/embedded course imt/01- imt sdk-20220703t224428z-001/new folder/01- imt sdk/imt_sdk_win_64/imt_sdk_win_64/winavr/bin/../lib/gcc/avr/4.3.3/avr5\libgcc.a(_addsub_sf.o)
 .bss           0x00800268        0x0 d:/courses/embedded course imt/01- imt sdk-20220703t224428z-001/new folder/01- imt sdk/imt_sdk_win_64/imt_sdk_win_64/winavr/bin/../lib/gcc/avr/4.3.3/avr5\libgcc.a(_mul_sf.o)
 .bss           0x00800268        0x0 d:/courses/embedded course imt/01- imt sdk-20220703t224428z-001/new folder/01- imt sdk/imt_sdk_win_64/imt_sdk_win_64/winavr/bin/../lib/gcc/avr/4.3.3/avr5\libgcc.a(_div_sf.o)
 .bss           0x00800268        0x0 d:/courses/embedded course imt/01- imt sdk-20220703t224428z-001/new folder/01- imt sdk/imt_sdk_win_64/imt_sdk_win_64/winavr/bin/../lib/gcc/avr/4.3.3/avr5\libgcc.a(_gt_sf.o)
 .bss           0x00800268        0x0 d:/courses/embedded course imt/01- imt sdk-20220703t224428z-001/new folder/01- imt sdk/imt_sdk_win_64/imt_sdk_win_64/winavr/bin/../lib/gcc/avr/4.3.3/avr5\libgcc.a(_ge_sf.o)
 .bss           0x00800268        0x0 d:/courses/embedded course imt/01- imt sdk-20220703t224428z-001/new folder/01- imt sdk/imt_sdk_win_64/imt_sdk_win_64/winavr/bin/../lib/gcc/avr/4.3.3/avr5\libgcc.a(_lt_sf.o)
 .bss           0x00800268        0x0 d:/courses/embedded course imt/01- imt sdk-20220703t224428z-001/new folder/01- imt sdk/imt_sdk_win_64/imt_sdk_win_64/winavr/bin/../lib/gcc/avr/4.3.3/avr5\libgcc.a(_sf_to_si.o)
 .bss           0x00800268        0x0 d:/courses/embedded course imt/01- imt sdk-20220703t224428z-001/new folder/01- imt sdk/imt_sdk_win_64/imt_sdk_win_64/winavr/bin/../lib/gcc/avr/4.3.3/avr5\libgcc.a(_thenan_sf.o)
 .bss           0x00800268        0x0 d:/courses/embedded course imt/01- imt sdk-20220703t224428z-001/new folder/01- imt sdk/imt_sdk_win_64/imt_sdk_win_64/winavr/bin/../lib/gcc/avr/4.3.3/avr5\libgcc.a(_usi_to_sf.o)
 .bss           0x00800268        0x0 d:/courses/embedded course imt/01- imt sdk-20220703t224428z-001/new folder/01- imt sdk/imt_sdk_win_64/imt_sdk_win_64/winavr/bin/../lib/gcc/avr/4.3.3/avr5\libgcc.a(_prologue.o)
 .bss           0x00800268        0x0 d:/courses/embedded course imt/01- imt sdk-20220703t224428z-001/new folder/01- imt sdk/imt_sdk_win_64/imt_sdk_win_64/winavr/bin/../lib/gcc/avr/4.3.3/avr5\libgcc.a(_epilogue.o)
 .bss           0x00800268        0x0 d:/courses/embedded course imt/01- imt sdk-20220703t224428z-001/new folder/01- imt sdk/imt_sdk_win_64/imt_sdk_win_64/winavr/bin/../lib/gcc/avr/4.3.3/avr5\libgcc.a(_clzsi2.o)
 .bss           0x00800268        0x0 d:/courses/embedded course imt/01- imt sdk-20220703t224428z-001/new folder/01- imt sdk/imt_sdk_win_64/imt_sdk_win_64/winavr/bin/../lib/gcc/avr/4.3.3/avr5\libgcc.a(_pack_sf.o)
 .bss           0x00800268        0x0 d:/courses/embedded course imt/01- imt sdk-20220703t224428z-001/new folder/01- imt sdk/imt_sdk_win_64/imt_sdk_win_64/winavr/bin/../lib/gcc/avr/4.3.3/avr5\libgcc.a(_unpack_sf.o)
 .bss           0x00800268        0x0 d:/courses/embedded course imt/01- imt sdk-20220703t224428z-001/new folder/01- imt sdk/imt_sdk_win_64/imt_sdk_win_64/winavr/bin/../lib/gcc/avr/4.3.3/avr5\libgcc.a(_fpcmp_parts_sf.o)
 .bss           0x00800268        0x0 d:/courses/embedded course imt/01- imt sdk-20220703t224428z-001/new folder/01- imt sdk/imt_sdk_win_64/imt_sdk_win_64/winavr/bin/../lib/gcc/avr/4.3.3/avr5\libgcc.a(_clz.o)
 *(.bss*)
 .bss.index     0x00800268        0x1 ./SERVICE/OS_Program.o
 .bss.Task_Arr  0x00800269       0x41 ./SERVICE/OS_Program.o
 .bss.ICU_CallBackFun
                0x008002aa        0x2 ./MCAL/TIMER1/TIMER_1_Program.o
                0x008002aa                ICU_CallBackFun
 .bss.EXTI_ARRCALLBACK2FUNC
                0x008002ac        0x4 ./MCAL/TIMER/TIMER_Program.o
 .bss.No_of_over_flows
                0x008002b0        0x4 ./MCAL/TIMER/TIMER_Program.o
 .bss.No_of_Remaning
                0x008002b4        0x1 ./MCAL/TIMER/TIMER_Program.o
 .bss.Global_No_of_overflows
                0x008002b5        0x4 ./MCAL/TIMER/TIMER_Program.o
 .bss.EXTI_ARRCALLBACK2FUNC
                0x008002b9        0x6 ./MCAL/EXTI/EXTI_Header/EXTI_Program.o
 .bss.ADC_ptr_FUNC
                0x008002bf        0x2 ./MCAL/ADC/ADC_Program.o
 .bss.y.1484    0x008002c1        0x1 ./APP/main.o
 .bss.i.1500    0x008002c2        0x1 ./APP/main.o
 .bss.counter.1526
                0x008002c3        0x1 ./APP/main.o
 .bss.Flag_Relay.1525
                0x008002c4        0x1 ./APP/main.o
 *(COMMON)
 COMMON         0x008002c5       0x28 ./HAL/CLCD/CLCD_Program.o
                0x008002c5                Pattern_4
                0x008002cd                Pattern_2
                0x008002d5                SmilyChar
                0x008002dd                Pattern_3
                0x008002e5                Pattern_1
                0x008002ed                PROVIDE (__bss_end, .)
                0x000046c0                __data_load_start = LOADADDR (.data)
                0x000048c8                __data_load_end = (__data_load_start + SIZEOF (.data))

.noinit         0x008002ed        0x0
                0x008002ed                PROVIDE (__noinit_start, .)
 *(.noinit*)
                0x008002ed                PROVIDE (__noinit_end, .)
                0x008002ed                _end = .
                0x008002ed                PROVIDE (__heap_start, .)

.eeprom         0x00810000        0x0
 *(.eeprom*)
                0x00810000                __eeprom_end = .

.fuse
 *(.fuse)
 *(.lfuse)
 *(.hfuse)
 *(.efuse)

.lock
 *(.lock*)

.signature
 *(.signature*)

.stab           0x00000000     0x5934
 *(.stab)
 .stab          0x00000000      0x5a0 ./SERVICE/OS_Program.o
 .stab          0x000005a0      0x5d0 ./MCAL/TIMER1/TIMER_1_Program.o
                                0x648 (size before relaxing)
 .stab          0x00000b70      0x9c0 ./MCAL/TIMER/TIMER_Program.o
                                0xa38 (size before relaxing)
 .stab          0x00001530      0x330 ./MCAL/PORT/Port_prg.o
                                0x3a8 (size before relaxing)
 .stab          0x00001860      0x144 ./MCAL/GIE/GIE_Program.o
                                0x1bc (size before relaxing)
 .stab          0x000019a4      0x534 ./MCAL/EXTI/EXTI_Header/EXTI_Program.o
                                0x768 (size before relaxing)
 .stab          0x00001ed8      0x510 ./MCAL/DIO/Dio_prg.o
                                0x588 (size before relaxing)
 .stab          0x000023e8      0x708 ./MCAL/ADC/ADC_Program.o
                                0x780 (size before relaxing)
 .stab          0x00002af0      0x2f4 ./HAL/Relay/Relay_Prog.o
                                0x384 (size before relaxing)
 .stab          0x00002de4      0x3c0 ./HAL/Push_Button/PB_Program.o
                                0x624 (size before relaxing)
 .stab          0x000031a4      0x2a0 ./HAL/LM_35_Sensor/LM35_Program.o
                                0x5b8 (size before relaxing)
 .stab          0x00003444      0x240 ./HAL/LED/LED_Program.o
                                0x324 (size before relaxing)
 .stab          0x00003684      0x2b8 ./HAL/DC_MOTOR/DC_MOTOR_Program.o
                                0x39c (size before relaxing)
 .stab          0x0000393c      0xc48 ./HAL/CLCD/CLCD_Program.o
                                0xeb8 (size before relaxing)
 .stab          0x00004584      0x180 ./HAL/Buzzer/Buzzer_Prog.o
                                0x30c (size before relaxing)
 .stab          0x00004704      0x210 ./CONFIG/ADC_LCONFIG.o
                                0x288 (size before relaxing)
 .stab          0x00004914       0xd8 ./CONFIG/DC_MOTOR_LCONFIG.o
                                 0xe4 (size before relaxing)
 .stab          0x000049ec       0xd8 ./CONFIG/Dio_Lcfg.o
                                 0xe4 (size before relaxing)
 .stab          0x00004ac4      0x174 ./CONFIG/EXTI_LCONFIG.o
                                0x1ec (size before relaxing)
 .stab          0x00004c38       0xd8 ./CONFIG/GIE_LCONFIG.o
                                 0xe4 (size before relaxing)
 .stab          0x00004d10       0xd8 ./CONFIG/LED_LCFG.o
                                 0xe4 (size before relaxing)
 .stab          0x00004de8       0xf0 ./CONFIG/OS_LCONFIG.o
                                0x1d4 (size before relaxing)
 .stab          0x00004ed8      0x18c ./CONFIG/Port_Lcfg.o
                                0x21c (size before relaxing)
 .stab          0x00005064       0xd8 ./CONFIG/TIMER_1_LCONFIG.o
                                 0xe4 (size before relaxing)
 .stab          0x0000513c       0xd8 ./CONFIG/TIMER_LCFG.o
                                 0xe4 (size before relaxing)
 .stab          0x00005214      0x720 ./APP/main.o
                                0xa38 (size before relaxing)

.stabstr        0x00000000     0x41fd
 *(.stabstr)
 .stabstr       0x00000000     0x41fd ./SERVICE/OS_Program.o

.stab.excl
 *(.stab.excl)

.stab.exclstr
 *(.stab.exclstr)

.stab.index
 *(.stab.index)

.stab.indexstr
 *(.stab.indexstr)

.comment
 *(.comment)

.debug
 *(.debug)

.line
 *(.line)

.debug_srcinfo
 *(.debug_srcinfo)

.debug_sfnames
 *(.debug_sfnames)

.debug_aranges  0x00000000      0x1a0
 *(.debug_aranges)
 .debug_aranges
                0x00000000       0x20 d:/courses/embedded course imt/01- imt sdk-20220703t224428z-001/new folder/01- imt sdk/imt_sdk_win_64/imt_sdk_win_64/winavr/bin/../lib/gcc/avr/4.3.3/avr5\libgcc.a(_fixunssfsi.o)
 .debug_aranges
                0x00000020       0x20 d:/courses/embedded course imt/01- imt sdk-20220703t224428z-001/new folder/01- imt sdk/imt_sdk_win_64/imt_sdk_win_64/winavr/bin/../lib/gcc/avr/4.3.3/avr5\libgcc.a(_addsub_sf.o)
 .debug_aranges
                0x00000040       0x20 d:/courses/embedded course imt/01- imt sdk-20220703t224428z-001/new folder/01- imt sdk/imt_sdk_win_64/imt_sdk_win_64/winavr/bin/../lib/gcc/avr/4.3.3/avr5\libgcc.a(_mul_sf.o)
 .debug_aranges
                0x00000060       0x20 d:/courses/embedded course imt/01- imt sdk-20220703t224428z-001/new folder/01- imt sdk/imt_sdk_win_64/imt_sdk_win_64/winavr/bin/../lib/gcc/avr/4.3.3/avr5\libgcc.a(_div_sf.o)
 .debug_aranges
                0x00000080       0x20 d:/courses/embedded course imt/01- imt sdk-20220703t224428z-001/new folder/01- imt sdk/imt_sdk_win_64/imt_sdk_win_64/winavr/bin/../lib/gcc/avr/4.3.3/avr5\libgcc.a(_gt_sf.o)
 .debug_aranges
                0x000000a0       0x20 d:/courses/embedded course imt/01- imt sdk-20220703t224428z-001/new folder/01- imt sdk/imt_sdk_win_64/imt_sdk_win_64/winavr/bin/../lib/gcc/avr/4.3.3/avr5\libgcc.a(_ge_sf.o)
 .debug_aranges
                0x000000c0       0x20 d:/courses/embedded course imt/01- imt sdk-20220703t224428z-001/new folder/01- imt sdk/imt_sdk_win_64/imt_sdk_win_64/winavr/bin/../lib/gcc/avr/4.3.3/avr5\libgcc.a(_lt_sf.o)
 .debug_aranges
                0x000000e0       0x20 d:/courses/embedded course imt/01- imt sdk-20220703t224428z-001/new folder/01- imt sdk/imt_sdk_win_64/imt_sdk_win_64/winavr/bin/../lib/gcc/avr/4.3.3/avr5\libgcc.a(_sf_to_si.o)
 .debug_aranges
                0x00000100       0x20 d:/courses/embedded course imt/01- imt sdk-20220703t224428z-001/new folder/01- imt sdk/imt_sdk_win_64/imt_sdk_win_64/winavr/bin/../lib/gcc/avr/4.3.3/avr5\libgcc.a(_usi_to_sf.o)
 .debug_aranges
                0x00000120       0x20 d:/courses/embedded course imt/01- imt sdk-20220703t224428z-001/new folder/01- imt sdk/imt_sdk_win_64/imt_sdk_win_64/winavr/bin/../lib/gcc/avr/4.3.3/avr5\libgcc.a(_clzsi2.o)
 .debug_aranges
                0x00000140       0x20 d:/courses/embedded course imt/01- imt sdk-20220703t224428z-001/new folder/01- imt sdk/imt_sdk_win_64/imt_sdk_win_64/winavr/bin/../lib/gcc/avr/4.3.3/avr5\libgcc.a(_pack_sf.o)
 .debug_aranges
                0x00000160       0x20 d:/courses/embedded course imt/01- imt sdk-20220703t224428z-001/new folder/01- imt sdk/imt_sdk_win_64/imt_sdk_win_64/winavr/bin/../lib/gcc/avr/4.3.3/avr5\libgcc.a(_unpack_sf.o)
 .debug_aranges
                0x00000180       0x20 d:/courses/embedded course imt/01- imt sdk-20220703t224428z-001/new folder/01- imt sdk/imt_sdk_win_64/imt_sdk_win_64/winavr/bin/../lib/gcc/avr/4.3.3/avr5\libgcc.a(_fpcmp_parts_sf.o)

.debug_pubnames
                0x00000000      0x1f2
 *(.debug_pubnames)
 .debug_pubnames
                0x00000000       0x23 d:/courses/embedded course imt/01- imt sdk-20220703t224428z-001/new folder/01- imt sdk/imt_sdk_win_64/imt_sdk_win_64/winavr/bin/../lib/gcc/avr/4.3.3/avr5\libgcc.a(_fixunssfsi.o)
 .debug_pubnames
                0x00000023       0x2c d:/courses/embedded course imt/01- imt sdk-20220703t224428z-001/new folder/01- imt sdk/imt_sdk_win_64/imt_sdk_win_64/winavr/bin/../lib/gcc/avr/4.3.3/avr5\libgcc.a(_addsub_sf.o)
 .debug_pubnames
                0x0000004f       0x1f d:/courses/embedded course imt/01- imt sdk-20220703t224428z-001/new folder/01- imt sdk/imt_sdk_win_64/imt_sdk_win_64/winavr/bin/../lib/gcc/avr/4.3.3/avr5\libgcc.a(_mul_sf.o)
 .debug_pubnames
                0x0000006e       0x1f d:/courses/embedded course imt/01- imt sdk-20220703t224428z-001/new folder/01- imt sdk/imt_sdk_win_64/imt_sdk_win_64/winavr/bin/../lib/gcc/avr/4.3.3/avr5\libgcc.a(_div_sf.o)
 .debug_pubnames
                0x0000008d       0x1e d:/courses/embedded course imt/01- imt sdk-20220703t224428z-001/new folder/01- imt sdk/imt_sdk_win_64/imt_sdk_win_64/winavr/bin/../lib/gcc/avr/4.3.3/avr5\libgcc.a(_gt_sf.o)
 .debug_pubnames
                0x000000ab       0x1e d:/courses/embedded course imt/01- imt sdk-20220703t224428z-001/new folder/01- imt sdk/imt_sdk_win_64/imt_sdk_win_64/winavr/bin/../lib/gcc/avr/4.3.3/avr5\libgcc.a(_ge_sf.o)
 .debug_pubnames
                0x000000c9       0x1e d:/courses/embedded course imt/01- imt sdk-20220703t224428z-001/new folder/01- imt sdk/imt_sdk_win_64/imt_sdk_win_64/winavr/bin/../lib/gcc/avr/4.3.3/avr5\libgcc.a(_lt_sf.o)
 .debug_pubnames
                0x000000e7       0x20 d:/courses/embedded course imt/01- imt sdk-20220703t224428z-001/new folder/01- imt sdk/imt_sdk_win_64/imt_sdk_win_64/winavr/bin/../lib/gcc/avr/4.3.3/avr5\libgcc.a(_sf_to_si.o)
 .debug_pubnames
                0x00000107       0x22 d:/courses/embedded course imt/01- imt sdk-20220703t224428z-001/new folder/01- imt sdk/imt_sdk_win_64/imt_sdk_win_64/winavr/bin/../lib/gcc/avr/4.3.3/avr5\libgcc.a(_thenan_sf.o)
 .debug_pubnames
                0x00000129       0x24 d:/courses/embedded course imt/01- imt sdk-20220703t224428z-001/new folder/01- imt sdk/imt_sdk_win_64/imt_sdk_win_64/winavr/bin/../lib/gcc/avr/4.3.3/avr5\libgcc.a(_usi_to_sf.o)
 .debug_pubnames
                0x0000014d       0x1f d:/courses/embedded course imt/01- imt sdk-20220703t224428z-001/new folder/01- imt sdk/imt_sdk_win_64/imt_sdk_win_64/winavr/bin/../lib/gcc/avr/4.3.3/avr5\libgcc.a(_clzsi2.o)
 .debug_pubnames
                0x0000016c       0x1f d:/courses/embedded course imt/01- imt sdk-20220703t224428z-001/new folder/01- imt sdk/imt_sdk_win_64/imt_sdk_win_64/winavr/bin/../lib/gcc/avr/4.3.3/avr5\libgcc.a(_pack_sf.o)
 .debug_pubnames
                0x0000018b       0x21 d:/courses/embedded course imt/01- imt sdk-20220703t224428z-001/new folder/01- imt sdk/imt_sdk_win_64/imt_sdk_win_64/winavr/bin/../lib/gcc/avr/4.3.3/avr5\libgcc.a(_unpack_sf.o)
 .debug_pubnames
                0x000001ac       0x26 d:/courses/embedded course imt/01- imt sdk-20220703t224428z-001/new folder/01- imt sdk/imt_sdk_win_64/imt_sdk_win_64/winavr/bin/../lib/gcc/avr/4.3.3/avr5\libgcc.a(_fpcmp_parts_sf.o)
 .debug_pubnames
                0x000001d2       0x20 d:/courses/embedded course imt/01- imt sdk-20220703t224428z-001/new folder/01- imt sdk/imt_sdk_win_64/imt_sdk_win_64/winavr/bin/../lib/gcc/avr/4.3.3/avr5\libgcc.a(_clz.o)

.debug_info     0x00000000     0x240b
 *(.debug_info)
 .debug_info    0x00000000       0xb1 d:/courses/embedded course imt/01- imt sdk-20220703t224428z-001/new folder/01- imt sdk/imt_sdk_win_64/imt_sdk_win_64/winavr/bin/../lib/gcc/avr/4.3.3/avr5\libgcc.a(_fixunssfsi.o)
 .debug_info    0x000000b1      0x47a d:/courses/embedded course imt/01- imt sdk-20220703t224428z-001/new folder/01- imt sdk/imt_sdk_win_64/imt_sdk_win_64/winavr/bin/../lib/gcc/avr/4.3.3/avr5\libgcc.a(_addsub_sf.o)
 .debug_info    0x0000052b      0x485 d:/courses/embedded course imt/01- imt sdk-20220703t224428z-001/new folder/01- imt sdk/imt_sdk_win_64/imt_sdk_win_64/winavr/bin/../lib/gcc/avr/4.3.3/avr5\libgcc.a(_mul_sf.o)
 .debug_info    0x000009b0      0x3fc d:/courses/embedded course imt/01- imt sdk-20220703t224428z-001/new folder/01- imt sdk/imt_sdk_win_64/imt_sdk_win_64/winavr/bin/../lib/gcc/avr/4.3.3/avr5\libgcc.a(_div_sf.o)
 .debug_info    0x00000dac      0x27f d:/courses/embedded course imt/01- imt sdk-20220703t224428z-001/new folder/01- imt sdk/imt_sdk_win_64/imt_sdk_win_64/winavr/bin/../lib/gcc/avr/4.3.3/avr5\libgcc.a(_gt_sf.o)
 .debug_info    0x0000102b      0x27f d:/courses/embedded course imt/01- imt sdk-20220703t224428z-001/new folder/01- imt sdk/imt_sdk_win_64/imt_sdk_win_64/winavr/bin/../lib/gcc/avr/4.3.3/avr5\libgcc.a(_ge_sf.o)
 .debug_info    0x000012aa      0x27f d:/courses/embedded course imt/01- imt sdk-20220703t224428z-001/new folder/01- imt sdk/imt_sdk_win_64/imt_sdk_win_64/winavr/bin/../lib/gcc/avr/4.3.3/avr5\libgcc.a(_lt_sf.o)
 .debug_info    0x00001529      0x2b0 d:/courses/embedded course imt/01- imt sdk-20220703t224428z-001/new folder/01- imt sdk/imt_sdk_win_64/imt_sdk_win_64/winavr/bin/../lib/gcc/avr/4.3.3/avr5\libgcc.a(_sf_to_si.o)
 .debug_info    0x000017d9      0x12c d:/courses/embedded course imt/01- imt sdk-20220703t224428z-001/new folder/01- imt sdk/imt_sdk_win_64/imt_sdk_win_64/winavr/bin/../lib/gcc/avr/4.3.3/avr5\libgcc.a(_thenan_sf.o)
 .debug_info    0x00001905      0x206 d:/courses/embedded course imt/01- imt sdk-20220703t224428z-001/new folder/01- imt sdk/imt_sdk_win_64/imt_sdk_win_64/winavr/bin/../lib/gcc/avr/4.3.3/avr5\libgcc.a(_usi_to_sf.o)
 .debug_info    0x00001b0b      0x117 d:/courses/embedded course imt/01- imt sdk-20220703t224428z-001/new folder/01- imt sdk/imt_sdk_win_64/imt_sdk_win_64/winavr/bin/../lib/gcc/avr/4.3.3/avr5\libgcc.a(_clzsi2.o)
 .debug_info    0x00001c22      0x2df d:/courses/embedded course imt/01- imt sdk-20220703t224428z-001/new folder/01- imt sdk/imt_sdk_win_64/imt_sdk_win_64/winavr/bin/../lib/gcc/avr/4.3.3/avr5\libgcc.a(_pack_sf.o)
 .debug_info    0x00001f01      0x251 d:/courses/embedded course imt/01- imt sdk-20220703t224428z-001/new folder/01- imt sdk/imt_sdk_win_64/imt_sdk_win_64/winavr/bin/../lib/gcc/avr/4.3.3/avr5\libgcc.a(_unpack_sf.o)
 .debug_info    0x00002152      0x210 d:/courses/embedded course imt/01- imt sdk-20220703t224428z-001/new folder/01- imt sdk/imt_sdk_win_64/imt_sdk_win_64/winavr/bin/../lib/gcc/avr/4.3.3/avr5\libgcc.a(_fpcmp_parts_sf.o)
 .debug_info    0x00002362       0xa9 d:/courses/embedded course imt/01- imt sdk-20220703t224428z-001/new folder/01- imt sdk/imt_sdk_win_64/imt_sdk_win_64/winavr/bin/../lib/gcc/avr/4.3.3/avr5\libgcc.a(_clz.o)
 *(.gnu.linkonce.wi.*)

.debug_abbrev   0x00000000     0x1386
 *(.debug_abbrev)
 .debug_abbrev  0x00000000       0x5d d:/courses/embedded course imt/01- imt sdk-20220703t224428z-001/new folder/01- imt sdk/imt_sdk_win_64/imt_sdk_win_64/winavr/bin/../lib/gcc/avr/4.3.3/avr5\libgcc.a(_fixunssfsi.o)
 .debug_abbrev  0x0000005d      0x1ea d:/courses/embedded course imt/01- imt sdk-20220703t224428z-001/new folder/01- imt sdk/imt_sdk_win_64/imt_sdk_win_64/winavr/bin/../lib/gcc/avr/4.3.3/avr5\libgcc.a(_addsub_sf.o)
 .debug_abbrev  0x00000247      0x21b d:/courses/embedded course imt/01- imt sdk-20220703t224428z-001/new folder/01- imt sdk/imt_sdk_win_64/imt_sdk_win_64/winavr/bin/../lib/gcc/avr/4.3.3/avr5\libgcc.a(_mul_sf.o)
 .debug_abbrev  0x00000462      0x216 d:/courses/embedded course imt/01- imt sdk-20220703t224428z-001/new folder/01- imt sdk/imt_sdk_win_64/imt_sdk_win_64/winavr/bin/../lib/gcc/avr/4.3.3/avr5\libgcc.a(_div_sf.o)
 .debug_abbrev  0x00000678      0x15a d:/courses/embedded course imt/01- imt sdk-20220703t224428z-001/new folder/01- imt sdk/imt_sdk_win_64/imt_sdk_win_64/winavr/bin/../lib/gcc/avr/4.3.3/avr5\libgcc.a(_gt_sf.o)
 .debug_abbrev  0x000007d2      0x15a d:/courses/embedded course imt/01- imt sdk-20220703t224428z-001/new folder/01- imt sdk/imt_sdk_win_64/imt_sdk_win_64/winavr/bin/../lib/gcc/avr/4.3.3/avr5\libgcc.a(_ge_sf.o)
 .debug_abbrev  0x0000092c      0x15a d:/courses/embedded course imt/01- imt sdk-20220703t224428z-001/new folder/01- imt sdk/imt_sdk_win_64/imt_sdk_win_64/winavr/bin/../lib/gcc/avr/4.3.3/avr5\libgcc.a(_lt_sf.o)
 .debug_abbrev  0x00000a86      0x17f d:/courses/embedded course imt/01- imt sdk-20220703t224428z-001/new folder/01- imt sdk/imt_sdk_win_64/imt_sdk_win_64/winavr/bin/../lib/gcc/avr/4.3.3/avr5\libgcc.a(_sf_to_si.o)
 .debug_abbrev  0x00000c05       0xad d:/courses/embedded course imt/01- imt sdk-20220703t224428z-001/new folder/01- imt sdk/imt_sdk_win_64/imt_sdk_win_64/winavr/bin/../lib/gcc/avr/4.3.3/avr5\libgcc.a(_thenan_sf.o)
 .debug_abbrev  0x00000cb2      0x157 d:/courses/embedded course imt/01- imt sdk-20220703t224428z-001/new folder/01- imt sdk/imt_sdk_win_64/imt_sdk_win_64/winavr/bin/../lib/gcc/avr/4.3.3/avr5\libgcc.a(_usi_to_sf.o)
 .debug_abbrev  0x00000e09       0xc4 d:/courses/embedded course imt/01- imt sdk-20220703t224428z-001/new folder/01- imt sdk/imt_sdk_win_64/imt_sdk_win_64/winavr/bin/../lib/gcc/avr/4.3.3/avr5\libgcc.a(_clzsi2.o)
 .debug_abbrev  0x00000ecd      0x1c0 d:/courses/embedded course imt/01- imt sdk-20220703t224428z-001/new folder/01- imt sdk/imt_sdk_win_64/imt_sdk_win_64/winavr/bin/../lib/gcc/avr/4.3.3/avr5\libgcc.a(_pack_sf.o)
 .debug_abbrev  0x0000108d      0x154 d:/courses/embedded course imt/01- imt sdk-20220703t224428z-001/new folder/01- imt sdk/imt_sdk_win_64/imt_sdk_win_64/winavr/bin/../lib/gcc/avr/4.3.3/avr5\libgcc.a(_unpack_sf.o)
 .debug_abbrev  0x000011e1      0x13b d:/courses/embedded course imt/01- imt sdk-20220703t224428z-001/new folder/01- imt sdk/imt_sdk_win_64/imt_sdk_win_64/winavr/bin/../lib/gcc/avr/4.3.3/avr5\libgcc.a(_fpcmp_parts_sf.o)
 .debug_abbrev  0x0000131c       0x6a d:/courses/embedded course imt/01- imt sdk-20220703t224428z-001/new folder/01- imt sdk/imt_sdk_win_64/imt_sdk_win_64/winavr/bin/../lib/gcc/avr/4.3.3/avr5\libgcc.a(_clz.o)

.debug_line     0x00000000     0x11d6
 *(.debug_line)
 .debug_line    0x00000000       0xa7 d:/courses/embedded course imt/01- imt sdk-20220703t224428z-001/new folder/01- imt sdk/imt_sdk_win_64/imt_sdk_win_64/winavr/bin/../lib/gcc/avr/4.3.3/avr5\libgcc.a(_fixunssfsi.o)
 .debug_line    0x000000a7      0x2af d:/courses/embedded course imt/01- imt sdk-20220703t224428z-001/new folder/01- imt sdk/imt_sdk_win_64/imt_sdk_win_64/winavr/bin/../lib/gcc/avr/4.3.3/avr5\libgcc.a(_addsub_sf.o)
 .debug_line    0x00000356      0x239 d:/courses/embedded course imt/01- imt sdk-20220703t224428z-001/new folder/01- imt sdk/imt_sdk_win_64/imt_sdk_win_64/winavr/bin/../lib/gcc/avr/4.3.3/avr5\libgcc.a(_mul_sf.o)
 .debug_line    0x0000058f      0x1d5 d:/courses/embedded course imt/01- imt sdk-20220703t224428z-001/new folder/01- imt sdk/imt_sdk_win_64/imt_sdk_win_64/winavr/bin/../lib/gcc/avr/4.3.3/avr5\libgcc.a(_div_sf.o)
 .debug_line    0x00000764       0xd3 d:/courses/embedded course imt/01- imt sdk-20220703t224428z-001/new folder/01- imt sdk/imt_sdk_win_64/imt_sdk_win_64/winavr/bin/../lib/gcc/avr/4.3.3/avr5\libgcc.a(_gt_sf.o)
 .debug_line    0x00000837       0xd3 d:/courses/embedded course imt/01- imt sdk-20220703t224428z-001/new folder/01- imt sdk/imt_sdk_win_64/imt_sdk_win_64/winavr/bin/../lib/gcc/avr/4.3.3/avr5\libgcc.a(_ge_sf.o)
 .debug_line    0x0000090a       0xd3 d:/courses/embedded course imt/01- imt sdk-20220703t224428z-001/new folder/01- imt sdk/imt_sdk_win_64/imt_sdk_win_64/winavr/bin/../lib/gcc/avr/4.3.3/avr5\libgcc.a(_lt_sf.o)
 .debug_line    0x000009dd      0x109 d:/courses/embedded course imt/01- imt sdk-20220703t224428z-001/new folder/01- imt sdk/imt_sdk_win_64/imt_sdk_win_64/winavr/bin/../lib/gcc/avr/4.3.3/avr5\libgcc.a(_sf_to_si.o)
 .debug_line    0x00000ae6       0x90 d:/courses/embedded course imt/01- imt sdk-20220703t224428z-001/new folder/01- imt sdk/imt_sdk_win_64/imt_sdk_win_64/winavr/bin/../lib/gcc/avr/4.3.3/avr5\libgcc.a(_thenan_sf.o)
 .debug_line    0x00000b76      0x133 d:/courses/embedded course imt/01- imt sdk-20220703t224428z-001/new folder/01- imt sdk/imt_sdk_win_64/imt_sdk_win_64/winavr/bin/../lib/gcc/avr/4.3.3/avr5\libgcc.a(_usi_to_sf.o)
 .debug_line    0x00000ca9       0xa5 d:/courses/embedded course imt/01- imt sdk-20220703t224428z-001/new folder/01- imt sdk/imt_sdk_win_64/imt_sdk_win_64/winavr/bin/../lib/gcc/avr/4.3.3/avr5\libgcc.a(_clzsi2.o)
 .debug_line    0x00000d4e      0x18a d:/courses/embedded course imt/01- imt sdk-20220703t224428z-001/new folder/01- imt sdk/imt_sdk_win_64/imt_sdk_win_64/winavr/bin/../lib/gcc/avr/4.3.3/avr5\libgcc.a(_pack_sf.o)
 .debug_line    0x00000ed8      0x14b d:/courses/embedded course imt/01- imt sdk-20220703t224428z-001/new folder/01- imt sdk/imt_sdk_win_64/imt_sdk_win_64/winavr/bin/../lib/gcc/avr/4.3.3/avr5\libgcc.a(_unpack_sf.o)
 .debug_line    0x00001023      0x137 d:/courses/embedded course imt/01- imt sdk-20220703t224428z-001/new folder/01- imt sdk/imt_sdk_win_64/imt_sdk_win_64/winavr/bin/../lib/gcc/avr/4.3.3/avr5\libgcc.a(_fpcmp_parts_sf.o)
 .debug_line    0x0000115a       0x7c d:/courses/embedded course imt/01- imt sdk-20220703t224428z-001/new folder/01- imt sdk/imt_sdk_win_64/imt_sdk_win_64/winavr/bin/../lib/gcc/avr/4.3.3/avr5\libgcc.a(_clz.o)

.debug_frame    0x00000000      0x1c0
 *(.debug_frame)
 .debug_frame   0x00000000       0x20 d:/courses/embedded course imt/01- imt sdk-20220703t224428z-001/new folder/01- imt sdk/imt_sdk_win_64/imt_sdk_win_64/winavr/bin/../lib/gcc/avr/4.3.3/avr5\libgcc.a(_fixunssfsi.o)
 .debug_frame   0x00000020       0x40 d:/courses/embedded course imt/01- imt sdk-20220703t224428z-001/new folder/01- imt sdk/imt_sdk_win_64/imt_sdk_win_64/winavr/bin/../lib/gcc/avr/4.3.3/avr5\libgcc.a(_addsub_sf.o)
 .debug_frame   0x00000060       0x20 d:/courses/embedded course imt/01- imt sdk-20220703t224428z-001/new folder/01- imt sdk/imt_sdk_win_64/imt_sdk_win_64/winavr/bin/../lib/gcc/avr/4.3.3/avr5\libgcc.a(_mul_sf.o)
 .debug_frame   0x00000080       0x20 d:/courses/embedded course imt/01- imt sdk-20220703t224428z-001/new folder/01- imt sdk/imt_sdk_win_64/imt_sdk_win_64/winavr/bin/../lib/gcc/avr/4.3.3/avr5\libgcc.a(_div_sf.o)
 .debug_frame   0x000000a0       0x20 d:/courses/embedded course imt/01- imt sdk-20220703t224428z-001/new folder/01- imt sdk/imt_sdk_win_64/imt_sdk_win_64/winavr/bin/../lib/gcc/avr/4.3.3/avr5\libgcc.a(_gt_sf.o)
 .debug_frame   0x000000c0       0x20 d:/courses/embedded course imt/01- imt sdk-20220703t224428z-001/new folder/01- imt sdk/imt_sdk_win_64/imt_sdk_win_64/winavr/bin/../lib/gcc/avr/4.3.3/avr5\libgcc.a(_ge_sf.o)
 .debug_frame   0x000000e0       0x20 d:/courses/embedded course imt/01- imt sdk-20220703t224428z-001/new folder/01- imt sdk/imt_sdk_win_64/imt_sdk_win_64/winavr/bin/../lib/gcc/avr/4.3.3/avr5\libgcc.a(_lt_sf.o)
 .debug_frame   0x00000100       0x20 d:/courses/embedded course imt/01- imt sdk-20220703t224428z-001/new folder/01- imt sdk/imt_sdk_win_64/imt_sdk_win_64/winavr/bin/../lib/gcc/avr/4.3.3/avr5\libgcc.a(_sf_to_si.o)
 .debug_frame   0x00000120       0x20 d:/courses/embedded course imt/01- imt sdk-20220703t224428z-001/new folder/01- imt sdk/imt_sdk_win_64/imt_sdk_win_64/winavr/bin/../lib/gcc/avr/4.3.3/avr5\libgcc.a(_usi_to_sf.o)
 .debug_frame   0x00000140       0x20 d:/courses/embedded course imt/01- imt sdk-20220703t224428z-001/new folder/01- imt sdk/imt_sdk_win_64/imt_sdk_win_64/winavr/bin/../lib/gcc/avr/4.3.3/avr5\libgcc.a(_clzsi2.o)
 .debug_frame   0x00000160       0x20 d:/courses/embedded course imt/01- imt sdk-20220703t224428z-001/new folder/01- imt sdk/imt_sdk_win_64/imt_sdk_win_64/winavr/bin/../lib/gcc/avr/4.3.3/avr5\libgcc.a(_pack_sf.o)
 .debug_frame   0x00000180       0x20 d:/courses/embedded course imt/01- imt sdk-20220703t224428z-001/new folder/01- imt sdk/imt_sdk_win_64/imt_sdk_win_64/winavr/bin/../lib/gcc/avr/4.3.3/avr5\libgcc.a(_unpack_sf.o)
 .debug_frame   0x000001a0       0x20 d:/courses/embedded course imt/01- imt sdk-20220703t224428z-001/new folder/01- imt sdk/imt_sdk_win_64/imt_sdk_win_64/winavr/bin/../lib/gcc/avr/4.3.3/avr5\libgcc.a(_fpcmp_parts_sf.o)

.debug_str      0x00000000      0x2f6
 *(.debug_str)
 .debug_str     0x00000000       0xbf d:/courses/embedded course imt/01- imt sdk-20220703t224428z-001/new folder/01- imt sdk/imt_sdk_win_64/imt_sdk_win_64/winavr/bin/../lib/gcc/avr/4.3.3/avr5\libgcc.a(_fixunssfsi.o)
                                 0xfe (size before relaxing)
 .debug_str     0x000000bf      0x14d d:/courses/embedded course imt/01- imt sdk-20220703t224428z-001/new folder/01- imt sdk/imt_sdk_win_64/imt_sdk_win_64/winavr/bin/../lib/gcc/avr/4.3.3/avr5\libgcc.a(_addsub_sf.o)
                                0x206 (size before relaxing)
 .debug_str     0x0000020c       0x27 d:/courses/embedded course imt/01- imt sdk-20220703t224428z-001/new folder/01- imt sdk/imt_sdk_win_64/imt_sdk_win_64/winavr/bin/../lib/gcc/avr/4.3.3/avr5\libgcc.a(_mul_sf.o)
                                0x1bf (size before relaxing)
 .debug_str     0x00000233       0x35 d:/courses/embedded course imt/01- imt sdk-20220703t224428z-001/new folder/01- imt sdk/imt_sdk_win_64/imt_sdk_win_64/winavr/bin/../lib/gcc/avr/4.3.3/avr5\libgcc.a(_div_sf.o)
                                0x1c8 (size before relaxing)
 .debug_str     0x00000268        0x8 d:/courses/embedded course imt/01- imt sdk-20220703t224428z-001/new folder/01- imt sdk/imt_sdk_win_64/imt_sdk_win_64/winavr/bin/../lib/gcc/avr/4.3.3/avr5\libgcc.a(_gt_sf.o)
                                0x195 (size before relaxing)
 .debug_str     0x00000270        0x8 d:/courses/embedded course imt/01- imt sdk-20220703t224428z-001/new folder/01- imt sdk/imt_sdk_win_64/imt_sdk_win_64/winavr/bin/../lib/gcc/avr/4.3.3/avr5\libgcc.a(_ge_sf.o)
                                0x195 (size before relaxing)
 .debug_str     0x00000278        0x8 d:/courses/embedded course imt/01- imt sdk-20220703t224428z-001/new folder/01- imt sdk/imt_sdk_win_64/imt_sdk_win_64/winavr/bin/../lib/gcc/avr/4.3.3/avr5\libgcc.a(_lt_sf.o)
                                0x195 (size before relaxing)
 .debug_str     0x00000280        0xa d:/courses/embedded course imt/01- imt sdk-20220703t224428z-001/new folder/01- imt sdk/imt_sdk_win_64/imt_sdk_win_64/winavr/bin/../lib/gcc/avr/4.3.3/avr5\libgcc.a(_sf_to_si.o)
                                0x19e (size before relaxing)
 .debug_str     0x00000000      0x103 d:/courses/embedded course imt/01- imt sdk-20220703t224428z-001/new folder/01- imt sdk/imt_sdk_win_64/imt_sdk_win_64/winavr/bin/../lib/gcc/avr/4.3.3/avr5\libgcc.a(_thenan_sf.o)
 .debug_str     0x0000028a       0x21 d:/courses/embedded course imt/01- imt sdk-20220703t224428z-001/new folder/01- imt sdk/imt_sdk_win_64/imt_sdk_win_64/winavr/bin/../lib/gcc/avr/4.3.3/avr5\libgcc.a(_usi_to_sf.o)
                                0x177 (size before relaxing)
 .debug_str     0x000002ab       0x20 d:/courses/embedded course imt/01- imt sdk-20220703t224428z-001/new folder/01- imt sdk/imt_sdk_win_64/imt_sdk_win_64/winavr/bin/../lib/gcc/avr/4.3.3/avr5\libgcc.a(_clzsi2.o)
                                0x111 (size before relaxing)
 .debug_str     0x000002cb       0x10 d:/courses/embedded course imt/01- imt sdk-20220703t224428z-001/new folder/01- imt sdk/imt_sdk_win_64/imt_sdk_win_64/winavr/bin/../lib/gcc/avr/4.3.3/avr5\libgcc.a(_pack_sf.o)
                                0x19d (size before relaxing)
 .debug_str     0x000002db        0xb d:/courses/embedded course imt/01- imt sdk-20220703t224428z-001/new folder/01- imt sdk/imt_sdk_win_64/imt_sdk_win_64/winavr/bin/../lib/gcc/avr/4.3.3/avr5\libgcc.a(_unpack_sf.o)
                                0x17f (size before relaxing)
 .debug_str     0x000002e6       0x10 d:/courses/embedded course imt/01- imt sdk-20220703t224428z-001/new folder/01- imt sdk/imt_sdk_win_64/imt_sdk_win_64/winavr/bin/../lib/gcc/avr/4.3.3/avr5\libgcc.a(_fpcmp_parts_sf.o)
                                0x163 (size before relaxing)
 .debug_str     0x00000000       0xf4 d:/courses/embedded course imt/01- imt sdk-20220703t224428z-001/new folder/01- imt sdk/imt_sdk_win_64/imt_sdk_win_64/winavr/bin/../lib/gcc/avr/4.3.3/avr5\libgcc.a(_clz.o)

.debug_loc      0x00000000      0x96e
 *(.debug_loc)
 .debug_loc     0x00000000       0x34 d:/courses/embedded course imt/01- imt sdk-20220703t224428z-001/new folder/01- imt sdk/imt_sdk_win_64/imt_sdk_win_64/winavr/bin/../lib/gcc/avr/4.3.3/avr5\libgcc.a(_fixunssfsi.o)
 .debug_loc     0x00000034      0x32a d:/courses/embedded course imt/01- imt sdk-20220703t224428z-001/new folder/01- imt sdk/imt_sdk_win_64/imt_sdk_win_64/winavr/bin/../lib/gcc/avr/4.3.3/avr5\libgcc.a(_addsub_sf.o)
 .debug_loc     0x0000035e      0x104 d:/courses/embedded course imt/01- imt sdk-20220703t224428z-001/new folder/01- imt sdk/imt_sdk_win_64/imt_sdk_win_64/winavr/bin/../lib/gcc/avr/4.3.3/avr5\libgcc.a(_mul_sf.o)
 .debug_loc     0x00000462       0xc0 d:/courses/embedded course imt/01- imt sdk-20220703t224428z-001/new folder/01- imt sdk/imt_sdk_win_64/imt_sdk_win_64/winavr/bin/../lib/gcc/avr/4.3.3/avr5\libgcc.a(_div_sf.o)
 .debug_loc     0x00000522       0x3c d:/courses/embedded course imt/01- imt sdk-20220703t224428z-001/new folder/01- imt sdk/imt_sdk_win_64/imt_sdk_win_64/winavr/bin/../lib/gcc/avr/4.3.3/avr5\libgcc.a(_gt_sf.o)
 .debug_loc     0x0000055e       0x3c d:/courses/embedded course imt/01- imt sdk-20220703t224428z-001/new folder/01- imt sdk/imt_sdk_win_64/imt_sdk_win_64/winavr/bin/../lib/gcc/avr/4.3.3/avr5\libgcc.a(_ge_sf.o)
 .debug_loc     0x0000059a       0x3c d:/courses/embedded course imt/01- imt sdk-20220703t224428z-001/new folder/01- imt sdk/imt_sdk_win_64/imt_sdk_win_64/winavr/bin/../lib/gcc/avr/4.3.3/avr5\libgcc.a(_lt_sf.o)
 .debug_loc     0x000005d6       0x7e d:/courses/embedded course imt/01- imt sdk-20220703t224428z-001/new folder/01- imt sdk/imt_sdk_win_64/imt_sdk_win_64/winavr/bin/../lib/gcc/avr/4.3.3/avr5\libgcc.a(_sf_to_si.o)
 .debug_loc     0x00000654       0x4c d:/courses/embedded course imt/01- imt sdk-20220703t224428z-001/new folder/01- imt sdk/imt_sdk_win_64/imt_sdk_win_64/winavr/bin/../lib/gcc/avr/4.3.3/avr5\libgcc.a(_usi_to_sf.o)
 .debug_loc     0x000006a0       0x94 d:/courses/embedded course imt/01- imt sdk-20220703t224428z-001/new folder/01- imt sdk/imt_sdk_win_64/imt_sdk_win_64/winavr/bin/../lib/gcc/avr/4.3.3/avr5\libgcc.a(_clzsi2.o)
 .debug_loc     0x00000734      0x13e d:/courses/embedded course imt/01- imt sdk-20220703t224428z-001/new folder/01- imt sdk/imt_sdk_win_64/imt_sdk_win_64/winavr/bin/../lib/gcc/avr/4.3.3/avr5\libgcc.a(_pack_sf.o)
 .debug_loc     0x00000872       0xac d:/courses/embedded course imt/01- imt sdk-20220703t224428z-001/new folder/01- imt sdk/imt_sdk_win_64/imt_sdk_win_64/winavr/bin/../lib/gcc/avr/4.3.3/avr5\libgcc.a(_unpack_sf.o)
 .debug_loc     0x0000091e       0x50 d:/courses/embedded course imt/01- imt sdk-20220703t224428z-001/new folder/01- imt sdk/imt_sdk_win_64/imt_sdk_win_64/winavr/bin/../lib/gcc/avr/4.3.3/avr5\libgcc.a(_fpcmp_parts_sf.o)

.debug_macinfo
 *(.debug_macinfo)
OUTPUT(FreeRTOS.elf elf32-avr)
LOAD linker stubs

.debug_ranges   0x00000000       0x50
 .debug_ranges  0x00000000       0x50 d:/courses/embedded course imt/01- imt sdk-20220703t224428z-001/new folder/01- imt sdk/imt_sdk_win_64/imt_sdk_win_64/winavr/bin/../lib/gcc/avr/4.3.3/avr5\libgcc.a(_mul_sf.o)
