Archive member included because of file (symbol)

d:/courses/embedded course imt/01- imt sdk-20220703t224428z-001/new folder/01- imt sdk/imt_sdk_win_64/imt_sdk_win_64/winavr/bin/../lib/gcc/avr/4.3.3/avr5\libgcc.a(_udivmodqi4.o)
                              ./MCAL/PORT/Port_prg.o (__udivmodqi4)
d:/courses/embedded course imt/01- imt sdk-20220703t224428z-001/new folder/01- imt sdk/imt_sdk_win_64/imt_sdk_win_64/winavr/bin/../lib/gcc/avr/4.3.3/avr5\libgcc.a(_divmodsi4.o)
                              ./HAL/CLCD/CLCD_Program.o (__divmodsi4)
d:/courses/embedded course imt/01- imt sdk-20220703t224428z-001/new folder/01- imt sdk/imt_sdk_win_64/imt_sdk_win_64/winavr/bin/../lib/gcc/avr/4.3.3/avr5\libgcc.a(_exit.o)
                              d:/courses/embedded course imt/01- imt sdk-20220703t224428z-001/new folder/01- imt sdk/imt_sdk_win_64/imt_sdk_win_64/winavr/bin/../lib/gcc/avr/4.3.3/../../../../avr/lib/avr5/crtm32.o (exit)
d:/courses/embedded course imt/01- imt sdk-20220703t224428z-001/new folder/01- imt sdk/imt_sdk_win_64/imt_sdk_win_64/winavr/bin/../lib/gcc/avr/4.3.3/avr5\libgcc.a(_copy_data.o)
                              ./HAL/FINGER_PRINT/Finger_Print_Program_v3.o (__do_copy_data)
d:/courses/embedded course imt/01- imt sdk-20220703t224428z-001/new folder/01- imt sdk/imt_sdk_win_64/imt_sdk_win_64/winavr/bin/../lib/gcc/avr/4.3.3/avr5\libgcc.a(_clear_bss.o)
                              ./MCAL/USART/USART_Program.o (__do_clear_bss)
d:/courses/embedded course imt/01- imt sdk-20220703t224428z-001/new folder/01- imt sdk/imt_sdk_win_64/imt_sdk_win_64/winavr/bin/../lib/gcc/avr/4.3.3/avr5\libgcc.a(_fixunssfsi.o)
                              ./HAL/FINGER_PRINT/Finger_Print_Program_v3.o (__fixunssfsi)
d:/courses/embedded course imt/01- imt sdk-20220703t224428z-001/new folder/01- imt sdk/imt_sdk_win_64/imt_sdk_win_64/winavr/bin/../lib/gcc/avr/4.3.3/avr5\libgcc.a(_addsub_sf.o)
                              d:/courses/embedded course imt/01- imt sdk-20220703t224428z-001/new folder/01- imt sdk/imt_sdk_win_64/imt_sdk_win_64/winavr/bin/../lib/gcc/avr/4.3.3/avr5\libgcc.a(_fixunssfsi.o) (__subsf3)
d:/courses/embedded course imt/01- imt sdk-20220703t224428z-001/new folder/01- imt sdk/imt_sdk_win_64/imt_sdk_win_64/winavr/bin/../lib/gcc/avr/4.3.3/avr5\libgcc.a(_mul_sf.o)
                              ./HAL/FINGER_PRINT/Finger_Print_Program_v3.o (__mulsf3)
d:/courses/embedded course imt/01- imt sdk-20220703t224428z-001/new folder/01- imt sdk/imt_sdk_win_64/imt_sdk_win_64/winavr/bin/../lib/gcc/avr/4.3.3/avr5\libgcc.a(_gt_sf.o)
                              ./HAL/FINGER_PRINT/Finger_Print_Program_v3.o (__gtsf2)
d:/courses/embedded course imt/01- imt sdk-20220703t224428z-001/new folder/01- imt sdk/imt_sdk_win_64/imt_sdk_win_64/winavr/bin/../lib/gcc/avr/4.3.3/avr5\libgcc.a(_ge_sf.o)
                              d:/courses/embedded course imt/01- imt sdk-20220703t224428z-001/new folder/01- imt sdk/imt_sdk_win_64/imt_sdk_win_64/winavr/bin/../lib/gcc/avr/4.3.3/avr5\libgcc.a(_fixunssfsi.o) (__gesf2)
d:/courses/embedded course imt/01- imt sdk-20220703t224428z-001/new folder/01- imt sdk/imt_sdk_win_64/imt_sdk_win_64/winavr/bin/../lib/gcc/avr/4.3.3/avr5\libgcc.a(_lt_sf.o)
                              ./HAL/FINGER_PRINT/Finger_Print_Program_v3.o (__ltsf2)
d:/courses/embedded course imt/01- imt sdk-20220703t224428z-001/new folder/01- imt sdk/imt_sdk_win_64/imt_sdk_win_64/winavr/bin/../lib/gcc/avr/4.3.3/avr5\libgcc.a(_sf_to_si.o)
                              d:/courses/embedded course imt/01- imt sdk-20220703t224428z-001/new folder/01- imt sdk/imt_sdk_win_64/imt_sdk_win_64/winavr/bin/../lib/gcc/avr/4.3.3/avr5\libgcc.a(_fixunssfsi.o) (__fixsfsi)
d:/courses/embedded course imt/01- imt sdk-20220703t224428z-001/new folder/01- imt sdk/imt_sdk_win_64/imt_sdk_win_64/winavr/bin/../lib/gcc/avr/4.3.3/avr5\libgcc.a(_thenan_sf.o)
                              d:/courses/embedded course imt/01- imt sdk-20220703t224428z-001/new folder/01- imt sdk/imt_sdk_win_64/imt_sdk_win_64/winavr/bin/../lib/gcc/avr/4.3.3/avr5\libgcc.a(_addsub_sf.o) (__thenan_sf)
d:/courses/embedded course imt/01- imt sdk-20220703t224428z-001/new folder/01- imt sdk/imt_sdk_win_64/imt_sdk_win_64/winavr/bin/../lib/gcc/avr/4.3.3/avr5\libgcc.a(_udivmodsi4.o)
                              d:/courses/embedded course imt/01- imt sdk-20220703t224428z-001/new folder/01- imt sdk/imt_sdk_win_64/imt_sdk_win_64/winavr/bin/../lib/gcc/avr/4.3.3/avr5\libgcc.a(_divmodsi4.o) (__udivmodsi4)
d:/courses/embedded course imt/01- imt sdk-20220703t224428z-001/new folder/01- imt sdk/imt_sdk_win_64/imt_sdk_win_64/winavr/bin/../lib/gcc/avr/4.3.3/avr5\libgcc.a(_prologue.o)
                              d:/courses/embedded course imt/01- imt sdk-20220703t224428z-001/new folder/01- imt sdk/imt_sdk_win_64/imt_sdk_win_64/winavr/bin/../lib/gcc/avr/4.3.3/avr5\libgcc.a(_addsub_sf.o) (__prologue_saves__)
d:/courses/embedded course imt/01- imt sdk-20220703t224428z-001/new folder/01- imt sdk/imt_sdk_win_64/imt_sdk_win_64/winavr/bin/../lib/gcc/avr/4.3.3/avr5\libgcc.a(_epilogue.o)
                              d:/courses/embedded course imt/01- imt sdk-20220703t224428z-001/new folder/01- imt sdk/imt_sdk_win_64/imt_sdk_win_64/winavr/bin/../lib/gcc/avr/4.3.3/avr5\libgcc.a(_addsub_sf.o) (__epilogue_restores__)
d:/courses/embedded course imt/01- imt sdk-20220703t224428z-001/new folder/01- imt sdk/imt_sdk_win_64/imt_sdk_win_64/winavr/bin/../lib/gcc/avr/4.3.3/avr5\libgcc.a(_pack_sf.o)
                              d:/courses/embedded course imt/01- imt sdk-20220703t224428z-001/new folder/01- imt sdk/imt_sdk_win_64/imt_sdk_win_64/winavr/bin/../lib/gcc/avr/4.3.3/avr5\libgcc.a(_addsub_sf.o) (__pack_f)
d:/courses/embedded course imt/01- imt sdk-20220703t224428z-001/new folder/01- imt sdk/imt_sdk_win_64/imt_sdk_win_64/winavr/bin/../lib/gcc/avr/4.3.3/avr5\libgcc.a(_unpack_sf.o)
                              d:/courses/embedded course imt/01- imt sdk-20220703t224428z-001/new folder/01- imt sdk/imt_sdk_win_64/imt_sdk_win_64/winavr/bin/../lib/gcc/avr/4.3.3/avr5\libgcc.a(_addsub_sf.o) (__unpack_f)
d:/courses/embedded course imt/01- imt sdk-20220703t224428z-001/new folder/01- imt sdk/imt_sdk_win_64/imt_sdk_win_64/winavr/bin/../lib/gcc/avr/4.3.3/avr5\libgcc.a(_fpcmp_parts_sf.o)
                              d:/courses/embedded course imt/01- imt sdk-20220703t224428z-001/new folder/01- imt sdk/imt_sdk_win_64/imt_sdk_win_64/winavr/bin/../lib/gcc/avr/4.3.3/avr5\libgcc.a(_gt_sf.o) (__fpcmp_parts_f)

Memory Configuration

Name             Origin             Length             Attributes
text             0x00000000         0x00020000         xr
data             0x00800060         0x0000ffa0         rw !x
eeprom           0x00810000         0x00010000         rw !x
fuse             0x00820000         0x00000400         rw !x
lock             0x00830000         0x00000400         rw !x
signature        0x00840000         0x00000400         rw !x
*default*        0x00000000         0xffffffff

Linker script and memory map

LOAD d:/courses/embedded course imt/01- imt sdk-20220703t224428z-001/new folder/01- imt sdk/imt_sdk_win_64/imt_sdk_win_64/winavr/bin/../lib/gcc/avr/4.3.3/../../../../avr/lib/avr5/crtm32.o
LOAD ./MCAL/USART/USART_Program.o
LOAD ./MCAL/PORT/Port_prg.o
LOAD ./MCAL/GIE/GIE_Program.o
LOAD ./MCAL/DIO/Dio_prg.o
LOAD ./HAL/FINGER_PRINT/Finger_Print_Program_v3.o
LOAD ./HAL/CLCD/CLCD_Program.o
LOAD ./CONFIG/CLCD_LCFG.o
LOAD ./CONFIG/Dio_Lcfg.o
LOAD ./CONFIG/FINGER_PRINT_LCONFIG.o
LOAD ./CONFIG/GIE_LCONFIG.o
LOAD ./CONFIG/Port_Lcfg.o
LOAD ./CONFIG/USART_LCONFIG.o
LOAD ./APP/main_Finger_Print_v2.o
LOAD d:/courses/embedded course imt/01- imt sdk-20220703t224428z-001/new folder/01- imt sdk/imt_sdk_win_64/imt_sdk_win_64/winavr/bin/../lib/gcc/avr/4.3.3/avr5\libgcc.a
LOAD d:/courses/embedded course imt/01- imt sdk-20220703t224428z-001/new folder/01- imt sdk/imt_sdk_win_64/imt_sdk_win_64/winavr/bin/../lib/gcc/avr/4.3.3/../../../../avr/lib/avr5\libc.a
LOAD d:/courses/embedded course imt/01- imt sdk-20220703t224428z-001/new folder/01- imt sdk/imt_sdk_win_64/imt_sdk_win_64/winavr/bin/../lib/gcc/avr/4.3.3/avr5\libgcc.a

.hash
 *(.hash)

.dynsym
 *(.dynsym)

.dynstr
 *(.dynstr)

.gnu.version
 *(.gnu.version)

.gnu.version_d
 *(.gnu.version_d)

.gnu.version_r
 *(.gnu.version_r)

.rel.init
 *(.rel.init)

.rela.init
 *(.rela.init)

.rel.text
 *(.rel.text)
 *(.rel.text.*)
 *(.rel.gnu.linkonce.t*)

.rela.text
 *(.rela.text)
 *(.rela.text.*)
 *(.rela.gnu.linkonce.t*)

.rel.fini
 *(.rel.fini)

.rela.fini
 *(.rela.fini)

.rel.rodata
 *(.rel.rodata)
 *(.rel.rodata.*)
 *(.rel.gnu.linkonce.r*)

.rela.rodata
 *(.rela.rodata)
 *(.rela.rodata.*)
 *(.rela.gnu.linkonce.r*)

.rel.data
 *(.rel.data)
 *(.rel.data.*)
 *(.rel.gnu.linkonce.d*)

.rela.data
 *(.rela.data)
 *(.rela.data.*)
 *(.rela.gnu.linkonce.d*)

.rel.ctors
 *(.rel.ctors)

.rela.ctors
 *(.rela.ctors)

.rel.dtors
 *(.rel.dtors)

.rela.dtors
 *(.rela.dtors)

.rel.got
 *(.rel.got)

.rela.got
 *(.rela.got)

.rel.bss
 *(.rel.bss)

.rela.bss
 *(.rela.bss)

.rel.plt
 *(.rel.plt)

.rela.plt
 *(.rela.plt)

.text           0x00000000     0x36a2
 *(.vectors)
 .vectors       0x00000000       0x54 d:/courses/embedded course imt/01- imt sdk-20220703t224428z-001/new folder/01- imt sdk/imt_sdk_win_64/imt_sdk_win_64/winavr/bin/../lib/gcc/avr/4.3.3/../../../../avr/lib/avr5/crtm32.o
                0x00000000                __vectors
                0x00000000                __vector_default
 *(.vectors)
 *(.progmem.gcc*)
 *(.progmem*)
                0x00000054                . = ALIGN (0x2)
                0x00000054                __trampolines_start = .
 *(.trampolines)
 .trampolines   0x00000054        0x0 linker stubs
 *(.trampolines*)
                0x00000054                __trampolines_end = .
 *(.jumptables)
 *(.jumptables*)
 *(.lowtext)
 *(.lowtext*)
                0x00000054                __ctors_start = .
 *(.ctors)
                0x00000054                __ctors_end = .
                0x00000054                __dtors_start = .
 *(.dtors)
                0x00000054                __dtors_end = .
 SORT(*)(.ctors)
 SORT(*)(.dtors)
 *(.init0)
 .init0         0x00000054        0x0 d:/courses/embedded course imt/01- imt sdk-20220703t224428z-001/new folder/01- imt sdk/imt_sdk_win_64/imt_sdk_win_64/winavr/bin/../lib/gcc/avr/4.3.3/../../../../avr/lib/avr5/crtm32.o
                0x00000054                __init
 *(.init0)
 *(.init1)
 *(.init1)
 *(.init2)
 .init2         0x00000054        0xc d:/courses/embedded course imt/01- imt sdk-20220703t224428z-001/new folder/01- imt sdk/imt_sdk_win_64/imt_sdk_win_64/winavr/bin/../lib/gcc/avr/4.3.3/../../../../avr/lib/avr5/crtm32.o
 *(.init2)
 *(.init3)
 *(.init3)
 *(.init4)
 .init4         0x00000060       0x16 d:/courses/embedded course imt/01- imt sdk-20220703t224428z-001/new folder/01- imt sdk/imt_sdk_win_64/imt_sdk_win_64/winavr/bin/../lib/gcc/avr/4.3.3/avr5\libgcc.a(_copy_data.o)
                0x00000060                __do_copy_data
 .init4         0x00000076       0x10 d:/courses/embedded course imt/01- imt sdk-20220703t224428z-001/new folder/01- imt sdk/imt_sdk_win_64/imt_sdk_win_64/winavr/bin/../lib/gcc/avr/4.3.3/avr5\libgcc.a(_clear_bss.o)
                0x00000076                __do_clear_bss
 *(.init4)
 *(.init5)
 *(.init5)
 *(.init6)
 *(.init6)
 *(.init7)
 *(.init7)
 *(.init8)
 *(.init8)
 *(.init9)
 .init9         0x00000086        0x8 d:/courses/embedded course imt/01- imt sdk-20220703t224428z-001/new folder/01- imt sdk/imt_sdk_win_64/imt_sdk_win_64/winavr/bin/../lib/gcc/avr/4.3.3/../../../../avr/lib/avr5/crtm32.o
 *(.init9)
 *(.text)
 .text          0x0000008e        0x4 d:/courses/embedded course imt/01- imt sdk-20220703t224428z-001/new folder/01- imt sdk/imt_sdk_win_64/imt_sdk_win_64/winavr/bin/../lib/gcc/avr/4.3.3/../../../../avr/lib/avr5/crtm32.o
                0x0000008e                __vector_1
                0x0000008e                __vector_12
                0x0000008e                __bad_interrupt
                0x0000008e                __vector_6
                0x0000008e                __vector_3
                0x0000008e                __vector_11
                0x0000008e                __vector_17
                0x0000008e                __vector_19
                0x0000008e                __vector_7
                0x0000008e                __vector_5
                0x0000008e                __vector_4
                0x0000008e                __vector_9
                0x0000008e                __vector_2
                0x0000008e                __vector_15
                0x0000008e                __vector_8
                0x0000008e                __vector_14
                0x0000008e                __vector_10
                0x0000008e                __vector_16
                0x0000008e                __vector_18
                0x0000008e                __vector_20
 .text          0x00000092        0x0 ./MCAL/USART/USART_Program.o
 .text          0x00000092        0x0 ./MCAL/PORT/Port_prg.o
 .text          0x00000092        0x0 ./MCAL/GIE/GIE_Program.o
 .text          0x00000092        0x0 ./MCAL/DIO/Dio_prg.o
 .text          0x00000092        0x0 ./HAL/FINGER_PRINT/Finger_Print_Program_v3.o
 .text          0x00000092        0x0 ./HAL/CLCD/CLCD_Program.o
 .text          0x00000092        0x0 ./CONFIG/CLCD_LCFG.o
 .text          0x00000092        0x0 ./CONFIG/Dio_Lcfg.o
 .text          0x00000092        0x0 ./CONFIG/FINGER_PRINT_LCONFIG.o
 .text          0x00000092        0x0 ./CONFIG/GIE_LCONFIG.o
 .text          0x00000092        0x0 ./CONFIG/Port_Lcfg.o
 .text          0x00000092        0x0 ./CONFIG/USART_LCONFIG.o
 .text          0x00000092        0x0 ./APP/main_Finger_Print_v2.o
 .text          0x00000092        0x0 d:/courses/embedded course imt/01- imt sdk-20220703t224428z-001/new folder/01- imt sdk/imt_sdk_win_64/imt_sdk_win_64/winavr/bin/../lib/gcc/avr/4.3.3/avr5\libgcc.a(_udivmodqi4.o)
 .text          0x00000092        0x0 d:/courses/embedded course imt/01- imt sdk-20220703t224428z-001/new folder/01- imt sdk/imt_sdk_win_64/imt_sdk_win_64/winavr/bin/../lib/gcc/avr/4.3.3/avr5\libgcc.a(_divmodsi4.o)
 .text          0x00000092        0x0 d:/courses/embedded course imt/01- imt sdk-20220703t224428z-001/new folder/01- imt sdk/imt_sdk_win_64/imt_sdk_win_64/winavr/bin/../lib/gcc/avr/4.3.3/avr5\libgcc.a(_exit.o)
 .text          0x00000092        0x0 d:/courses/embedded course imt/01- imt sdk-20220703t224428z-001/new folder/01- imt sdk/imt_sdk_win_64/imt_sdk_win_64/winavr/bin/../lib/gcc/avr/4.3.3/avr5\libgcc.a(_copy_data.o)
 .text          0x00000092        0x0 d:/courses/embedded course imt/01- imt sdk-20220703t224428z-001/new folder/01- imt sdk/imt_sdk_win_64/imt_sdk_win_64/winavr/bin/../lib/gcc/avr/4.3.3/avr5\libgcc.a(_clear_bss.o)
 .text          0x00000092       0x58 d:/courses/embedded course imt/01- imt sdk-20220703t224428z-001/new folder/01- imt sdk/imt_sdk_win_64/imt_sdk_win_64/winavr/bin/../lib/gcc/avr/4.3.3/avr5\libgcc.a(_fixunssfsi.o)
                0x00000092                __fixunssfsi
 .text          0x000000ea      0x354 d:/courses/embedded course imt/01- imt sdk-20220703t224428z-001/new folder/01- imt sdk/imt_sdk_win_64/imt_sdk_win_64/winavr/bin/../lib/gcc/avr/4.3.3/avr5\libgcc.a(_addsub_sf.o)
                0x00000382                __subsf3
                0x000003e4                __addsf3
 .text          0x0000043e      0x1f4 d:/courses/embedded course imt/01- imt sdk-20220703t224428z-001/new folder/01- imt sdk/imt_sdk_win_64/imt_sdk_win_64/winavr/bin/../lib/gcc/avr/4.3.3/avr5\libgcc.a(_mul_sf.o)
                0x0000043e                __mulsf3
 .text          0x00000632       0x60 d:/courses/embedded course imt/01- imt sdk-20220703t224428z-001/new folder/01- imt sdk/imt_sdk_win_64/imt_sdk_win_64/winavr/bin/../lib/gcc/avr/4.3.3/avr5\libgcc.a(_gt_sf.o)
                0x00000632                __gtsf2
 .text          0x00000692       0x60 d:/courses/embedded course imt/01- imt sdk-20220703t224428z-001/new folder/01- imt sdk/imt_sdk_win_64/imt_sdk_win_64/winavr/bin/../lib/gcc/avr/4.3.3/avr5\libgcc.a(_ge_sf.o)
                0x00000692                __gesf2
 .text          0x000006f2       0x60 d:/courses/embedded course imt/01- imt sdk-20220703t224428z-001/new folder/01- imt sdk/imt_sdk_win_64/imt_sdk_win_64/winavr/bin/../lib/gcc/avr/4.3.3/avr5\libgcc.a(_lt_sf.o)
                0x000006f2                __ltsf2
 .text          0x00000752       0xa8 d:/courses/embedded course imt/01- imt sdk-20220703t224428z-001/new folder/01- imt sdk/imt_sdk_win_64/imt_sdk_win_64/winavr/bin/../lib/gcc/avr/4.3.3/avr5\libgcc.a(_sf_to_si.o)
                0x00000752                __fixsfsi
 .text          0x000007fa        0x0 d:/courses/embedded course imt/01- imt sdk-20220703t224428z-001/new folder/01- imt sdk/imt_sdk_win_64/imt_sdk_win_64/winavr/bin/../lib/gcc/avr/4.3.3/avr5\libgcc.a(_thenan_sf.o)
 .text          0x000007fa        0x0 d:/courses/embedded course imt/01- imt sdk-20220703t224428z-001/new folder/01- imt sdk/imt_sdk_win_64/imt_sdk_win_64/winavr/bin/../lib/gcc/avr/4.3.3/avr5\libgcc.a(_udivmodsi4.o)
 .text          0x000007fa        0x0 d:/courses/embedded course imt/01- imt sdk-20220703t224428z-001/new folder/01- imt sdk/imt_sdk_win_64/imt_sdk_win_64/winavr/bin/../lib/gcc/avr/4.3.3/avr5\libgcc.a(_prologue.o)
 .text          0x000007fa        0x0 d:/courses/embedded course imt/01- imt sdk-20220703t224428z-001/new folder/01- imt sdk/imt_sdk_win_64/imt_sdk_win_64/winavr/bin/../lib/gcc/avr/4.3.3/avr5\libgcc.a(_epilogue.o)
 .text          0x000007fa      0x1aa d:/courses/embedded course imt/01- imt sdk-20220703t224428z-001/new folder/01- imt sdk/imt_sdk_win_64/imt_sdk_win_64/winavr/bin/../lib/gcc/avr/4.3.3/avr5\libgcc.a(_pack_sf.o)
                0x000007fa                __pack_f
 .text          0x000009a4       0xf0 d:/courses/embedded course imt/01- imt sdk-20220703t224428z-001/new folder/01- imt sdk/imt_sdk_win_64/imt_sdk_win_64/winavr/bin/../lib/gcc/avr/4.3.3/avr5\libgcc.a(_unpack_sf.o)
                0x000009a4                __unpack_f
 .text          0x00000a94       0xb2 d:/courses/embedded course imt/01- imt sdk-20220703t224428z-001/new folder/01- imt sdk/imt_sdk_win_64/imt_sdk_win_64/winavr/bin/../lib/gcc/avr/4.3.3/avr5\libgcc.a(_fpcmp_parts_sf.o)
                0x00000a94                __fpcmp_parts_f
                0x00000b46                . = ALIGN (0x2)
 *(.text.*)
 .text.UART_Init
                0x00000b46      0x220 ./MCAL/USART/USART_Program.o
                0x00000b46                UART_Init
 .text.UART_SendByte
                0x00000d66       0x34 ./MCAL/USART/USART_Program.o
                0x00000d66                UART_SendByte
 .text.UART_SendString
                0x00000d9a       0x54 ./MCAL/USART/USART_Program.o
                0x00000d9a                UART_SendString
 .text.UART_RecieveByteSynchNonBlocking
                0x00000dee       0x2c ./MCAL/USART/USART_Program.o
                0x00000dee                UART_RecieveByteSynchNonBlocking
 .text.UART_RecieveByteASynchCallback
                0x00000e1a       0x14 ./MCAL/USART/USART_Program.o
                0x00000e1a                UART_RecieveByteASynchCallback
 .text.UART_SetCallBack
                0x00000e2e       0x34 ./MCAL/USART/USART_Program.o
                0x00000e2e                UART_SetCallBack
 .text.__vector_13
                0x00000e62       0x66 ./MCAL/USART/USART_Program.o
                0x00000e62                __vector_13
 .text.Port_Init
                0x00000ec8      0x4d6 ./MCAL/PORT/Port_prg.o
                0x00000ec8                Port_Init
 .text.GIE_voidEnable
                0x0000139e       0x1c ./MCAL/GIE/GIE_Program.o
                0x0000139e                GIE_voidEnable
 .text.GIE_voidDisable
                0x000013ba       0x1c ./MCAL/GIE/GIE_Program.o
                0x000013ba                GIE_voidDisable
 .text.M_Dio_en_getPinValue
                0x000013d6      0x10c ./MCAL/DIO/Dio_prg.o
                0x000013d6                M_Dio_en_getPinValue
 .text.M_Dio_void_setPinValue
                0x000014e2      0x21c ./MCAL/DIO/Dio_prg.o
                0x000014e2                M_Dio_void_setPinValue
 .text.M_Dio_en_getPortValue
                0x000016fe       0x84 ./MCAL/DIO/Dio_prg.o
                0x000016fe                M_Dio_en_getPortValue
 .text.M_Dio_void_setPortValue
                0x00001782       0x84 ./MCAL/DIO/Dio_prg.o
                0x00001782                M_Dio_void_setPortValue
 .text.M_Dio_void_togglePinValue
                0x00001806      0x118 ./MCAL/DIO/Dio_prg.o
                0x00001806                M_Dio_void_togglePinValue
 .text.Finger_Print_Init
                0x0000191e       0x2e ./HAL/FINGER_PRINT/Finger_Print_Program_v3.o
                0x0000191e                Finger_Print_Init
 .text.Finger_Print_Send_Command
                0x0000194c      0x21c ./HAL/FINGER_PRINT/Finger_Print_Program_v3.o
                0x0000194c                Finger_Print_Send_Command
 .text.Finger_Print_Enroll
                0x00001b68       0x7a ./HAL/FINGER_PRINT/Finger_Print_Program_v3.o
                0x00001b68                Finger_Print_Enroll
 .text.Finger_Print_Match
                0x00001be2       0x54 ./HAL/FINGER_PRINT/Finger_Print_Program_v3.o
                0x00001be2                Finger_Print_Match
 .text.Generate_Image
                0x00001c36      0x17e ./HAL/FINGER_PRINT/Finger_Print_Program_v3.o
                0x00001c36                Generate_Image
 .text.Char_File_Generate
                0x00001db4      0x24a ./HAL/FINGER_PRINT/Finger_Print_Program_v3.o
                0x00001db4                Char_File_Generate
 .text.Generate_Template
                0x00001ffe      0x14c ./HAL/FINGER_PRINT/Finger_Print_Program_v3.o
                0x00001ffe                Generate_Template
 .text.Store_Template
                0x0000214a      0x172 ./HAL/FINGER_PRINT/Finger_Print_Program_v3.o
                0x0000214a                Store_Template
 .text.Search_For_Template
                0x000022bc      0x498 ./HAL/FINGER_PRINT/Finger_Print_Program_v3.o
                0x000022bc                Search_For_Template
 .text.Finger_Print_Empty_Templates
                0x00002754      0x22e ./HAL/FINGER_PRINT/Finger_Print_Program_v3.o
                0x00002754                Finger_Print_Empty_Templates
 .text.Flush_Buffer
                0x00002982       0x36 ./HAL/FINGER_PRINT/Finger_Print_Program_v3.o
                0x00002982                Flush_Buffer
 .text.Check_Sum
                0x000029b8       0x50 ./HAL/FINGER_PRINT/Finger_Print_Program_v3.o
                0x000029b8                Check_Sum
 .text.Display_data
                0x00002a08       0x34 ./HAL/FINGER_PRINT/Finger_Print_Program_v3.o
                0x00002a08                Display_data
 .text.H_LCD_void_latchByte
                0x00002a3c      0x38e ./HAL/CLCD/CLCD_Program.o
 .text.H_LCD_void_Init
                0x00002dca      0x4f2 ./HAL/CLCD/CLCD_Program.o
                0x00002dca                H_LCD_void_Init
 .text.H_LCD_void_sendData
                0x000032bc       0x22 ./HAL/CLCD/CLCD_Program.o
                0x000032bc                H_LCD_void_sendData
 .text.H_LCD_void_sendCommand
                0x000032de       0x22 ./HAL/CLCD/CLCD_Program.o
                0x000032de                H_LCD_void_sendCommand
 .text.H_LCD_void_sendString
                0x00003300       0x52 ./HAL/CLCD/CLCD_Program.o
                0x00003300                H_LCD_void_sendString
 .text.H_LCD_void_sendIntNum
                0x00003352      0x138 ./HAL/CLCD/CLCD_Program.o
                0x00003352                H_LCD_void_sendIntNum
 .text.H_LCD_void_gotoXY
                0x0000348a       0x58 ./HAL/CLCD/CLCD_Program.o
                0x0000348a                H_LCD_void_gotoXY
 .text.H_LCD_void_creatCustomChar
                0x000034e2       0x78 ./HAL/CLCD/CLCD_Program.o
                0x000034e2                H_LCD_void_creatCustomChar
 .text.H_LCD_void_displayCustomChar
                0x0000355a       0x1a ./HAL/CLCD/CLCD_Program.o
                0x0000355a                H_LCD_void_displayCustomChar
 .text.H_LCD_void_ClearDisplay
                0x00003574       0x14 ./HAL/CLCD/CLCD_Program.o
                0x00003574                H_LCD_void_ClearDisplay
 .text.main     0x00003588       0x16 ./APP/main_Finger_Print_v2.o
                0x00003588                main
 .text.libgcc   0x0000359e       0x18 d:/courses/embedded course imt/01- imt sdk-20220703t224428z-001/new folder/01- imt sdk/imt_sdk_win_64/imt_sdk_win_64/winavr/bin/../lib/gcc/avr/4.3.3/avr5\libgcc.a(_udivmodqi4.o)
                0x0000359e                __udivmodqi4
 .text.libgcc   0x000035b6       0x36 d:/courses/embedded course imt/01- imt sdk-20220703t224428z-001/new folder/01- imt sdk/imt_sdk_win_64/imt_sdk_win_64/winavr/bin/../lib/gcc/avr/4.3.3/avr5\libgcc.a(_divmodsi4.o)
                0x000035b6                __divmodsi4
 .text.libgcc   0x000035ec        0x0 d:/courses/embedded course imt/01- imt sdk-20220703t224428z-001/new folder/01- imt sdk/imt_sdk_win_64/imt_sdk_win_64/winavr/bin/../lib/gcc/avr/4.3.3/avr5\libgcc.a(_exit.o)
 .text.libgcc   0x000035ec        0x0 d:/courses/embedded course imt/01- imt sdk-20220703t224428z-001/new folder/01- imt sdk/imt_sdk_win_64/imt_sdk_win_64/winavr/bin/../lib/gcc/avr/4.3.3/avr5\libgcc.a(_copy_data.o)
 .text.libgcc   0x000035ec        0x0 d:/courses/embedded course imt/01- imt sdk-20220703t224428z-001/new folder/01- imt sdk/imt_sdk_win_64/imt_sdk_win_64/winavr/bin/../lib/gcc/avr/4.3.3/avr5\libgcc.a(_clear_bss.o)
 .text.libgcc   0x000035ec       0x44 d:/courses/embedded course imt/01- imt sdk-20220703t224428z-001/new folder/01- imt sdk/imt_sdk_win_64/imt_sdk_win_64/winavr/bin/../lib/gcc/avr/4.3.3/avr5\libgcc.a(_udivmodsi4.o)
                0x000035ec                __udivmodsi4
 .text.libgcc   0x00003630       0x38 d:/courses/embedded course imt/01- imt sdk-20220703t224428z-001/new folder/01- imt sdk/imt_sdk_win_64/imt_sdk_win_64/winavr/bin/../lib/gcc/avr/4.3.3/avr5\libgcc.a(_prologue.o)
                0x00003630                __prologue_saves__
 .text.libgcc   0x00003668       0x36 d:/courses/embedded course imt/01- imt sdk-20220703t224428z-001/new folder/01- imt sdk/imt_sdk_win_64/imt_sdk_win_64/winavr/bin/../lib/gcc/avr/4.3.3/avr5\libgcc.a(_epilogue.o)
                0x00003668                __epilogue_restores__
                0x0000369e                . = ALIGN (0x2)
 *(.fini9)
 .fini9         0x0000369e        0x0 d:/courses/embedded course imt/01- imt sdk-20220703t224428z-001/new folder/01- imt sdk/imt_sdk_win_64/imt_sdk_win_64/winavr/bin/../lib/gcc/avr/4.3.3/avr5\libgcc.a(_exit.o)
                0x0000369e                exit
                0x0000369e                _exit
 *(.fini9)
 *(.fini8)
 *(.fini8)
 *(.fini7)
 *(.fini7)
 *(.fini6)
 *(.fini6)
 *(.fini5)
 *(.fini5)
 *(.fini4)
 *(.fini4)
 *(.fini3)
 *(.fini3)
 *(.fini2)
 *(.fini2)
 *(.fini1)
 *(.fini1)
 *(.fini0)
 .fini0         0x0000369e        0x4 d:/courses/embedded course imt/01- imt sdk-20220703t224428z-001/new folder/01- imt sdk/imt_sdk_win_64/imt_sdk_win_64/winavr/bin/../lib/gcc/avr/4.3.3/avr5\libgcc.a(_exit.o)
 *(.fini0)
                0x000036a2                _etext = .

.data           0x00800060      0x20a load address 0x000036a2
                0x00800060                PROVIDE (__data_start, .)
 *(.data)
 .data          0x00800060        0x0 d:/courses/embedded course imt/01- imt sdk-20220703t224428z-001/new folder/01- imt sdk/imt_sdk_win_64/imt_sdk_win_64/winavr/bin/../lib/gcc/avr/4.3.3/../../../../avr/lib/avr5/crtm32.o
 .data          0x00800060        0x0 ./MCAL/USART/USART_Program.o
 .data          0x00800060        0x0 ./MCAL/PORT/Port_prg.o
 .data          0x00800060        0x0 ./MCAL/GIE/GIE_Program.o
 .data          0x00800060        0x0 ./MCAL/DIO/Dio_prg.o
 .data          0x00800060       0xc6 ./HAL/FINGER_PRINT/Finger_Print_Program_v3.o
 .data          0x00800126        0x0 ./HAL/CLCD/CLCD_Program.o
 .data          0x00800126        0x0 ./CONFIG/CLCD_LCFG.o
 .data          0x00800126        0x0 ./CONFIG/Dio_Lcfg.o
 .data          0x00800126        0x0 ./CONFIG/FINGER_PRINT_LCONFIG.o
 .data          0x00800126        0x0 ./CONFIG/GIE_LCONFIG.o
 .data          0x00800126        0x0 ./CONFIG/Port_Lcfg.o
 .data          0x00800126        0x0 ./CONFIG/USART_LCONFIG.o
 .data          0x00800126        0x0 ./APP/main_Finger_Print_v2.o
 .data          0x00800126        0x0 d:/courses/embedded course imt/01- imt sdk-20220703t224428z-001/new folder/01- imt sdk/imt_sdk_win_64/imt_sdk_win_64/winavr/bin/../lib/gcc/avr/4.3.3/avr5\libgcc.a(_udivmodqi4.o)
 .data          0x00800126        0x0 d:/courses/embedded course imt/01- imt sdk-20220703t224428z-001/new folder/01- imt sdk/imt_sdk_win_64/imt_sdk_win_64/winavr/bin/../lib/gcc/avr/4.3.3/avr5\libgcc.a(_divmodsi4.o)
 .data          0x00800126        0x0 d:/courses/embedded course imt/01- imt sdk-20220703t224428z-001/new folder/01- imt sdk/imt_sdk_win_64/imt_sdk_win_64/winavr/bin/../lib/gcc/avr/4.3.3/avr5\libgcc.a(_exit.o)
 .data          0x00800126        0x0 d:/courses/embedded course imt/01- imt sdk-20220703t224428z-001/new folder/01- imt sdk/imt_sdk_win_64/imt_sdk_win_64/winavr/bin/../lib/gcc/avr/4.3.3/avr5\libgcc.a(_copy_data.o)
 .data          0x00800126        0x0 d:/courses/embedded course imt/01- imt sdk-20220703t224428z-001/new folder/01- imt sdk/imt_sdk_win_64/imt_sdk_win_64/winavr/bin/../lib/gcc/avr/4.3.3/avr5\libgcc.a(_clear_bss.o)
 .data          0x00800126        0x0 d:/courses/embedded course imt/01- imt sdk-20220703t224428z-001/new folder/01- imt sdk/imt_sdk_win_64/imt_sdk_win_64/winavr/bin/../lib/gcc/avr/4.3.3/avr5\libgcc.a(_fixunssfsi.o)
 .data          0x00800126        0x0 d:/courses/embedded course imt/01- imt sdk-20220703t224428z-001/new folder/01- imt sdk/imt_sdk_win_64/imt_sdk_win_64/winavr/bin/../lib/gcc/avr/4.3.3/avr5\libgcc.a(_addsub_sf.o)
 .data          0x00800126        0x0 d:/courses/embedded course imt/01- imt sdk-20220703t224428z-001/new folder/01- imt sdk/imt_sdk_win_64/imt_sdk_win_64/winavr/bin/../lib/gcc/avr/4.3.3/avr5\libgcc.a(_mul_sf.o)
 .data          0x00800126        0x0 d:/courses/embedded course imt/01- imt sdk-20220703t224428z-001/new folder/01- imt sdk/imt_sdk_win_64/imt_sdk_win_64/winavr/bin/../lib/gcc/avr/4.3.3/avr5\libgcc.a(_gt_sf.o)
 .data          0x00800126        0x0 d:/courses/embedded course imt/01- imt sdk-20220703t224428z-001/new folder/01- imt sdk/imt_sdk_win_64/imt_sdk_win_64/winavr/bin/../lib/gcc/avr/4.3.3/avr5\libgcc.a(_ge_sf.o)
 .data          0x00800126        0x0 d:/courses/embedded course imt/01- imt sdk-20220703t224428z-001/new folder/01- imt sdk/imt_sdk_win_64/imt_sdk_win_64/winavr/bin/../lib/gcc/avr/4.3.3/avr5\libgcc.a(_lt_sf.o)
 .data          0x00800126        0x0 d:/courses/embedded course imt/01- imt sdk-20220703t224428z-001/new folder/01- imt sdk/imt_sdk_win_64/imt_sdk_win_64/winavr/bin/../lib/gcc/avr/4.3.3/avr5\libgcc.a(_sf_to_si.o)
 .data          0x00800126        0x8 d:/courses/embedded course imt/01- imt sdk-20220703t224428z-001/new folder/01- imt sdk/imt_sdk_win_64/imt_sdk_win_64/winavr/bin/../lib/gcc/avr/4.3.3/avr5\libgcc.a(_thenan_sf.o)
                0x00800126                __thenan_sf
 .data          0x0080012e        0x0 d:/courses/embedded course imt/01- imt sdk-20220703t224428z-001/new folder/01- imt sdk/imt_sdk_win_64/imt_sdk_win_64/winavr/bin/../lib/gcc/avr/4.3.3/avr5\libgcc.a(_udivmodsi4.o)
 .data          0x0080012e        0x0 d:/courses/embedded course imt/01- imt sdk-20220703t224428z-001/new folder/01- imt sdk/imt_sdk_win_64/imt_sdk_win_64/winavr/bin/../lib/gcc/avr/4.3.3/avr5\libgcc.a(_prologue.o)
 .data          0x0080012e        0x0 d:/courses/embedded course imt/01- imt sdk-20220703t224428z-001/new folder/01- imt sdk/imt_sdk_win_64/imt_sdk_win_64/winavr/bin/../lib/gcc/avr/4.3.3/avr5\libgcc.a(_epilogue.o)
 .data          0x0080012e        0x0 d:/courses/embedded course imt/01- imt sdk-20220703t224428z-001/new folder/01- imt sdk/imt_sdk_win_64/imt_sdk_win_64/winavr/bin/../lib/gcc/avr/4.3.3/avr5\libgcc.a(_pack_sf.o)
 .data          0x0080012e        0x0 d:/courses/embedded course imt/01- imt sdk-20220703t224428z-001/new folder/01- imt sdk/imt_sdk_win_64/imt_sdk_win_64/winavr/bin/../lib/gcc/avr/4.3.3/avr5\libgcc.a(_unpack_sf.o)
 .data          0x0080012e        0x0 d:/courses/embedded course imt/01- imt sdk-20220703t224428z-001/new folder/01- imt sdk/imt_sdk_win_64/imt_sdk_win_64/winavr/bin/../lib/gcc/avr/4.3.3/avr5\libgcc.a(_fpcmp_parts_sf.o)
 *(.data*)
 .data.Hand_Shake
                0x0080012e        0xc ./HAL/FINGER_PRINT/Finger_Print_Program_v3.o
                0x0080012e                Hand_Shake
 .data.VfyPwd   0x0080013a       0x10 ./HAL/FINGER_PRINT/Finger_Print_Program_v3.o
                0x0080013a                VfyPwd
 .data.GetImage
                0x0080014a        0xc ./HAL/FINGER_PRINT/Finger_Print_Program_v3.o
                0x0080014a                GetImage
 .data.Img2TZ_1
                0x00800156        0xd ./HAL/FINGER_PRINT/Finger_Print_Program_v3.o
                0x00800156                Img2TZ_1
 .data.Img2TZ_2
                0x00800163        0xd ./HAL/FINGER_PRINT/Finger_Print_Program_v3.o
                0x00800163                Img2TZ_2
 .data.Reg_Model
                0x00800170        0xc ./HAL/FINGER_PRINT/Finger_Print_Program_v3.o
                0x00800170                Reg_Model
 .data.Search   0x0080017c       0x11 ./HAL/FINGER_PRINT/Finger_Print_Program_v3.o
                0x0080017c                Search
 .data.Empty_Library
                0x0080018d        0xc ./HAL/FINGER_PRINT/Finger_Print_Program_v3.o
                0x0080018d                Empty_Library
 .data.Delete_Char
                0x00800199       0x10 ./HAL/FINGER_PRINT/Finger_Print_Program_v3.o
                0x00800199                Delete_Char
 .data.ARR_UART_CFG_3
                0x008001a9        0x5 ./HAL/FINGER_PRINT/Finger_Print_Program_v3.o
                0x008001a9                ARR_UART_CFG_3
 .data.Store    0x008001ae        0xf ./HAL/FINGER_PRINT/Finger_Print_Program_v3.o
                0x008001ae                Store
 .data.Gen_Img_Flag
                0x008001bd        0x1 ./HAL/FINGER_PRINT/Finger_Print_Program_v3.o
 .data.Img_2_TZ_Flag
                0x008001be        0x1 ./HAL/FINGER_PRINT/Finger_Print_Program_v3.o
 .data.Reg_Model_Flag
                0x008001bf        0x1 ./HAL/FINGER_PRINT/Finger_Print_Program_v3.o
 .data.Store_Flag
                0x008001c0        0x1 ./HAL/FINGER_PRINT/Finger_Print_Program_v3.o
 .data.Search_Flag
                0x008001c1        0x1 ./HAL/FINGER_PRINT/Finger_Print_Program_v3.o
 .data.Pattern_1
                0x008001c2        0x8 ./CONFIG/CLCD_LCFG.o
                0x008001c2                Pattern_1
 .data.Pattern_2
                0x008001ca        0x8 ./CONFIG/CLCD_LCFG.o
                0x008001ca                Pattern_2
 .data.Pattern_3
                0x008001d2        0x8 ./CONFIG/CLCD_LCFG.o
                0x008001d2                Pattern_3
 .data.Pattern_4
                0x008001da        0x8 ./CONFIG/CLCD_LCFG.o
                0x008001da                Pattern_4
 .data.SmilyChar
                0x008001e2        0x8 ./CONFIG/CLCD_LCFG.o
                0x008001e2                SmilyChar
 *(.rodata)
 *(.rodata*)
 .rodata.PORT_Config_Arr
                0x008001ea       0x80 ./CONFIG/Port_Lcfg.o
                0x008001ea                PORT_Config_Arr
 *(.gnu.linkonce.d*)
                0x0080026a                . = ALIGN (0x2)
                0x0080026a                _edata = .
                0x0080026a                PROVIDE (__data_end, .)

.bss            0x0080026a       0x22
                0x0080026a                PROVIDE (__bss_start, .)
 *(.bss)
 .bss           0x0080026a        0x0 d:/courses/embedded course imt/01- imt sdk-20220703t224428z-001/new folder/01- imt sdk/imt_sdk_win_64/imt_sdk_win_64/winavr/bin/../lib/gcc/avr/4.3.3/../../../../avr/lib/avr5/crtm32.o
 .bss           0x0080026a        0x0 ./MCAL/USART/USART_Program.o
 .bss           0x0080026a        0x0 ./MCAL/PORT/Port_prg.o
 .bss           0x0080026a        0x0 ./MCAL/GIE/GIE_Program.o
 .bss           0x0080026a        0x0 ./MCAL/DIO/Dio_prg.o
 .bss           0x0080026a        0x0 ./HAL/FINGER_PRINT/Finger_Print_Program_v3.o
 .bss           0x0080026a        0x0 ./HAL/CLCD/CLCD_Program.o
 .bss           0x0080026a        0x0 ./CONFIG/CLCD_LCFG.o
 .bss           0x0080026a        0x0 ./CONFIG/Dio_Lcfg.o
 .bss           0x0080026a        0x0 ./CONFIG/FINGER_PRINT_LCONFIG.o
 .bss           0x0080026a        0x0 ./CONFIG/GIE_LCONFIG.o
 .bss           0x0080026a        0x0 ./CONFIG/Port_Lcfg.o
 .bss           0x0080026a        0x0 ./CONFIG/USART_LCONFIG.o
 .bss           0x0080026a        0x0 ./APP/main_Finger_Print_v2.o
 .bss           0x0080026a        0x0 d:/courses/embedded course imt/01- imt sdk-20220703t224428z-001/new folder/01- imt sdk/imt_sdk_win_64/imt_sdk_win_64/winavr/bin/../lib/gcc/avr/4.3.3/avr5\libgcc.a(_udivmodqi4.o)
 .bss           0x0080026a        0x0 d:/courses/embedded course imt/01- imt sdk-20220703t224428z-001/new folder/01- imt sdk/imt_sdk_win_64/imt_sdk_win_64/winavr/bin/../lib/gcc/avr/4.3.3/avr5\libgcc.a(_divmodsi4.o)
 .bss           0x0080026a        0x0 d:/courses/embedded course imt/01- imt sdk-20220703t224428z-001/new folder/01- imt sdk/imt_sdk_win_64/imt_sdk_win_64/winavr/bin/../lib/gcc/avr/4.3.3/avr5\libgcc.a(_exit.o)
 .bss           0x0080026a        0x0 d:/courses/embedded course imt/01- imt sdk-20220703t224428z-001/new folder/01- imt sdk/imt_sdk_win_64/imt_sdk_win_64/winavr/bin/../lib/gcc/avr/4.3.3/avr5\libgcc.a(_copy_data.o)
 .bss           0x0080026a        0x0 d:/courses/embedded course imt/01- imt sdk-20220703t224428z-001/new folder/01- imt sdk/imt_sdk_win_64/imt_sdk_win_64/winavr/bin/../lib/gcc/avr/4.3.3/avr5\libgcc.a(_clear_bss.o)
 .bss           0x0080026a        0x0 d:/courses/embedded course imt/01- imt sdk-20220703t224428z-001/new folder/01- imt sdk/imt_sdk_win_64/imt_sdk_win_64/winavr/bin/../lib/gcc/avr/4.3.3/avr5\libgcc.a(_fixunssfsi.o)
 .bss           0x0080026a        0x0 d:/courses/embedded course imt/01- imt sdk-20220703t224428z-001/new folder/01- imt sdk/imt_sdk_win_64/imt_sdk_win_64/winavr/bin/../lib/gcc/avr/4.3.3/avr5\libgcc.a(_addsub_sf.o)
 .bss           0x0080026a        0x0 d:/courses/embedded course imt/01- imt sdk-20220703t224428z-001/new folder/01- imt sdk/imt_sdk_win_64/imt_sdk_win_64/winavr/bin/../lib/gcc/avr/4.3.3/avr5\libgcc.a(_mul_sf.o)
 .bss           0x0080026a        0x0 d:/courses/embedded course imt/01- imt sdk-20220703t224428z-001/new folder/01- imt sdk/imt_sdk_win_64/imt_sdk_win_64/winavr/bin/../lib/gcc/avr/4.3.3/avr5\libgcc.a(_gt_sf.o)
 .bss           0x0080026a        0x0 d:/courses/embedded course imt/01- imt sdk-20220703t224428z-001/new folder/01- imt sdk/imt_sdk_win_64/imt_sdk_win_64/winavr/bin/../lib/gcc/avr/4.3.3/avr5\libgcc.a(_ge_sf.o)
 .bss           0x0080026a        0x0 d:/courses/embedded course imt/01- imt sdk-20220703t224428z-001/new folder/01- imt sdk/imt_sdk_win_64/imt_sdk_win_64/winavr/bin/../lib/gcc/avr/4.3.3/avr5\libgcc.a(_lt_sf.o)
 .bss           0x0080026a        0x0 d:/courses/embedded course imt/01- imt sdk-20220703t224428z-001/new folder/01- imt sdk/imt_sdk_win_64/imt_sdk_win_64/winavr/bin/../lib/gcc/avr/4.3.3/avr5\libgcc.a(_sf_to_si.o)
 .bss           0x0080026a        0x0 d:/courses/embedded course imt/01- imt sdk-20220703t224428z-001/new folder/01- imt sdk/imt_sdk_win_64/imt_sdk_win_64/winavr/bin/../lib/gcc/avr/4.3.3/avr5\libgcc.a(_thenan_sf.o)
 .bss           0x0080026a        0x0 d:/courses/embedded course imt/01- imt sdk-20220703t224428z-001/new folder/01- imt sdk/imt_sdk_win_64/imt_sdk_win_64/winavr/bin/../lib/gcc/avr/4.3.3/avr5\libgcc.a(_udivmodsi4.o)
 .bss           0x0080026a        0x0 d:/courses/embedded course imt/01- imt sdk-20220703t224428z-001/new folder/01- imt sdk/imt_sdk_win_64/imt_sdk_win_64/winavr/bin/../lib/gcc/avr/4.3.3/avr5\libgcc.a(_prologue.o)
 .bss           0x0080026a        0x0 d:/courses/embedded course imt/01- imt sdk-20220703t224428z-001/new folder/01- imt sdk/imt_sdk_win_64/imt_sdk_win_64/winavr/bin/../lib/gcc/avr/4.3.3/avr5\libgcc.a(_epilogue.o)
 .bss           0x0080026a        0x0 d:/courses/embedded course imt/01- imt sdk-20220703t224428z-001/new folder/01- imt sdk/imt_sdk_win_64/imt_sdk_win_64/winavr/bin/../lib/gcc/avr/4.3.3/avr5\libgcc.a(_pack_sf.o)
 .bss           0x0080026a        0x0 d:/courses/embedded course imt/01- imt sdk-20220703t224428z-001/new folder/01- imt sdk/imt_sdk_win_64/imt_sdk_win_64/winavr/bin/../lib/gcc/avr/4.3.3/avr5\libgcc.a(_unpack_sf.o)
 .bss           0x0080026a        0x0 d:/courses/embedded course imt/01- imt sdk-20220703t224428z-001/new folder/01- imt sdk/imt_sdk_win_64/imt_sdk_win_64/winavr/bin/../lib/gcc/avr/4.3.3/avr5\libgcc.a(_fpcmp_parts_sf.o)
 *(.bss*)
 .bss.USART_PTR_FUNC
                0x0080026a        0x2 ./MCAL/USART/USART_Program.o
 .bss.Local_counter
                0x0080026c        0x1 ./HAL/FINGER_PRINT/Finger_Print_Program_v3.o
 .bss.Empty_Flag
                0x0080026d        0x1 ./HAL/FINGER_PRINT/Finger_Print_Program_v3.o
 .bss.Buffer    0x0080026e       0x1e ./HAL/FINGER_PRINT/Finger_Print_Program_v3.o
 *(COMMON)
 COMMON         0x0080028c        0x0 ./HAL/CLCD/CLCD_Program.o
                0x0080028c                PROVIDE (__bss_end, .)
                0x000036a2                __data_load_start = LOADADDR (.data)
                0x000038ac                __data_load_end = (__data_load_start + SIZEOF (.data))

.noinit         0x0080028c        0x0
                0x0080028c                PROVIDE (__noinit_start, .)
 *(.noinit*)
                0x0080028c                PROVIDE (__noinit_end, .)
                0x0080028c                _end = .
                0x0080028c                PROVIDE (__heap_start, .)

.eeprom         0x00810000        0x0
 *(.eeprom*)
                0x00810000                __eeprom_end = .

.fuse
 *(.fuse)
 *(.lfuse)
 *(.hfuse)
 *(.efuse)

.lock
 *(.lock*)

.signature
 *(.signature*)

.stab           0x00000000     0x3ef4
 *(.stab)
 .stab          0x00000000      0x828 ./MCAL/USART/USART_Program.o
 .stab          0x00000828      0x330 ./MCAL/PORT/Port_prg.o
                                0x3c0 (size before relaxing)
 .stab          0x00000b58      0x144 ./MCAL/GIE/GIE_Program.o
                                0x1d4 (size before relaxing)
 .stab          0x00000c9c      0x510 ./MCAL/DIO/Dio_prg.o
                                0x5a0 (size before relaxing)
 .stab          0x000011ac     0x1764 ./HAL/FINGER_PRINT/Finger_Print_Program_v3.o
                               0x1a1c (size before relaxing)
 .stab          0x00002910      0xcb4 ./HAL/CLCD/CLCD_Program.o
                                0xed0 (size before relaxing)
 .stab          0x000035c4      0x1a4 ./CONFIG/CLCD_LCFG.o
                                0x1b0 (size before relaxing)
 .stab          0x00003768       0xd8 ./CONFIG/Dio_Lcfg.o
                                 0xe4 (size before relaxing)
 .stab          0x00003840       0xd8 ./CONFIG/FINGER_PRINT_LCONFIG.o
                                 0xe4 (size before relaxing)
 .stab          0x00003918       0xd8 ./CONFIG/GIE_LCONFIG.o
                                 0xe4 (size before relaxing)
 .stab          0x000039f0      0x1a4 ./CONFIG/Port_Lcfg.o
                                0x234 (size before relaxing)
 .stab          0x00003b94      0x114 ./CONFIG/USART_LCONFIG.o
                                0x210 (size before relaxing)
 .stab          0x00003ca8      0x24c ./APP/main_Finger_Print_v2.o
                                0x468 (size before relaxing)

.stabstr        0x00000000     0x2b4d
 *(.stabstr)
 .stabstr       0x00000000     0x2b4d ./MCAL/USART/USART_Program.o

.stab.excl
 *(.stab.excl)

.stab.exclstr
 *(.stab.exclstr)

.stab.index
 *(.stab.index)

.stab.indexstr
 *(.stab.indexstr)

.comment
 *(.comment)

.debug
 *(.debug)

.line
 *(.line)

.debug_srcinfo
 *(.debug_srcinfo)

.debug_sfnames
 *(.debug_sfnames)

.debug_aranges  0x00000000      0x140
 *(.debug_aranges)
 .debug_aranges
                0x00000000       0x20 d:/courses/embedded course imt/01- imt sdk-20220703t224428z-001/new folder/01- imt sdk/imt_sdk_win_64/imt_sdk_win_64/winavr/bin/../lib/gcc/avr/4.3.3/avr5\libgcc.a(_fixunssfsi.o)
 .debug_aranges
                0x00000020       0x20 d:/courses/embedded course imt/01- imt sdk-20220703t224428z-001/new folder/01- imt sdk/imt_sdk_win_64/imt_sdk_win_64/winavr/bin/../lib/gcc/avr/4.3.3/avr5\libgcc.a(_addsub_sf.o)
 .debug_aranges
                0x00000040       0x20 d:/courses/embedded course imt/01- imt sdk-20220703t224428z-001/new folder/01- imt sdk/imt_sdk_win_64/imt_sdk_win_64/winavr/bin/../lib/gcc/avr/4.3.3/avr5\libgcc.a(_mul_sf.o)
 .debug_aranges
                0x00000060       0x20 d:/courses/embedded course imt/01- imt sdk-20220703t224428z-001/new folder/01- imt sdk/imt_sdk_win_64/imt_sdk_win_64/winavr/bin/../lib/gcc/avr/4.3.3/avr5\libgcc.a(_gt_sf.o)
 .debug_aranges
                0x00000080       0x20 d:/courses/embedded course imt/01- imt sdk-20220703t224428z-001/new folder/01- imt sdk/imt_sdk_win_64/imt_sdk_win_64/winavr/bin/../lib/gcc/avr/4.3.3/avr5\libgcc.a(_ge_sf.o)
 .debug_aranges
                0x000000a0       0x20 d:/courses/embedded course imt/01- imt sdk-20220703t224428z-001/new folder/01- imt sdk/imt_sdk_win_64/imt_sdk_win_64/winavr/bin/../lib/gcc/avr/4.3.3/avr5\libgcc.a(_lt_sf.o)
 .debug_aranges
                0x000000c0       0x20 d:/courses/embedded course imt/01- imt sdk-20220703t224428z-001/new folder/01- imt sdk/imt_sdk_win_64/imt_sdk_win_64/winavr/bin/../lib/gcc/avr/4.3.3/avr5\libgcc.a(_sf_to_si.o)
 .debug_aranges
                0x000000e0       0x20 d:/courses/embedded course imt/01- imt sdk-20220703t224428z-001/new folder/01- imt sdk/imt_sdk_win_64/imt_sdk_win_64/winavr/bin/../lib/gcc/avr/4.3.3/avr5\libgcc.a(_pack_sf.o)
 .debug_aranges
                0x00000100       0x20 d:/courses/embedded course imt/01- imt sdk-20220703t224428z-001/new folder/01- imt sdk/imt_sdk_win_64/imt_sdk_win_64/winavr/bin/../lib/gcc/avr/4.3.3/avr5\libgcc.a(_unpack_sf.o)
 .debug_aranges
                0x00000120       0x20 d:/courses/embedded course imt/01- imt sdk-20220703t224428z-001/new folder/01- imt sdk/imt_sdk_win_64/imt_sdk_win_64/winavr/bin/../lib/gcc/avr/4.3.3/avr5\libgcc.a(_fpcmp_parts_sf.o)

.debug_pubnames
                0x00000000      0x170
 *(.debug_pubnames)
 .debug_pubnames
                0x00000000       0x23 d:/courses/embedded course imt/01- imt sdk-20220703t224428z-001/new folder/01- imt sdk/imt_sdk_win_64/imt_sdk_win_64/winavr/bin/../lib/gcc/avr/4.3.3/avr5\libgcc.a(_fixunssfsi.o)
 .debug_pubnames
                0x00000023       0x2c d:/courses/embedded course imt/01- imt sdk-20220703t224428z-001/new folder/01- imt sdk/imt_sdk_win_64/imt_sdk_win_64/winavr/bin/../lib/gcc/avr/4.3.3/avr5\libgcc.a(_addsub_sf.o)
 .debug_pubnames
                0x0000004f       0x1f d:/courses/embedded course imt/01- imt sdk-20220703t224428z-001/new folder/01- imt sdk/imt_sdk_win_64/imt_sdk_win_64/winavr/bin/../lib/gcc/avr/4.3.3/avr5\libgcc.a(_mul_sf.o)
 .debug_pubnames
                0x0000006e       0x1e d:/courses/embedded course imt/01- imt sdk-20220703t224428z-001/new folder/01- imt sdk/imt_sdk_win_64/imt_sdk_win_64/winavr/bin/../lib/gcc/avr/4.3.3/avr5\libgcc.a(_gt_sf.o)
 .debug_pubnames
                0x0000008c       0x1e d:/courses/embedded course imt/01- imt sdk-20220703t224428z-001/new folder/01- imt sdk/imt_sdk_win_64/imt_sdk_win_64/winavr/bin/../lib/gcc/avr/4.3.3/avr5\libgcc.a(_ge_sf.o)
 .debug_pubnames
                0x000000aa       0x1e d:/courses/embedded course imt/01- imt sdk-20220703t224428z-001/new folder/01- imt sdk/imt_sdk_win_64/imt_sdk_win_64/winavr/bin/../lib/gcc/avr/4.3.3/avr5\libgcc.a(_lt_sf.o)
 .debug_pubnames
                0x000000c8       0x20 d:/courses/embedded course imt/01- imt sdk-20220703t224428z-001/new folder/01- imt sdk/imt_sdk_win_64/imt_sdk_win_64/winavr/bin/../lib/gcc/avr/4.3.3/avr5\libgcc.a(_sf_to_si.o)
 .debug_pubnames
                0x000000e8       0x22 d:/courses/embedded course imt/01- imt sdk-20220703t224428z-001/new folder/01- imt sdk/imt_sdk_win_64/imt_sdk_win_64/winavr/bin/../lib/gcc/avr/4.3.3/avr5\libgcc.a(_thenan_sf.o)
 .debug_pubnames
                0x0000010a       0x1f d:/courses/embedded course imt/01- imt sdk-20220703t224428z-001/new folder/01- imt sdk/imt_sdk_win_64/imt_sdk_win_64/winavr/bin/../lib/gcc/avr/4.3.3/avr5\libgcc.a(_pack_sf.o)
 .debug_pubnames
                0x00000129       0x21 d:/courses/embedded course imt/01- imt sdk-20220703t224428z-001/new folder/01- imt sdk/imt_sdk_win_64/imt_sdk_win_64/winavr/bin/../lib/gcc/avr/4.3.3/avr5\libgcc.a(_unpack_sf.o)
 .debug_pubnames
                0x0000014a       0x26 d:/courses/embedded course imt/01- imt sdk-20220703t224428z-001/new folder/01- imt sdk/imt_sdk_win_64/imt_sdk_win_64/winavr/bin/../lib/gcc/avr/4.3.3/avr5\libgcc.a(_fpcmp_parts_sf.o)

.debug_info     0x00000000     0x1c49
 *(.debug_info)
 .debug_info    0x00000000       0xb1 d:/courses/embedded course imt/01- imt sdk-20220703t224428z-001/new folder/01- imt sdk/imt_sdk_win_64/imt_sdk_win_64/winavr/bin/../lib/gcc/avr/4.3.3/avr5\libgcc.a(_fixunssfsi.o)
 .debug_info    0x000000b1      0x47a d:/courses/embedded course imt/01- imt sdk-20220703t224428z-001/new folder/01- imt sdk/imt_sdk_win_64/imt_sdk_win_64/winavr/bin/../lib/gcc/avr/4.3.3/avr5\libgcc.a(_addsub_sf.o)
 .debug_info    0x0000052b      0x485 d:/courses/embedded course imt/01- imt sdk-20220703t224428z-001/new folder/01- imt sdk/imt_sdk_win_64/imt_sdk_win_64/winavr/bin/../lib/gcc/avr/4.3.3/avr5\libgcc.a(_mul_sf.o)
 .debug_info    0x000009b0      0x27f d:/courses/embedded course imt/01- imt sdk-20220703t224428z-001/new folder/01- imt sdk/imt_sdk_win_64/imt_sdk_win_64/winavr/bin/../lib/gcc/avr/4.3.3/avr5\libgcc.a(_gt_sf.o)
 .debug_info    0x00000c2f      0x27f d:/courses/embedded course imt/01- imt sdk-20220703t224428z-001/new folder/01- imt sdk/imt_sdk_win_64/imt_sdk_win_64/winavr/bin/../lib/gcc/avr/4.3.3/avr5\libgcc.a(_ge_sf.o)
 .debug_info    0x00000eae      0x27f d:/courses/embedded course imt/01- imt sdk-20220703t224428z-001/new folder/01- imt sdk/imt_sdk_win_64/imt_sdk_win_64/winavr/bin/../lib/gcc/avr/4.3.3/avr5\libgcc.a(_lt_sf.o)
 .debug_info    0x0000112d      0x2b0 d:/courses/embedded course imt/01- imt sdk-20220703t224428z-001/new folder/01- imt sdk/imt_sdk_win_64/imt_sdk_win_64/winavr/bin/../lib/gcc/avr/4.3.3/avr5\libgcc.a(_sf_to_si.o)
 .debug_info    0x000013dd      0x12c d:/courses/embedded course imt/01- imt sdk-20220703t224428z-001/new folder/01- imt sdk/imt_sdk_win_64/imt_sdk_win_64/winavr/bin/../lib/gcc/avr/4.3.3/avr5\libgcc.a(_thenan_sf.o)
 .debug_info    0x00001509      0x2df d:/courses/embedded course imt/01- imt sdk-20220703t224428z-001/new folder/01- imt sdk/imt_sdk_win_64/imt_sdk_win_64/winavr/bin/../lib/gcc/avr/4.3.3/avr5\libgcc.a(_pack_sf.o)
 .debug_info    0x000017e8      0x251 d:/courses/embedded course imt/01- imt sdk-20220703t224428z-001/new folder/01- imt sdk/imt_sdk_win_64/imt_sdk_win_64/winavr/bin/../lib/gcc/avr/4.3.3/avr5\libgcc.a(_unpack_sf.o)
 .debug_info    0x00001a39      0x210 d:/courses/embedded course imt/01- imt sdk-20220703t224428z-001/new folder/01- imt sdk/imt_sdk_win_64/imt_sdk_win_64/winavr/bin/../lib/gcc/avr/4.3.3/avr5\libgcc.a(_fpcmp_parts_sf.o)
 *(.gnu.linkonce.wi.*)

.debug_abbrev   0x00000000      0xeeb
 *(.debug_abbrev)
 .debug_abbrev  0x00000000       0x5d d:/courses/embedded course imt/01- imt sdk-20220703t224428z-001/new folder/01- imt sdk/imt_sdk_win_64/imt_sdk_win_64/winavr/bin/../lib/gcc/avr/4.3.3/avr5\libgcc.a(_fixunssfsi.o)
 .debug_abbrev  0x0000005d      0x1ea d:/courses/embedded course imt/01- imt sdk-20220703t224428z-001/new folder/01- imt sdk/imt_sdk_win_64/imt_sdk_win_64/winavr/bin/../lib/gcc/avr/4.3.3/avr5\libgcc.a(_addsub_sf.o)
 .debug_abbrev  0x00000247      0x21b d:/courses/embedded course imt/01- imt sdk-20220703t224428z-001/new folder/01- imt sdk/imt_sdk_win_64/imt_sdk_win_64/winavr/bin/../lib/gcc/avr/4.3.3/avr5\libgcc.a(_mul_sf.o)
 .debug_abbrev  0x00000462      0x15a d:/courses/embedded course imt/01- imt sdk-20220703t224428z-001/new folder/01- imt sdk/imt_sdk_win_64/imt_sdk_win_64/winavr/bin/../lib/gcc/avr/4.3.3/avr5\libgcc.a(_gt_sf.o)
 .debug_abbrev  0x000005bc      0x15a d:/courses/embedded course imt/01- imt sdk-20220703t224428z-001/new folder/01- imt sdk/imt_sdk_win_64/imt_sdk_win_64/winavr/bin/../lib/gcc/avr/4.3.3/avr5\libgcc.a(_ge_sf.o)
 .debug_abbrev  0x00000716      0x15a d:/courses/embedded course imt/01- imt sdk-20220703t224428z-001/new folder/01- imt sdk/imt_sdk_win_64/imt_sdk_win_64/winavr/bin/../lib/gcc/avr/4.3.3/avr5\libgcc.a(_lt_sf.o)
 .debug_abbrev  0x00000870      0x17f d:/courses/embedded course imt/01- imt sdk-20220703t224428z-001/new folder/01- imt sdk/imt_sdk_win_64/imt_sdk_win_64/winavr/bin/../lib/gcc/avr/4.3.3/avr5\libgcc.a(_sf_to_si.o)
 .debug_abbrev  0x000009ef       0xad d:/courses/embedded course imt/01- imt sdk-20220703t224428z-001/new folder/01- imt sdk/imt_sdk_win_64/imt_sdk_win_64/winavr/bin/../lib/gcc/avr/4.3.3/avr5\libgcc.a(_thenan_sf.o)
 .debug_abbrev  0x00000a9c      0x1c0 d:/courses/embedded course imt/01- imt sdk-20220703t224428z-001/new folder/01- imt sdk/imt_sdk_win_64/imt_sdk_win_64/winavr/bin/../lib/gcc/avr/4.3.3/avr5\libgcc.a(_pack_sf.o)
 .debug_abbrev  0x00000c5c      0x154 d:/courses/embedded course imt/01- imt sdk-20220703t224428z-001/new folder/01- imt sdk/imt_sdk_win_64/imt_sdk_win_64/winavr/bin/../lib/gcc/avr/4.3.3/avr5\libgcc.a(_unpack_sf.o)
 .debug_abbrev  0x00000db0      0x13b d:/courses/embedded course imt/01- imt sdk-20220703t224428z-001/new folder/01- imt sdk/imt_sdk_win_64/imt_sdk_win_64/winavr/bin/../lib/gcc/avr/4.3.3/avr5\libgcc.a(_fpcmp_parts_sf.o)

.debug_line     0x00000000      0xdad
 *(.debug_line)
 .debug_line    0x00000000       0xa7 d:/courses/embedded course imt/01- imt sdk-20220703t224428z-001/new folder/01- imt sdk/imt_sdk_win_64/imt_sdk_win_64/winavr/bin/../lib/gcc/avr/4.3.3/avr5\libgcc.a(_fixunssfsi.o)
 .debug_line    0x000000a7      0x2af d:/courses/embedded course imt/01- imt sdk-20220703t224428z-001/new folder/01- imt sdk/imt_sdk_win_64/imt_sdk_win_64/winavr/bin/../lib/gcc/avr/4.3.3/avr5\libgcc.a(_addsub_sf.o)
 .debug_line    0x00000356      0x239 d:/courses/embedded course imt/01- imt sdk-20220703t224428z-001/new folder/01- imt sdk/imt_sdk_win_64/imt_sdk_win_64/winavr/bin/../lib/gcc/avr/4.3.3/avr5\libgcc.a(_mul_sf.o)
 .debug_line    0x0000058f       0xd3 d:/courses/embedded course imt/01- imt sdk-20220703t224428z-001/new folder/01- imt sdk/imt_sdk_win_64/imt_sdk_win_64/winavr/bin/../lib/gcc/avr/4.3.3/avr5\libgcc.a(_gt_sf.o)
 .debug_line    0x00000662       0xd3 d:/courses/embedded course imt/01- imt sdk-20220703t224428z-001/new folder/01- imt sdk/imt_sdk_win_64/imt_sdk_win_64/winavr/bin/../lib/gcc/avr/4.3.3/avr5\libgcc.a(_ge_sf.o)
 .debug_line    0x00000735       0xd3 d:/courses/embedded course imt/01- imt sdk-20220703t224428z-001/new folder/01- imt sdk/imt_sdk_win_64/imt_sdk_win_64/winavr/bin/../lib/gcc/avr/4.3.3/avr5\libgcc.a(_lt_sf.o)
 .debug_line    0x00000808      0x109 d:/courses/embedded course imt/01- imt sdk-20220703t224428z-001/new folder/01- imt sdk/imt_sdk_win_64/imt_sdk_win_64/winavr/bin/../lib/gcc/avr/4.3.3/avr5\libgcc.a(_sf_to_si.o)
 .debug_line    0x00000911       0x90 d:/courses/embedded course imt/01- imt sdk-20220703t224428z-001/new folder/01- imt sdk/imt_sdk_win_64/imt_sdk_win_64/winavr/bin/../lib/gcc/avr/4.3.3/avr5\libgcc.a(_thenan_sf.o)
 .debug_line    0x000009a1      0x18a d:/courses/embedded course imt/01- imt sdk-20220703t224428z-001/new folder/01- imt sdk/imt_sdk_win_64/imt_sdk_win_64/winavr/bin/../lib/gcc/avr/4.3.3/avr5\libgcc.a(_pack_sf.o)
 .debug_line    0x00000b2b      0x14b d:/courses/embedded course imt/01- imt sdk-20220703t224428z-001/new folder/01- imt sdk/imt_sdk_win_64/imt_sdk_win_64/winavr/bin/../lib/gcc/avr/4.3.3/avr5\libgcc.a(_unpack_sf.o)
 .debug_line    0x00000c76      0x137 d:/courses/embedded course imt/01- imt sdk-20220703t224428z-001/new folder/01- imt sdk/imt_sdk_win_64/imt_sdk_win_64/winavr/bin/../lib/gcc/avr/4.3.3/avr5\libgcc.a(_fpcmp_parts_sf.o)

.debug_frame    0x00000000      0x160
 *(.debug_frame)
 .debug_frame   0x00000000       0x20 d:/courses/embedded course imt/01- imt sdk-20220703t224428z-001/new folder/01- imt sdk/imt_sdk_win_64/imt_sdk_win_64/winavr/bin/../lib/gcc/avr/4.3.3/avr5\libgcc.a(_fixunssfsi.o)
 .debug_frame   0x00000020       0x40 d:/courses/embedded course imt/01- imt sdk-20220703t224428z-001/new folder/01- imt sdk/imt_sdk_win_64/imt_sdk_win_64/winavr/bin/../lib/gcc/avr/4.3.3/avr5\libgcc.a(_addsub_sf.o)
 .debug_frame   0x00000060       0x20 d:/courses/embedded course imt/01- imt sdk-20220703t224428z-001/new folder/01- imt sdk/imt_sdk_win_64/imt_sdk_win_64/winavr/bin/../lib/gcc/avr/4.3.3/avr5\libgcc.a(_mul_sf.o)
 .debug_frame   0x00000080       0x20 d:/courses/embedded course imt/01- imt sdk-20220703t224428z-001/new folder/01- imt sdk/imt_sdk_win_64/imt_sdk_win_64/winavr/bin/../lib/gcc/avr/4.3.3/avr5\libgcc.a(_gt_sf.o)
 .debug_frame   0x000000a0       0x20 d:/courses/embedded course imt/01- imt sdk-20220703t224428z-001/new folder/01- imt sdk/imt_sdk_win_64/imt_sdk_win_64/winavr/bin/../lib/gcc/avr/4.3.3/avr5\libgcc.a(_ge_sf.o)
 .debug_frame   0x000000c0       0x20 d:/courses/embedded course imt/01- imt sdk-20220703t224428z-001/new folder/01- imt sdk/imt_sdk_win_64/imt_sdk_win_64/winavr/bin/../lib/gcc/avr/4.3.3/avr5\libgcc.a(_lt_sf.o)
 .debug_frame   0x000000e0       0x20 d:/courses/embedded course imt/01- imt sdk-20220703t224428z-001/new folder/01- imt sdk/imt_sdk_win_64/imt_sdk_win_64/winavr/bin/../lib/gcc/avr/4.3.3/avr5\libgcc.a(_sf_to_si.o)
 .debug_frame   0x00000100       0x20 d:/courses/embedded course imt/01- imt sdk-20220703t224428z-001/new folder/01- imt sdk/imt_sdk_win_64/imt_sdk_win_64/winavr/bin/../lib/gcc/avr/4.3.3/avr5\libgcc.a(_pack_sf.o)
 .debug_frame   0x00000120       0x20 d:/courses/embedded course imt/01- imt sdk-20220703t224428z-001/new folder/01- imt sdk/imt_sdk_win_64/imt_sdk_win_64/winavr/bin/../lib/gcc/avr/4.3.3/avr5\libgcc.a(_unpack_sf.o)
 .debug_frame   0x00000140       0x20 d:/courses/embedded course imt/01- imt sdk-20220703t224428z-001/new folder/01- imt sdk/imt_sdk_win_64/imt_sdk_win_64/winavr/bin/../lib/gcc/avr/4.3.3/avr5\libgcc.a(_fpcmp_parts_sf.o)

.debug_str      0x00000000      0x28d
 *(.debug_str)
 .debug_str     0x00000000       0xbf d:/courses/embedded course imt/01- imt sdk-20220703t224428z-001/new folder/01- imt sdk/imt_sdk_win_64/imt_sdk_win_64/winavr/bin/../lib/gcc/avr/4.3.3/avr5\libgcc.a(_fixunssfsi.o)
                                 0xfe (size before relaxing)
 .debug_str     0x000000bf      0x14d d:/courses/embedded course imt/01- imt sdk-20220703t224428z-001/new folder/01- imt sdk/imt_sdk_win_64/imt_sdk_win_64/winavr/bin/../lib/gcc/avr/4.3.3/avr5\libgcc.a(_addsub_sf.o)
                                0x206 (size before relaxing)
 .debug_str     0x0000020c       0x27 d:/courses/embedded course imt/01- imt sdk-20220703t224428z-001/new folder/01- imt sdk/imt_sdk_win_64/imt_sdk_win_64/winavr/bin/../lib/gcc/avr/4.3.3/avr5\libgcc.a(_mul_sf.o)
                                0x1bf (size before relaxing)
 .debug_str     0x00000233        0xf d:/courses/embedded course imt/01- imt sdk-20220703t224428z-001/new folder/01- imt sdk/imt_sdk_win_64/imt_sdk_win_64/winavr/bin/../lib/gcc/avr/4.3.3/avr5\libgcc.a(_gt_sf.o)
                                0x195 (size before relaxing)
 .debug_str     0x00000242        0x8 d:/courses/embedded course imt/01- imt sdk-20220703t224428z-001/new folder/01- imt sdk/imt_sdk_win_64/imt_sdk_win_64/winavr/bin/../lib/gcc/avr/4.3.3/avr5\libgcc.a(_ge_sf.o)
                                0x195 (size before relaxing)
 .debug_str     0x0000024a        0x8 d:/courses/embedded course imt/01- imt sdk-20220703t224428z-001/new folder/01- imt sdk/imt_sdk_win_64/imt_sdk_win_64/winavr/bin/../lib/gcc/avr/4.3.3/avr5\libgcc.a(_lt_sf.o)
                                0x195 (size before relaxing)
 .debug_str     0x00000252        0xa d:/courses/embedded course imt/01- imt sdk-20220703t224428z-001/new folder/01- imt sdk/imt_sdk_win_64/imt_sdk_win_64/winavr/bin/../lib/gcc/avr/4.3.3/avr5\libgcc.a(_sf_to_si.o)
                                0x19e (size before relaxing)
 .debug_str     0x00000000      0x103 d:/courses/embedded course imt/01- imt sdk-20220703t224428z-001/new folder/01- imt sdk/imt_sdk_win_64/imt_sdk_win_64/winavr/bin/../lib/gcc/avr/4.3.3/avr5\libgcc.a(_thenan_sf.o)
 .debug_str     0x0000025c       0x16 d:/courses/embedded course imt/01- imt sdk-20220703t224428z-001/new folder/01- imt sdk/imt_sdk_win_64/imt_sdk_win_64/winavr/bin/../lib/gcc/avr/4.3.3/avr5\libgcc.a(_pack_sf.o)
                                0x19d (size before relaxing)
 .debug_str     0x00000272        0xb d:/courses/embedded course imt/01- imt sdk-20220703t224428z-001/new folder/01- imt sdk/imt_sdk_win_64/imt_sdk_win_64/winavr/bin/../lib/gcc/avr/4.3.3/avr5\libgcc.a(_unpack_sf.o)
                                0x17f (size before relaxing)
 .debug_str     0x0000027d       0x10 d:/courses/embedded course imt/01- imt sdk-20220703t224428z-001/new folder/01- imt sdk/imt_sdk_win_64/imt_sdk_win_64/winavr/bin/../lib/gcc/avr/4.3.3/avr5\libgcc.a(_fpcmp_parts_sf.o)
                                0x163 (size before relaxing)

.debug_loc      0x00000000      0x7ce
 *(.debug_loc)
 .debug_loc     0x00000000       0x34 d:/courses/embedded course imt/01- imt sdk-20220703t224428z-001/new folder/01- imt sdk/imt_sdk_win_64/imt_sdk_win_64/winavr/bin/../lib/gcc/avr/4.3.3/avr5\libgcc.a(_fixunssfsi.o)
 .debug_loc     0x00000034      0x32a d:/courses/embedded course imt/01- imt sdk-20220703t224428z-001/new folder/01- imt sdk/imt_sdk_win_64/imt_sdk_win_64/winavr/bin/../lib/gcc/avr/4.3.3/avr5\libgcc.a(_addsub_sf.o)
 .debug_loc     0x0000035e      0x104 d:/courses/embedded course imt/01- imt sdk-20220703t224428z-001/new folder/01- imt sdk/imt_sdk_win_64/imt_sdk_win_64/winavr/bin/../lib/gcc/avr/4.3.3/avr5\libgcc.a(_mul_sf.o)
 .debug_loc     0x00000462       0x3c d:/courses/embedded course imt/01- imt sdk-20220703t224428z-001/new folder/01- imt sdk/imt_sdk_win_64/imt_sdk_win_64/winavr/bin/../lib/gcc/avr/4.3.3/avr5\libgcc.a(_gt_sf.o)
 .debug_loc     0x0000049e       0x3c d:/courses/embedded course imt/01- imt sdk-20220703t224428z-001/new folder/01- imt sdk/imt_sdk_win_64/imt_sdk_win_64/winavr/bin/../lib/gcc/avr/4.3.3/avr5\libgcc.a(_ge_sf.o)
 .debug_loc     0x000004da       0x3c d:/courses/embedded course imt/01- imt sdk-20220703t224428z-001/new folder/01- imt sdk/imt_sdk_win_64/imt_sdk_win_64/winavr/bin/../lib/gcc/avr/4.3.3/avr5\libgcc.a(_lt_sf.o)
 .debug_loc     0x00000516       0x7e d:/courses/embedded course imt/01- imt sdk-20220703t224428z-001/new folder/01- imt sdk/imt_sdk_win_64/imt_sdk_win_64/winavr/bin/../lib/gcc/avr/4.3.3/avr5\libgcc.a(_sf_to_si.o)
 .debug_loc     0x00000594      0x13e d:/courses/embedded course imt/01- imt sdk-20220703t224428z-001/new folder/01- imt sdk/imt_sdk_win_64/imt_sdk_win_64/winavr/bin/../lib/gcc/avr/4.3.3/avr5\libgcc.a(_pack_sf.o)
 .debug_loc     0x000006d2       0xac d:/courses/embedded course imt/01- imt sdk-20220703t224428z-001/new folder/01- imt sdk/imt_sdk_win_64/imt_sdk_win_64/winavr/bin/../lib/gcc/avr/4.3.3/avr5\libgcc.a(_unpack_sf.o)
 .debug_loc     0x0000077e       0x50 d:/courses/embedded course imt/01- imt sdk-20220703t224428z-001/new folder/01- imt sdk/imt_sdk_win_64/imt_sdk_win_64/winavr/bin/../lib/gcc/avr/4.3.3/avr5\libgcc.a(_fpcmp_parts_sf.o)

.debug_macinfo
 *(.debug_macinfo)
OUTPUT(Finger_Print_Project.elf elf32-avr)
LOAD linker stubs

.debug_ranges   0x00000000       0x50
 .debug_ranges  0x00000000       0x50 d:/courses/embedded course imt/01- imt sdk-20220703t224428z-001/new folder/01- imt sdk/imt_sdk_win_64/imt_sdk_win_64/winavr/bin/../lib/gcc/avr/4.3.3/avr5\libgcc.a(_mul_sf.o)
