Archive member included because of file (symbol)

d:/programs files secondary/files amit embedded systems/imt_sdk_win_64/winavr/bin/../lib/gcc/avr/4.3.3/avr5\libgcc.a(_udivmodqi4.o)
                              ./MCAL/PORT/Port_prg.o (__udivmodqi4)
d:/programs files secondary/files amit embedded systems/imt_sdk_win_64/winavr/bin/../lib/gcc/avr/4.3.3/avr5\libgcc.a(_divmodsi4.o)
                              ./HAL/CLCD/CLCD_Program.o (__divmodsi4)
d:/programs files secondary/files amit embedded systems/imt_sdk_win_64/winavr/bin/../lib/gcc/avr/4.3.3/avr5\libgcc.a(_exit.o)
                              d:/programs files secondary/files amit embedded systems/imt_sdk_win_64/winavr/bin/../lib/gcc/avr/4.3.3/../../../../avr/lib/avr5/crtm32.o (exit)
d:/programs files secondary/files amit embedded systems/imt_sdk_win_64/winavr/bin/../lib/gcc/avr/4.3.3/avr5\libgcc.a(_copy_data.o)
                              ./HAL/KPD/KEYPAD_Program.o (__do_copy_data)
d:/programs files secondary/files amit embedded systems/imt_sdk_win_64/winavr/bin/../lib/gcc/avr/4.3.3/avr5\libgcc.a(_clear_bss.o)
                              ./MCAL/USART/USART_Program.o (__do_clear_bss)
d:/programs files secondary/files amit embedded systems/imt_sdk_win_64/winavr/bin/../lib/gcc/avr/4.3.3/avr5\libgcc.a(_fixunssfsi.o)
                              ./HAL/KPD/KEYPAD_Program.o (__fixunssfsi)
d:/programs files secondary/files amit embedded systems/imt_sdk_win_64/winavr/bin/../lib/gcc/avr/4.3.3/avr5\libgcc.a(_addsub_sf.o)
                              d:/programs files secondary/files amit embedded systems/imt_sdk_win_64/winavr/bin/../lib/gcc/avr/4.3.3/avr5\libgcc.a(_fixunssfsi.o) (__subsf3)
d:/programs files secondary/files amit embedded systems/imt_sdk_win_64/winavr/bin/../lib/gcc/avr/4.3.3/avr5\libgcc.a(_mul_sf.o)
                              ./HAL/KPD/KEYPAD_Program.o (__mulsf3)
d:/programs files secondary/files amit embedded systems/imt_sdk_win_64/winavr/bin/../lib/gcc/avr/4.3.3/avr5\libgcc.a(_gt_sf.o)
                              ./HAL/KPD/KEYPAD_Program.o (__gtsf2)
d:/programs files secondary/files amit embedded systems/imt_sdk_win_64/winavr/bin/../lib/gcc/avr/4.3.3/avr5\libgcc.a(_ge_sf.o)
                              d:/programs files secondary/files amit embedded systems/imt_sdk_win_64/winavr/bin/../lib/gcc/avr/4.3.3/avr5\libgcc.a(_fixunssfsi.o) (__gesf2)
d:/programs files secondary/files amit embedded systems/imt_sdk_win_64/winavr/bin/../lib/gcc/avr/4.3.3/avr5\libgcc.a(_lt_sf.o)
                              ./HAL/KPD/KEYPAD_Program.o (__ltsf2)
d:/programs files secondary/files amit embedded systems/imt_sdk_win_64/winavr/bin/../lib/gcc/avr/4.3.3/avr5\libgcc.a(_sf_to_si.o)
                              d:/programs files secondary/files amit embedded systems/imt_sdk_win_64/winavr/bin/../lib/gcc/avr/4.3.3/avr5\libgcc.a(_fixunssfsi.o) (__fixsfsi)
d:/programs files secondary/files amit embedded systems/imt_sdk_win_64/winavr/bin/../lib/gcc/avr/4.3.3/avr5\libgcc.a(_thenan_sf.o)
                              d:/programs files secondary/files amit embedded systems/imt_sdk_win_64/winavr/bin/../lib/gcc/avr/4.3.3/avr5\libgcc.a(_addsub_sf.o) (__thenan_sf)
d:/programs files secondary/files amit embedded systems/imt_sdk_win_64/winavr/bin/../lib/gcc/avr/4.3.3/avr5\libgcc.a(_udivmodsi4.o)
                              d:/programs files secondary/files amit embedded systems/imt_sdk_win_64/winavr/bin/../lib/gcc/avr/4.3.3/avr5\libgcc.a(_divmodsi4.o) (__udivmodsi4)
d:/programs files secondary/files amit embedded systems/imt_sdk_win_64/winavr/bin/../lib/gcc/avr/4.3.3/avr5\libgcc.a(_prologue.o)
                              d:/programs files secondary/files amit embedded systems/imt_sdk_win_64/winavr/bin/../lib/gcc/avr/4.3.3/avr5\libgcc.a(_addsub_sf.o) (__prologue_saves__)
d:/programs files secondary/files amit embedded systems/imt_sdk_win_64/winavr/bin/../lib/gcc/avr/4.3.3/avr5\libgcc.a(_epilogue.o)
                              d:/programs files secondary/files amit embedded systems/imt_sdk_win_64/winavr/bin/../lib/gcc/avr/4.3.3/avr5\libgcc.a(_addsub_sf.o) (__epilogue_restores__)
d:/programs files secondary/files amit embedded systems/imt_sdk_win_64/winavr/bin/../lib/gcc/avr/4.3.3/avr5\libgcc.a(_pack_sf.o)
                              d:/programs files secondary/files amit embedded systems/imt_sdk_win_64/winavr/bin/../lib/gcc/avr/4.3.3/avr5\libgcc.a(_addsub_sf.o) (__pack_f)
d:/programs files secondary/files amit embedded systems/imt_sdk_win_64/winavr/bin/../lib/gcc/avr/4.3.3/avr5\libgcc.a(_unpack_sf.o)
                              d:/programs files secondary/files amit embedded systems/imt_sdk_win_64/winavr/bin/../lib/gcc/avr/4.3.3/avr5\libgcc.a(_addsub_sf.o) (__unpack_f)
d:/programs files secondary/files amit embedded systems/imt_sdk_win_64/winavr/bin/../lib/gcc/avr/4.3.3/avr5\libgcc.a(_fpcmp_parts_sf.o)
                              d:/programs files secondary/files amit embedded systems/imt_sdk_win_64/winavr/bin/../lib/gcc/avr/4.3.3/avr5\libgcc.a(_gt_sf.o) (__fpcmp_parts_f)

Memory Configuration

Name             Origin             Length             Attributes
text             0x00000000         0x00020000         xr
data             0x00800060         0x0000ffa0         rw !x
eeprom           0x00810000         0x00010000         rw !x
fuse             0x00820000         0x00000400         rw !x
lock             0x00830000         0x00000400         rw !x
signature        0x00840000         0x00000400         rw !x
*default*        0x00000000         0xffffffff

Linker script and memory map

LOAD d:/programs files secondary/files amit embedded systems/imt_sdk_win_64/winavr/bin/../lib/gcc/avr/4.3.3/../../../../avr/lib/avr5/crtm32.o
LOAD ./MCAL/USART/USART_Program.o
LOAD ./MCAL/TWI/TWI_prog.o
LOAD ./MCAL/PORT/Port_prg.o
LOAD ./MCAL/GIE/GIE_prog.o
LOAD ./MCAL/DIO/Dio_prg.o
LOAD ./HAL/Relay/Relay_Prog.o
LOAD ./HAL/RTC/RTC_prog.o
LOAD ./HAL/KPD/KEYPAD_Program.o
LOAD ./HAL/FINGERPRINT/Finger_Print_Program_v3.o
LOAD ./HAL/EEPROM_24C08/EEPROM_prog.o
LOAD ./HAL/CLCD/CLCD_Program.o
LOAD ./HAL/Buzzer/Buzzer_Prog.o
LOAD ./CONFIG/CLCD_LCFG.o
LOAD ./CONFIG/FINGER_PRINT_LCONFIG.o
LOAD ./CONFIG/KPD_LCFG.o
LOAD ./CONFIG/Port_Lcfg.o
LOAD ./APP/APP_prog.o
LOAD ./main.o
LOAD d:/programs files secondary/files amit embedded systems/imt_sdk_win_64/winavr/bin/../lib/gcc/avr/4.3.3/avr5\libgcc.a
LOAD d:/programs files secondary/files amit embedded systems/imt_sdk_win_64/winavr/bin/../lib/gcc/avr/4.3.3/../../../../avr/lib/avr5\libc.a
LOAD d:/programs files secondary/files amit embedded systems/imt_sdk_win_64/winavr/bin/../lib/gcc/avr/4.3.3/avr5\libgcc.a

.hash
 *(.hash)

.dynsym
 *(.dynsym)

.dynstr
 *(.dynstr)

.gnu.version
 *(.gnu.version)

.gnu.version_d
 *(.gnu.version_d)

.gnu.version_r
 *(.gnu.version_r)

.rel.init
 *(.rel.init)

.rela.init
 *(.rela.init)

.rel.text
 *(.rel.text)
 *(.rel.text.*)
 *(.rel.gnu.linkonce.t*)

.rela.text
 *(.rela.text)
 *(.rela.text.*)
 *(.rela.gnu.linkonce.t*)

.rel.fini
 *(.rel.fini)

.rela.fini
 *(.rela.fini)

.rel.rodata
 *(.rel.rodata)
 *(.rel.rodata.*)
 *(.rel.gnu.linkonce.r*)

.rela.rodata
 *(.rela.rodata)
 *(.rela.rodata.*)
 *(.rela.gnu.linkonce.r*)

.rel.data
 *(.rel.data)
 *(.rel.data.*)
 *(.rel.gnu.linkonce.d*)

.rela.data
 *(.rela.data)
 *(.rela.data.*)
 *(.rela.gnu.linkonce.d*)

.rel.ctors
 *(.rel.ctors)

.rela.ctors
 *(.rela.ctors)

.rel.dtors
 *(.rel.dtors)

.rela.dtors
 *(.rela.dtors)

.rel.got
 *(.rel.got)

.rela.got
 *(.rela.got)

.rel.bss
 *(.rel.bss)

.rela.bss
 *(.rela.bss)

.rel.plt
 *(.rel.plt)

.rela.plt
 *(.rela.plt)

.text           0x00000000     0x5e3e
 *(.vectors)
 .vectors       0x00000000       0x54 d:/programs files secondary/files amit embedded systems/imt_sdk_win_64/winavr/bin/../lib/gcc/avr/4.3.3/../../../../avr/lib/avr5/crtm32.o
                0x00000000                __vectors
                0x00000000                __vector_default
 *(.vectors)
 *(.progmem.gcc*)
 *(.progmem*)
                0x00000054                . = ALIGN (0x2)
                0x00000054                __trampolines_start = .
 *(.trampolines)
 .trampolines   0x00000054        0x0 linker stubs
 *(.trampolines*)
                0x00000054                __trampolines_end = .
 *(.jumptables)
 *(.jumptables*)
 *(.lowtext)
 *(.lowtext*)
                0x00000054                __ctors_start = .
 *(.ctors)
                0x00000054                __ctors_end = .
                0x00000054                __dtors_start = .
 *(.dtors)
                0x00000054                __dtors_end = .
 SORT(*)(.ctors)
 SORT(*)(.dtors)
 *(.init0)
 .init0         0x00000054        0x0 d:/programs files secondary/files amit embedded systems/imt_sdk_win_64/winavr/bin/../lib/gcc/avr/4.3.3/../../../../avr/lib/avr5/crtm32.o
                0x00000054                __init
 *(.init0)
 *(.init1)
 *(.init1)
 *(.init2)
 .init2         0x00000054        0xc d:/programs files secondary/files amit embedded systems/imt_sdk_win_64/winavr/bin/../lib/gcc/avr/4.3.3/../../../../avr/lib/avr5/crtm32.o
 *(.init2)
 *(.init3)
 *(.init3)
 *(.init4)
 .init4         0x00000060       0x16 d:/programs files secondary/files amit embedded systems/imt_sdk_win_64/winavr/bin/../lib/gcc/avr/4.3.3/avr5\libgcc.a(_copy_data.o)
                0x00000060                __do_copy_data
 .init4         0x00000076       0x10 d:/programs files secondary/files amit embedded systems/imt_sdk_win_64/winavr/bin/../lib/gcc/avr/4.3.3/avr5\libgcc.a(_clear_bss.o)
                0x00000076                __do_clear_bss
 *(.init4)
 *(.init5)
 *(.init5)
 *(.init6)
 *(.init6)
 *(.init7)
 *(.init7)
 *(.init8)
 *(.init8)
 *(.init9)
 .init9         0x00000086        0x8 d:/programs files secondary/files amit embedded systems/imt_sdk_win_64/winavr/bin/../lib/gcc/avr/4.3.3/../../../../avr/lib/avr5/crtm32.o
 *(.init9)
 *(.text)
 .text          0x0000008e        0x4 d:/programs files secondary/files amit embedded systems/imt_sdk_win_64/winavr/bin/../lib/gcc/avr/4.3.3/../../../../avr/lib/avr5/crtm32.o
                0x0000008e                __vector_1
                0x0000008e                __vector_12
                0x0000008e                __bad_interrupt
                0x0000008e                __vector_6
                0x0000008e                __vector_3
                0x0000008e                __vector_11
                0x0000008e                __vector_17
                0x0000008e                __vector_19
                0x0000008e                __vector_7
                0x0000008e                __vector_5
                0x0000008e                __vector_4
                0x0000008e                __vector_9
                0x0000008e                __vector_2
                0x0000008e                __vector_15
                0x0000008e                __vector_8
                0x0000008e                __vector_14
                0x0000008e                __vector_10
                0x0000008e                __vector_16
                0x0000008e                __vector_18
                0x0000008e                __vector_20
 .text          0x00000092        0x0 ./MCAL/USART/USART_Program.o
 .text          0x00000092        0x0 ./MCAL/TWI/TWI_prog.o
 .text          0x00000092        0x0 ./MCAL/PORT/Port_prg.o
 .text          0x00000092        0x0 ./MCAL/GIE/GIE_prog.o
 .text          0x00000092        0x0 ./MCAL/DIO/Dio_prg.o
 .text          0x00000092        0x0 ./HAL/Relay/Relay_Prog.o
 .text          0x00000092        0x0 ./HAL/RTC/RTC_prog.o
 .text          0x00000092        0x0 ./HAL/KPD/KEYPAD_Program.o
 .text          0x00000092        0x0 ./HAL/FINGERPRINT/Finger_Print_Program_v3.o
 .text          0x00000092        0x0 ./HAL/EEPROM_24C08/EEPROM_prog.o
 .text          0x00000092        0x0 ./HAL/CLCD/CLCD_Program.o
 .text          0x00000092        0x0 ./HAL/Buzzer/Buzzer_Prog.o
 .text          0x00000092        0x0 ./CONFIG/CLCD_LCFG.o
 .text          0x00000092        0x0 ./CONFIG/FINGER_PRINT_LCONFIG.o
 .text          0x00000092        0x0 ./CONFIG/KPD_LCFG.o
 .text          0x00000092        0x0 ./CONFIG/Port_Lcfg.o
 .text          0x00000092        0x0 ./APP/APP_prog.o
 .text          0x00000092        0x0 ./main.o
 .text          0x00000092        0x0 d:/programs files secondary/files amit embedded systems/imt_sdk_win_64/winavr/bin/../lib/gcc/avr/4.3.3/avr5\libgcc.a(_udivmodqi4.o)
 .text          0x00000092        0x0 d:/programs files secondary/files amit embedded systems/imt_sdk_win_64/winavr/bin/../lib/gcc/avr/4.3.3/avr5\libgcc.a(_divmodsi4.o)
 .text          0x00000092        0x0 d:/programs files secondary/files amit embedded systems/imt_sdk_win_64/winavr/bin/../lib/gcc/avr/4.3.3/avr5\libgcc.a(_exit.o)
 .text          0x00000092        0x0 d:/programs files secondary/files amit embedded systems/imt_sdk_win_64/winavr/bin/../lib/gcc/avr/4.3.3/avr5\libgcc.a(_copy_data.o)
 .text          0x00000092        0x0 d:/programs files secondary/files amit embedded systems/imt_sdk_win_64/winavr/bin/../lib/gcc/avr/4.3.3/avr5\libgcc.a(_clear_bss.o)
 .text          0x00000092       0x58 d:/programs files secondary/files amit embedded systems/imt_sdk_win_64/winavr/bin/../lib/gcc/avr/4.3.3/avr5\libgcc.a(_fixunssfsi.o)
                0x00000092                __fixunssfsi
 .text          0x000000ea      0x354 d:/programs files secondary/files amit embedded systems/imt_sdk_win_64/winavr/bin/../lib/gcc/avr/4.3.3/avr5\libgcc.a(_addsub_sf.o)
                0x00000382                __subsf3
                0x000003e4                __addsf3
 .text          0x0000043e      0x1f4 d:/programs files secondary/files amit embedded systems/imt_sdk_win_64/winavr/bin/../lib/gcc/avr/4.3.3/avr5\libgcc.a(_mul_sf.o)
                0x0000043e                __mulsf3
 .text          0x00000632       0x60 d:/programs files secondary/files amit embedded systems/imt_sdk_win_64/winavr/bin/../lib/gcc/avr/4.3.3/avr5\libgcc.a(_gt_sf.o)
                0x00000632                __gtsf2
 .text          0x00000692       0x60 d:/programs files secondary/files amit embedded systems/imt_sdk_win_64/winavr/bin/../lib/gcc/avr/4.3.3/avr5\libgcc.a(_ge_sf.o)
                0x00000692                __gesf2
 .text          0x000006f2       0x60 d:/programs files secondary/files amit embedded systems/imt_sdk_win_64/winavr/bin/../lib/gcc/avr/4.3.3/avr5\libgcc.a(_lt_sf.o)
                0x000006f2                __ltsf2
 .text          0x00000752       0xa8 d:/programs files secondary/files amit embedded systems/imt_sdk_win_64/winavr/bin/../lib/gcc/avr/4.3.3/avr5\libgcc.a(_sf_to_si.o)
                0x00000752                __fixsfsi
 .text          0x000007fa        0x0 d:/programs files secondary/files amit embedded systems/imt_sdk_win_64/winavr/bin/../lib/gcc/avr/4.3.3/avr5\libgcc.a(_thenan_sf.o)
 .text          0x000007fa        0x0 d:/programs files secondary/files amit embedded systems/imt_sdk_win_64/winavr/bin/../lib/gcc/avr/4.3.3/avr5\libgcc.a(_udivmodsi4.o)
 .text          0x000007fa        0x0 d:/programs files secondary/files amit embedded systems/imt_sdk_win_64/winavr/bin/../lib/gcc/avr/4.3.3/avr5\libgcc.a(_prologue.o)
 .text          0x000007fa        0x0 d:/programs files secondary/files amit embedded systems/imt_sdk_win_64/winavr/bin/../lib/gcc/avr/4.3.3/avr5\libgcc.a(_epilogue.o)
 .text          0x000007fa      0x1aa d:/programs files secondary/files amit embedded systems/imt_sdk_win_64/winavr/bin/../lib/gcc/avr/4.3.3/avr5\libgcc.a(_pack_sf.o)
                0x000007fa                __pack_f
 .text          0x000009a4       0xf0 d:/programs files secondary/files amit embedded systems/imt_sdk_win_64/winavr/bin/../lib/gcc/avr/4.3.3/avr5\libgcc.a(_unpack_sf.o)
                0x000009a4                __unpack_f
 .text          0x00000a94       0xb2 d:/programs files secondary/files amit embedded systems/imt_sdk_win_64/winavr/bin/../lib/gcc/avr/4.3.3/avr5\libgcc.a(_fpcmp_parts_sf.o)
                0x00000a94                __fpcmp_parts_f
                0x00000b46                . = ALIGN (0x2)
 *(.text.*)
 .text.UART_Init
                0x00000b46      0x220 ./MCAL/USART/USART_Program.o
                0x00000b46                UART_Init
 .text.UART_SendByte
                0x00000d66       0x34 ./MCAL/USART/USART_Program.o
                0x00000d66                UART_SendByte
 .text.UART_SendString
                0x00000d9a       0x54 ./MCAL/USART/USART_Program.o
                0x00000d9a                UART_SendString
 .text.UART_RecieveByteSynchNonBlocking
                0x00000dee       0x2c ./MCAL/USART/USART_Program.o
                0x00000dee                UART_RecieveByteSynchNonBlocking
 .text.UART_RecieveByteASynchCallback
                0x00000e1a       0x14 ./MCAL/USART/USART_Program.o
                0x00000e1a                UART_RecieveByteASynchCallback
 .text.UART_SetCallBack
                0x00000e2e       0x36 ./MCAL/USART/USART_Program.o
                0x00000e2e                UART_SetCallBack
 .text.__vector_13
                0x00000e64       0x66 ./MCAL/USART/USART_Program.o
                0x00000e64                __vector_13
 .text.M_TWI_Void_InitMaster
                0x00000eca       0x44 ./MCAL/TWI/TWI_prog.o
                0x00000eca                M_TWI_Void_InitMaster
 .text.M_TWI_Void_SendStartCondition
                0x00000f0e       0x24 ./MCAL/TWI/TWI_prog.o
                0x00000f0e                M_TWI_Void_SendStartCondition
 .text.M_TWI_Void_SetSlaveAddress
                0x00000f32       0x1c ./MCAL/TWI/TWI_prog.o
                0x00000f32                M_TWI_Void_SetSlaveAddress
 .text.M_TWI_Void_SendByte
                0x00000f4e       0x32 ./MCAL/TWI/TWI_prog.o
                0x00000f4e                M_TWI_Void_SendByte
 .text.M_TWI_Void_RecevieWithACK
                0x00000f80       0x3c ./MCAL/TWI/TWI_prog.o
                0x00000f80                M_TWI_Void_RecevieWithACK
 .text.M_TWI_Void_RecevieWitNACK
                0x00000fbc       0x44 ./MCAL/TWI/TWI_prog.o
                0x00000fbc                M_TWI_Void_RecevieWitNACK
 .text.M_TWI_Void_GetStatus
                0x00001000       0x26 ./MCAL/TWI/TWI_prog.o
                0x00001000                M_TWI_Void_GetStatus
 .text.M_TWI_U8_GetStatus
                0x00001026       0x16 ./MCAL/TWI/TWI_prog.o
                0x00001026                M_TWI_U8_GetStatus
 .text.M_TWI_Void_SendStopCondition
                0x0000103c       0x1c ./MCAL/TWI/TWI_prog.o
                0x0000103c                M_TWI_Void_SendStopCondition
 .text.Port_Init
                0x00001058      0x4d6 ./MCAL/PORT/Port_prg.o
                0x00001058                Port_Init
 .text.M_GIE_Void_Enable
                0x0000152e       0x1c ./MCAL/GIE/GIE_prog.o
                0x0000152e                M_GIE_Void_Enable
 .text.M_GIE_Void_Disable
                0x0000154a       0x1c ./MCAL/GIE/GIE_prog.o
                0x0000154a                M_GIE_Void_Disable
 .text.M_Dio_en_getPinValue
                0x00001566      0x10c ./MCAL/DIO/Dio_prg.o
                0x00001566                M_Dio_en_getPinValue
 .text.M_Dio_void_setPinValue
                0x00001672      0x21c ./MCAL/DIO/Dio_prg.o
                0x00001672                M_Dio_void_setPinValue
 .text.M_Dio_en_getPortValue
                0x0000188e       0x84 ./MCAL/DIO/Dio_prg.o
                0x0000188e                M_Dio_en_getPortValue
 .text.M_Dio_void_setPortValue
                0x00001912       0x84 ./MCAL/DIO/Dio_prg.o
                0x00001912                M_Dio_void_setPortValue
 .text.M_Dio_void_togglePinValue
                0x00001996      0x118 ./MCAL/DIO/Dio_prg.o
                0x00001996                M_Dio_void_togglePinValue
 .text.H_Relay_Void_WorkOn
                0x00001aae       0x4c ./HAL/Relay/Relay_Prog.o
                0x00001aae                H_Relay_Void_WorkOn
 .text.H_Relay_Void_WorkOff
                0x00001afa       0x4c ./HAL/Relay/Relay_Prog.o
                0x00001afa                H_Relay_Void_WorkOff
 .text.H_RTC_Void_Init
                0x00001b46       0x14 ./HAL/RTC/RTC_prog.o
                0x00001b46                H_RTC_Void_Init
 .text.H_RTC_Void_SetTime
                0x00001b5a       0x78 ./HAL/RTC/RTC_prog.o
                0x00001b5a                H_RTC_Void_SetTime
 .text.H_RTC_Void_GetTime
                0x00001bd2       0x9a ./HAL/RTC/RTC_prog.o
                0x00001bd2                H_RTC_Void_GetTime
 .text.H_RTC_Void_SetDate
                0x00001c6c       0x56 ./HAL/RTC/RTC_prog.o
                0x00001c6c                H_RTC_Void_SetDate
 .text.H_RTC_Void_GetDate
                0x00001cc2       0xe4 ./HAL/RTC/RTC_prog.o
                0x00001cc2                H_RTC_Void_GetDate
 .text.H_RTC_DEC_TO_BCD
                0x00001da6       0x5a ./HAL/RTC/RTC_prog.o
                0x00001da6                H_RTC_DEC_TO_BCD
 .text.H_RTC_BCD_TO_DEC
                0x00001e00       0x50 ./HAL/RTC/RTC_prog.o
                0x00001e00                H_RTC_BCD_TO_DEC
 .text.H_KEYPAD_u8_getPressedKey
                0x00001e50      0x1ca ./HAL/KPD/KEYPAD_Program.o
                0x00001e50                H_KEYPAD_u8_getPressedKey
 .text.Finger_Print_Init
                0x0000201a       0x4a ./HAL/FINGERPRINT/Finger_Print_Program_v3.o
                0x0000201a                Finger_Print_Init
 .text.Config_Led
                0x00002064       0x78 ./HAL/FINGERPRINT/Finger_Print_Program_v3.o
                0x00002064                Config_Led
 .text.Finger_Print_Send_Led_Command
                0x000020dc      0x134 ./HAL/FINGERPRINT/Finger_Print_Program_v3.o
                0x000020dc                Finger_Print_Send_Led_Command
 .text.Finger_Print_Send_Command
                0x00002210      0x21c ./HAL/FINGERPRINT/Finger_Print_Program_v3.o
                0x00002210                Finger_Print_Send_Command
 .text.Finger_Print_Enroll
                0x0000242c       0x74 ./HAL/FINGERPRINT/Finger_Print_Program_v3.o
                0x0000242c                Finger_Print_Enroll
 .text.Finger_Print_Match
                0x000024a0       0x54 ./HAL/FINGERPRINT/Finger_Print_Program_v3.o
                0x000024a0                Finger_Print_Match
 .text.Generate_Image
                0x000024f4       0xa4 ./HAL/FINGERPRINT/Finger_Print_Program_v3.o
                0x000024f4                Generate_Image
 .text.Char_File_Generate
                0x00002598       0x7c ./HAL/FINGERPRINT/Finger_Print_Program_v3.o
                0x00002598                Char_File_Generate
 .text.Generate_Template
                0x00002614      0x164 ./HAL/FINGERPRINT/Finger_Print_Program_v3.o
                0x00002614                Generate_Template
 .text.Store_Template
                0x00002778       0x7e ./HAL/FINGERPRINT/Finger_Print_Program_v3.o
                0x00002778                Store_Template
 .text.Search_For_Template
                0x000027f6       0x8a ./HAL/FINGERPRINT/Finger_Print_Program_v3.o
                0x000027f6                Search_For_Template
 .text.Finger_Print_Empty_Templates
                0x00002880      0x22e ./HAL/FINGERPRINT/Finger_Print_Program_v3.o
                0x00002880                Finger_Print_Empty_Templates
 .text.Flush_Buffer
                0x00002aae       0x36 ./HAL/FINGERPRINT/Finger_Print_Program_v3.o
                0x00002aae                Flush_Buffer
 .text.Check_Sum
                0x00002ae4       0x50 ./HAL/FINGERPRINT/Finger_Print_Program_v3.o
                0x00002ae4                Check_Sum
 .text.Display_data
                0x00002b34       0x34 ./HAL/FINGERPRINT/Finger_Print_Program_v3.o
                0x00002b34                Display_data
 .text.H_EEPROM_Void_Init
                0x00002b68       0x14 ./HAL/EEPROM_24C08/EEPROM_prog.o
                0x00002b68                H_EEPROM_Void_Init
 .text.H_EEPROM_Void_WriteByte
                0x00002b7c       0x56 ./HAL/EEPROM_24C08/EEPROM_prog.o
                0x00002b7c                H_EEPROM_Void_WriteByte
 .text.H_EEPROM_Void_ReadByte
                0x00002bd2       0xa8 ./HAL/EEPROM_24C08/EEPROM_prog.o
                0x00002bd2                H_EEPROM_Void_ReadByte
 .text.H_LCD_void_latchByte
                0x00002c7a      0x38e ./HAL/CLCD/CLCD_Program.o
 .text.H_LCD_void_Init
                0x00003008      0x4f2 ./HAL/CLCD/CLCD_Program.o
                0x00003008                H_LCD_void_Init
 .text.H_LCD_void_sendData
                0x000034fa       0x22 ./HAL/CLCD/CLCD_Program.o
                0x000034fa                H_LCD_void_sendData
 .text.H_LCD_void_sendCommand
                0x0000351c       0x22 ./HAL/CLCD/CLCD_Program.o
                0x0000351c                H_LCD_void_sendCommand
 .text.H_LCD_void_sendString
                0x0000353e       0x52 ./HAL/CLCD/CLCD_Program.o
                0x0000353e                H_LCD_void_sendString
 .text.H_LCD_void_sendIntNum
                0x00003590      0x138 ./HAL/CLCD/CLCD_Program.o
                0x00003590                H_LCD_void_sendIntNum
 .text.H_LCD_void_gotoXY
                0x000036c8       0x58 ./HAL/CLCD/CLCD_Program.o
                0x000036c8                H_LCD_void_gotoXY
 .text.H_LCD_void_creatCustomChar
                0x00003720       0x78 ./HAL/CLCD/CLCD_Program.o
                0x00003720                H_LCD_void_creatCustomChar
 .text.H_LCD_void_displayCustomChar
                0x00003798       0x1a ./HAL/CLCD/CLCD_Program.o
                0x00003798                H_LCD_void_displayCustomChar
 .text.H_LCD_void_ClearDisplay
                0x000037b2       0x14 ./HAL/CLCD/CLCD_Program.o
                0x000037b2                H_LCD_void_ClearDisplay
 .text.H_BUZZER_Void_TurnOn
                0x000037c6       0x16 ./HAL/Buzzer/Buzzer_Prog.o
                0x000037c6                H_BUZZER_Void_TurnOn
 .text.H_BUZZER_Void_TurnOff
                0x000037dc       0x16 ./HAL/Buzzer/Buzzer_Prog.o
                0x000037dc                H_BUZZER_Void_TurnOff
 .text.APP_INIT
                0x000037f2      0x32a ./APP/APP_prog.o
                0x000037f2                APP_INIT
 .text.APP_Start
                0x00003b1c      0x3a0 ./APP/APP_prog.o
                0x00003b1c                APP_Start
 .text.User_Authentication_SignIn
                0x00003ebc      0x186 ./APP/APP_prog.o
                0x00003ebc                User_Authentication_SignIn
 .text.User_Authentication_SignUp
                0x00004042      0x496 ./APP/APP_prog.o
                0x00004042                User_Authentication_SignUp
 .text.Successful_Authentication
                0x000044d8      0x242 ./APP/APP_prog.o
                0x000044d8                Successful_Authentication
 .text.Time_Processing
                0x0000471a      0x460 ./APP/APP_prog.o
                0x0000471a                Time_Processing
 .text.Display_LastLogin
                0x00004b7a      0x390 ./APP/APP_prog.o
                0x00004b7a                Display_LastLogin
 .text.SYSTEM_OFF
                0x00004f0a      0x3ee ./APP/APP_prog.o
                0x00004f0a                SYSTEM_OFF
 .text.Wrong_Authentication
                0x000052f8      0x148 ./APP/APP_prog.o
                0x000052f8                Wrong_Authentication
 .text.APP_WelcomeDisplay
                0x00005440       0x4e ./APP/APP_prog.o
                0x00005440                APP_WelcomeDisplay
 .text.Check_Password
                0x0000548e      0x1aa ./APP/APP_prog.o
                0x0000548e                Check_Password
 .text.KeyPad_EnterPassWord
                0x00005638       0x64 ./APP/APP_prog.o
                0x00005638                KeyPad_EnterPassWord
 .text.Save_NewPassword
                0x0000569c      0x382 ./APP/APP_prog.o
                0x0000569c                Save_NewPassword
 .text.Rest_Password
                0x00005a1e      0x30a ./APP/APP_prog.o
                0x00005a1e                Rest_Password
 .text.main     0x00005d28       0x12 ./main.o
                0x00005d28                main
 .text.libgcc   0x00005d3a       0x18 d:/programs files secondary/files amit embedded systems/imt_sdk_win_64/winavr/bin/../lib/gcc/avr/4.3.3/avr5\libgcc.a(_udivmodqi4.o)
                0x00005d3a                __udivmodqi4
 .text.libgcc   0x00005d52       0x36 d:/programs files secondary/files amit embedded systems/imt_sdk_win_64/winavr/bin/../lib/gcc/avr/4.3.3/avr5\libgcc.a(_divmodsi4.o)
                0x00005d52                __divmodsi4
 .text.libgcc   0x00005d88        0x0 d:/programs files secondary/files amit embedded systems/imt_sdk_win_64/winavr/bin/../lib/gcc/avr/4.3.3/avr5\libgcc.a(_exit.o)
 .text.libgcc   0x00005d88        0x0 d:/programs files secondary/files amit embedded systems/imt_sdk_win_64/winavr/bin/../lib/gcc/avr/4.3.3/avr5\libgcc.a(_copy_data.o)
 .text.libgcc   0x00005d88        0x0 d:/programs files secondary/files amit embedded systems/imt_sdk_win_64/winavr/bin/../lib/gcc/avr/4.3.3/avr5\libgcc.a(_clear_bss.o)
 .text.libgcc   0x00005d88       0x44 d:/programs files secondary/files amit embedded systems/imt_sdk_win_64/winavr/bin/../lib/gcc/avr/4.3.3/avr5\libgcc.a(_udivmodsi4.o)
                0x00005d88                __udivmodsi4
 .text.libgcc   0x00005dcc       0x38 d:/programs files secondary/files amit embedded systems/imt_sdk_win_64/winavr/bin/../lib/gcc/avr/4.3.3/avr5\libgcc.a(_prologue.o)
                0x00005dcc                __prologue_saves__
 .text.libgcc   0x00005e04       0x36 d:/programs files secondary/files amit embedded systems/imt_sdk_win_64/winavr/bin/../lib/gcc/avr/4.3.3/avr5\libgcc.a(_epilogue.o)
                0x00005e04                __epilogue_restores__
                0x00005e3a                . = ALIGN (0x2)
 *(.fini9)
 .fini9         0x00005e3a        0x0 d:/programs files secondary/files amit embedded systems/imt_sdk_win_64/winavr/bin/../lib/gcc/avr/4.3.3/avr5\libgcc.a(_exit.o)
                0x00005e3a                exit
                0x00005e3a                _exit
 *(.fini9)
 *(.fini8)
 *(.fini8)
 *(.fini7)
 *(.fini7)
 *(.fini6)
 *(.fini6)
 *(.fini5)
 *(.fini5)
 *(.fini4)
 *(.fini4)
 *(.fini3)
 *(.fini3)
 *(.fini2)
 *(.fini2)
 *(.fini1)
 *(.fini1)
 *(.fini0)
 .fini0         0x00005e3a        0x4 d:/programs files secondary/files amit embedded systems/imt_sdk_win_64/winavr/bin/../lib/gcc/avr/4.3.3/avr5\libgcc.a(_exit.o)
 *(.fini0)
                0x00005e3e                _etext = .

.data           0x00800060      0x3a2 load address 0x00005e3e
                0x00800060                PROVIDE (__data_start, .)
 *(.data)
 .data          0x00800060        0x0 d:/programs files secondary/files amit embedded systems/imt_sdk_win_64/winavr/bin/../lib/gcc/avr/4.3.3/../../../../avr/lib/avr5/crtm32.o
 .data          0x00800060        0x0 ./MCAL/USART/USART_Program.o
 .data          0x00800060        0x0 ./MCAL/TWI/TWI_prog.o
 .data          0x00800060        0x0 ./MCAL/PORT/Port_prg.o
 .data          0x00800060        0x0 ./MCAL/GIE/GIE_prog.o
 .data          0x00800060        0x0 ./MCAL/DIO/Dio_prg.o
 .data          0x00800060        0x0 ./HAL/Relay/Relay_Prog.o
 .data          0x00800060        0x0 ./HAL/RTC/RTC_prog.o
 .data          0x00800060        0x0 ./HAL/KPD/KEYPAD_Program.o
 .data          0x00800060       0x2e ./HAL/FINGERPRINT/Finger_Print_Program_v3.o
 .data          0x0080008e        0x0 ./HAL/EEPROM_24C08/EEPROM_prog.o
 .data          0x0080008e        0x0 ./HAL/CLCD/CLCD_Program.o
 .data          0x0080008e        0x0 ./HAL/Buzzer/Buzzer_Prog.o
 .data          0x0080008e        0x0 ./CONFIG/CLCD_LCFG.o
 .data          0x0080008e        0x0 ./CONFIG/FINGER_PRINT_LCONFIG.o
 .data          0x0080008e        0x0 ./CONFIG/KPD_LCFG.o
 .data          0x0080008e        0x0 ./CONFIG/Port_Lcfg.o
 .data          0x0080008e      0x1d0 ./APP/APP_prog.o
 .data          0x0080025e        0x0 ./main.o
 .data          0x0080025e        0x0 d:/programs files secondary/files amit embedded systems/imt_sdk_win_64/winavr/bin/../lib/gcc/avr/4.3.3/avr5\libgcc.a(_udivmodqi4.o)
 .data          0x0080025e        0x0 d:/programs files secondary/files amit embedded systems/imt_sdk_win_64/winavr/bin/../lib/gcc/avr/4.3.3/avr5\libgcc.a(_divmodsi4.o)
 .data          0x0080025e        0x0 d:/programs files secondary/files amit embedded systems/imt_sdk_win_64/winavr/bin/../lib/gcc/avr/4.3.3/avr5\libgcc.a(_exit.o)
 .data          0x0080025e        0x0 d:/programs files secondary/files amit embedded systems/imt_sdk_win_64/winavr/bin/../lib/gcc/avr/4.3.3/avr5\libgcc.a(_copy_data.o)
 .data          0x0080025e        0x0 d:/programs files secondary/files amit embedded systems/imt_sdk_win_64/winavr/bin/../lib/gcc/avr/4.3.3/avr5\libgcc.a(_clear_bss.o)
 .data          0x0080025e        0x0 d:/programs files secondary/files amit embedded systems/imt_sdk_win_64/winavr/bin/../lib/gcc/avr/4.3.3/avr5\libgcc.a(_fixunssfsi.o)
 .data          0x0080025e        0x0 d:/programs files secondary/files amit embedded systems/imt_sdk_win_64/winavr/bin/../lib/gcc/avr/4.3.3/avr5\libgcc.a(_addsub_sf.o)
 .data          0x0080025e        0x0 d:/programs files secondary/files amit embedded systems/imt_sdk_win_64/winavr/bin/../lib/gcc/avr/4.3.3/avr5\libgcc.a(_mul_sf.o)
 .data          0x0080025e        0x0 d:/programs files secondary/files amit embedded systems/imt_sdk_win_64/winavr/bin/../lib/gcc/avr/4.3.3/avr5\libgcc.a(_gt_sf.o)
 .data          0x0080025e        0x0 d:/programs files secondary/files amit embedded systems/imt_sdk_win_64/winavr/bin/../lib/gcc/avr/4.3.3/avr5\libgcc.a(_ge_sf.o)
 .data          0x0080025e        0x0 d:/programs files secondary/files amit embedded systems/imt_sdk_win_64/winavr/bin/../lib/gcc/avr/4.3.3/avr5\libgcc.a(_lt_sf.o)
 .data          0x0080025e        0x0 d:/programs files secondary/files amit embedded systems/imt_sdk_win_64/winavr/bin/../lib/gcc/avr/4.3.3/avr5\libgcc.a(_sf_to_si.o)
 .data          0x0080025e        0x8 d:/programs files secondary/files amit embedded systems/imt_sdk_win_64/winavr/bin/../lib/gcc/avr/4.3.3/avr5\libgcc.a(_thenan_sf.o)
                0x0080025e                __thenan_sf
 .data          0x00800266        0x0 d:/programs files secondary/files amit embedded systems/imt_sdk_win_64/winavr/bin/../lib/gcc/avr/4.3.3/avr5\libgcc.a(_udivmodsi4.o)
 .data          0x00800266        0x0 d:/programs files secondary/files amit embedded systems/imt_sdk_win_64/winavr/bin/../lib/gcc/avr/4.3.3/avr5\libgcc.a(_prologue.o)
 .data          0x00800266        0x0 d:/programs files secondary/files amit embedded systems/imt_sdk_win_64/winavr/bin/../lib/gcc/avr/4.3.3/avr5\libgcc.a(_epilogue.o)
 .data          0x00800266        0x0 d:/programs files secondary/files amit embedded systems/imt_sdk_win_64/winavr/bin/../lib/gcc/avr/4.3.3/avr5\libgcc.a(_pack_sf.o)
 .data          0x00800266        0x0 d:/programs files secondary/files amit embedded systems/imt_sdk_win_64/winavr/bin/../lib/gcc/avr/4.3.3/avr5\libgcc.a(_unpack_sf.o)
 .data          0x00800266        0x0 d:/programs files secondary/files amit embedded systems/imt_sdk_win_64/winavr/bin/../lib/gcc/avr/4.3.3/avr5\libgcc.a(_fpcmp_parts_sf.o)
 *(.data*)
 .data.KPD_KEYS_CALC
                0x00800266       0x10 ./HAL/KPD/KEYPAD_Program.o
 .data.ROWS_ARR
                0x00800276        0x4 ./HAL/KPD/KEYPAD_Program.o
                0x00800276                ROWS_ARR
 .data.COLS_ARR
                0x0080027a        0x4 ./HAL/KPD/KEYPAD_Program.o
                0x0080027a                COLS_ARR
 .data.Hand_Shake
                0x0080027e        0xc ./HAL/FINGERPRINT/Finger_Print_Program_v3.o
                0x0080027e                Hand_Shake
 .data.VfyPwd   0x0080028a       0x10 ./HAL/FINGERPRINT/Finger_Print_Program_v3.o
                0x0080028a                VfyPwd
 .data.GetImage
                0x0080029a        0xc ./HAL/FINGERPRINT/Finger_Print_Program_v3.o
                0x0080029a                GetImage
 .data.Img2TZ_1
                0x008002a6        0xd ./HAL/FINGERPRINT/Finger_Print_Program_v3.o
                0x008002a6                Img2TZ_1
 .data.Img2TZ_2
                0x008002b3        0xd ./HAL/FINGERPRINT/Finger_Print_Program_v3.o
                0x008002b3                Img2TZ_2
 .data.Reg_Model
                0x008002c0        0xc ./HAL/FINGERPRINT/Finger_Print_Program_v3.o
                0x008002c0                Reg_Model
 .data.Search   0x008002cc       0x11 ./HAL/FINGERPRINT/Finger_Print_Program_v3.o
                0x008002cc                Search
 .data.Empty_Library
                0x008002dd        0xc ./HAL/FINGERPRINT/Finger_Print_Program_v3.o
                0x008002dd                Empty_Library
 .data.Delete_Char
                0x008002e9       0x10 ./HAL/FINGERPRINT/Finger_Print_Program_v3.o
                0x008002e9                Delete_Char
 .data.AuraLedConfig_LED
                0x008002f9       0x10 ./HAL/FINGERPRINT/Finger_Print_Program_v3.o
                0x008002f9                AuraLedConfig_LED
 .data.AuraLedConfig_Purble
                0x00800309       0x10 ./HAL/FINGERPRINT/Finger_Print_Program_v3.o
                0x00800309                AuraLedConfig_Purble
 .data.AuraLedConfig_Blue
                0x00800319       0x10 ./HAL/FINGERPRINT/Finger_Print_Program_v3.o
                0x00800319                AuraLedConfig_Blue
 .data.AuraLedConfig_Red
                0x00800329       0x10 ./HAL/FINGERPRINT/Finger_Print_Program_v3.o
                0x00800329                AuraLedConfig_Red
 .data.ARR_UART_CFG_3
                0x00800339        0x5 ./HAL/FINGERPRINT/Finger_Print_Program_v3.o
                0x00800339                ARR_UART_CFG_3
 .data.Store    0x0080033e        0xf ./HAL/FINGERPRINT/Finger_Print_Program_v3.o
                0x0080033e                Store
 .data.Gen_Img_Flag
                0x0080034d        0x1 ./HAL/FINGERPRINT/Finger_Print_Program_v3.o
 .data.Img_2_TZ_Flag
                0x0080034e        0x1 ./HAL/FINGERPRINT/Finger_Print_Program_v3.o
 .data.Reg_Model_Flag
                0x0080034f        0x1 ./HAL/FINGERPRINT/Finger_Print_Program_v3.o
 .data.Store_Flag
                0x00800350        0x1 ./HAL/FINGERPRINT/Finger_Print_Program_v3.o
 .data.Search_Flag
                0x00800351        0x1 ./HAL/FINGERPRINT/Finger_Print_Program_v3.o
 .data.Pattern_1
                0x00800352        0x8 ./CONFIG/CLCD_LCFG.o
                0x00800352                Pattern_1
 .data.Pattern_2
                0x0080035a        0x8 ./CONFIG/CLCD_LCFG.o
                0x0080035a                Pattern_2
 .data.Pattern_3
                0x00800362        0x8 ./CONFIG/CLCD_LCFG.o
                0x00800362                Pattern_3
 .data.Pattern_4
                0x0080036a        0x8 ./CONFIG/CLCD_LCFG.o
                0x0080036a                Pattern_4
 .data.SmilyChar
                0x00800372        0x8 ./CONFIG/CLCD_LCFG.o
                0x00800372                SmilyChar
 .data.Set_TimeArr
                0x0080037a        0x3 ./APP/APP_prog.o
                0x0080037a                Set_TimeArr
 *(.rodata)
 *(.rodata*)
 .rodata.PORT_Config_Arr
                0x0080037d       0x80 ./CONFIG/Port_Lcfg.o
                0x0080037d                PORT_Config_Arr
 .rodata.TimeArr
                0x008003fd        0x4 ./APP/APP_prog.o
                0x008003fd                TimeArr
 *(.gnu.linkonce.d*)
                0x00800402                . = ALIGN (0x2)
 *fill*         0x00800401        0x1 00
                0x00800402                _edata = .
                0x00800402                PROVIDE (__data_end, .)

.bss            0x00800402       0x24
                0x00800402                PROVIDE (__bss_start, .)
 *(.bss)
 .bss           0x00800402        0x0 d:/programs files secondary/files amit embedded systems/imt_sdk_win_64/winavr/bin/../lib/gcc/avr/4.3.3/../../../../avr/lib/avr5/crtm32.o
 .bss           0x00800402        0x0 ./MCAL/USART/USART_Program.o
 .bss           0x00800402        0x0 ./MCAL/TWI/TWI_prog.o
 .bss           0x00800402        0x0 ./MCAL/PORT/Port_prg.o
 .bss           0x00800402        0x0 ./MCAL/GIE/GIE_prog.o
 .bss           0x00800402        0x0 ./MCAL/DIO/Dio_prg.o
 .bss           0x00800402        0x0 ./HAL/Relay/Relay_Prog.o
 .bss           0x00800402        0x0 ./HAL/RTC/RTC_prog.o
 .bss           0x00800402        0x0 ./HAL/KPD/KEYPAD_Program.o
 .bss           0x00800402        0x0 ./HAL/FINGERPRINT/Finger_Print_Program_v3.o
 .bss           0x00800402        0x0 ./HAL/EEPROM_24C08/EEPROM_prog.o
 .bss           0x00800402        0x0 ./HAL/CLCD/CLCD_Program.o
 .bss           0x00800402        0x0 ./HAL/Buzzer/Buzzer_Prog.o
 .bss           0x00800402        0x0 ./CONFIG/CLCD_LCFG.o
 .bss           0x00800402        0x0 ./CONFIG/FINGER_PRINT_LCONFIG.o
 .bss           0x00800402        0x0 ./CONFIG/KPD_LCFG.o
 .bss           0x00800402        0x0 ./CONFIG/Port_Lcfg.o
 .bss           0x00800402        0x0 ./APP/APP_prog.o
 .bss           0x00800402        0x0 ./main.o
 .bss           0x00800402        0x0 d:/programs files secondary/files amit embedded systems/imt_sdk_win_64/winavr/bin/../lib/gcc/avr/4.3.3/avr5\libgcc.a(_udivmodqi4.o)
 .bss           0x00800402        0x0 d:/programs files secondary/files amit embedded systems/imt_sdk_win_64/winavr/bin/../lib/gcc/avr/4.3.3/avr5\libgcc.a(_divmodsi4.o)
 .bss           0x00800402        0x0 d:/programs files secondary/files amit embedded systems/imt_sdk_win_64/winavr/bin/../lib/gcc/avr/4.3.3/avr5\libgcc.a(_exit.o)
 .bss           0x00800402        0x0 d:/programs files secondary/files amit embedded systems/imt_sdk_win_64/winavr/bin/../lib/gcc/avr/4.3.3/avr5\libgcc.a(_copy_data.o)
 .bss           0x00800402        0x0 d:/programs files secondary/files amit embedded systems/imt_sdk_win_64/winavr/bin/../lib/gcc/avr/4.3.3/avr5\libgcc.a(_clear_bss.o)
 .bss           0x00800402        0x0 d:/programs files secondary/files amit embedded systems/imt_sdk_win_64/winavr/bin/../lib/gcc/avr/4.3.3/avr5\libgcc.a(_fixunssfsi.o)
 .bss           0x00800402        0x0 d:/programs files secondary/files amit embedded systems/imt_sdk_win_64/winavr/bin/../lib/gcc/avr/4.3.3/avr5\libgcc.a(_addsub_sf.o)
 .bss           0x00800402        0x0 d:/programs files secondary/files amit embedded systems/imt_sdk_win_64/winavr/bin/../lib/gcc/avr/4.3.3/avr5\libgcc.a(_mul_sf.o)
 .bss           0x00800402        0x0 d:/programs files secondary/files amit embedded systems/imt_sdk_win_64/winavr/bin/../lib/gcc/avr/4.3.3/avr5\libgcc.a(_gt_sf.o)
 .bss           0x00800402        0x0 d:/programs files secondary/files amit embedded systems/imt_sdk_win_64/winavr/bin/../lib/gcc/avr/4.3.3/avr5\libgcc.a(_ge_sf.o)
 .bss           0x00800402        0x0 d:/programs files secondary/files amit embedded systems/imt_sdk_win_64/winavr/bin/../lib/gcc/avr/4.3.3/avr5\libgcc.a(_lt_sf.o)
 .bss           0x00800402        0x0 d:/programs files secondary/files amit embedded systems/imt_sdk_win_64/winavr/bin/../lib/gcc/avr/4.3.3/avr5\libgcc.a(_sf_to_si.o)
 .bss           0x00800402        0x0 d:/programs files secondary/files amit embedded systems/imt_sdk_win_64/winavr/bin/../lib/gcc/avr/4.3.3/avr5\libgcc.a(_thenan_sf.o)
 .bss           0x00800402        0x0 d:/programs files secondary/files amit embedded systems/imt_sdk_win_64/winavr/bin/../lib/gcc/avr/4.3.3/avr5\libgcc.a(_udivmodsi4.o)
 .bss           0x00800402        0x0 d:/programs files secondary/files amit embedded systems/imt_sdk_win_64/winavr/bin/../lib/gcc/avr/4.3.3/avr5\libgcc.a(_prologue.o)
 .bss           0x00800402        0x0 d:/programs files secondary/files amit embedded systems/imt_sdk_win_64/winavr/bin/../lib/gcc/avr/4.3.3/avr5\libgcc.a(_epilogue.o)
 .bss           0x00800402        0x0 d:/programs files secondary/files amit embedded systems/imt_sdk_win_64/winavr/bin/../lib/gcc/avr/4.3.3/avr5\libgcc.a(_pack_sf.o)
 .bss           0x00800402        0x0 d:/programs files secondary/files amit embedded systems/imt_sdk_win_64/winavr/bin/../lib/gcc/avr/4.3.3/avr5\libgcc.a(_unpack_sf.o)
 .bss           0x00800402        0x0 d:/programs files secondary/files amit embedded systems/imt_sdk_win_64/winavr/bin/../lib/gcc/avr/4.3.3/avr5\libgcc.a(_fpcmp_parts_sf.o)
 *(.bss*)
 .bss.USART_PTR_FUNC
                0x00800402        0x2 ./MCAL/USART/USART_Program.o
 .bss.Local_counter
                0x00800404        0x1 ./HAL/FINGERPRINT/Finger_Print_Program_v3.o
 .bss.Empty_Flag
                0x00800405        0x1 ./HAL/FINGERPRINT/Finger_Print_Program_v3.o
 .bss.Buffer    0x00800406       0x1e ./HAL/FINGERPRINT/Finger_Print_Program_v3.o
 .bss.Global_PasswordCounter
                0x00800424        0x1 ./APP/APP_prog.o
                0x00800424                Global_PasswordCounter
 .bss.GloblaLogAddreses
                0x00800425        0x1 ./APP/APP_prog.o
                0x00800425                GloblaLogAddreses
 *(COMMON)
 COMMON         0x00800426        0x0 ./HAL/CLCD/CLCD_Program.o
                0x00800426                PROVIDE (__bss_end, .)
                0x00005e3e                __data_load_start = LOADADDR (.data)
                0x000061e0                __data_load_end = (__data_load_start + SIZEOF (.data))

.noinit         0x00800426        0x0
                0x00800426                PROVIDE (__noinit_start, .)
 *(.noinit*)
                0x00800426                PROVIDE (__noinit_end, .)
                0x00800426                _end = .
                0x00800426                PROVIDE (__heap_start, .)

.eeprom         0x00810000        0x0
 *(.eeprom*)
                0x00810000                __eeprom_end = .

.fuse
 *(.fuse)
 *(.lfuse)
 *(.hfuse)
 *(.efuse)

.lock
 *(.lock*)

.signature
 *(.signature*)

.stab           0x00000000     0x7620
 *(.stab)
 .stab          0x00000000      0x810 ./MCAL/USART/USART_Program.o
 .stab          0x00000810      0x498 ./MCAL/TWI/TWI_prog.o
                                0x69c (size before relaxing)
 .stab          0x00000ca8      0x330 ./MCAL/PORT/Port_prg.o
                                0x3a8 (size before relaxing)
 .stab          0x00000fd8      0x144 ./MCAL/GIE/GIE_prog.o
                                0x1bc (size before relaxing)
 .stab          0x0000111c      0x510 ./MCAL/DIO/Dio_prg.o
                                0x588 (size before relaxing)
 .stab          0x0000162c      0x288 ./HAL/Relay/Relay_Prog.o
                                0x384 (size before relaxing)
 .stab          0x000018b4      0x738 ./HAL/RTC/RTC_prog.o
                                0x948 (size before relaxing)
 .stab          0x00001fec      0x30c ./HAL/KPD/KEYPAD_Program.o
                                0x57c (size before relaxing)
 .stab          0x000022f8     0x12f0 ./HAL/FINGERPRINT/Finger_Print_Program_v3.o
                               0x1620 (size before relaxing)
 .stab          0x000035e8      0x330 ./HAL/EEPROM_24C08/EEPROM_prog.o
                                0x594 (size before relaxing)
 .stab          0x00003918      0xcb4 ./HAL/CLCD/CLCD_Program.o
                                0xeb8 (size before relaxing)
 .stab          0x000045cc      0x180 ./HAL/Buzzer/Buzzer_Prog.o
                                0x30c (size before relaxing)
 .stab          0x0000474c      0x120 ./CONFIG/CLCD_LCFG.o
                                0x198 (size before relaxing)
 .stab          0x0000486c       0xd8 ./CONFIG/FINGER_PRINT_LCONFIG.o
                                 0xe4 (size before relaxing)
 .stab          0x00004944       0xe4 ./CONFIG/KPD_LCFG.o
                                0x15c (size before relaxing)
 .stab          0x00004a28      0x210 ./CONFIG/Port_Lcfg.o
                                0x21c (size before relaxing)
 .stab          0x00004c38     0x2844 ./APP/APP_prog.o
                               0x2b98 (size before relaxing)
 .stab          0x0000747c      0x1a4 ./main.o
                                0x21c (size before relaxing)

.stabstr        0x00000000     0x48f4
 *(.stabstr)
 .stabstr       0x00000000     0x48f4 ./MCAL/USART/USART_Program.o

.stab.excl
 *(.stab.excl)

.stab.exclstr
 *(.stab.exclstr)

.stab.index
 *(.stab.index)

.stab.indexstr
 *(.stab.indexstr)

.comment
 *(.comment)

.debug
 *(.debug)

.line
 *(.line)

.debug_srcinfo
 *(.debug_srcinfo)

.debug_sfnames
 *(.debug_sfnames)

.debug_aranges  0x00000000      0x140
 *(.debug_aranges)
 .debug_aranges
                0x00000000       0x20 d:/programs files secondary/files amit embedded systems/imt_sdk_win_64/winavr/bin/../lib/gcc/avr/4.3.3/avr5\libgcc.a(_fixunssfsi.o)
 .debug_aranges
                0x00000020       0x20 d:/programs files secondary/files amit embedded systems/imt_sdk_win_64/winavr/bin/../lib/gcc/avr/4.3.3/avr5\libgcc.a(_addsub_sf.o)
 .debug_aranges
                0x00000040       0x20 d:/programs files secondary/files amit embedded systems/imt_sdk_win_64/winavr/bin/../lib/gcc/avr/4.3.3/avr5\libgcc.a(_mul_sf.o)
 .debug_aranges
                0x00000060       0x20 d:/programs files secondary/files amit embedded systems/imt_sdk_win_64/winavr/bin/../lib/gcc/avr/4.3.3/avr5\libgcc.a(_gt_sf.o)
 .debug_aranges
                0x00000080       0x20 d:/programs files secondary/files amit embedded systems/imt_sdk_win_64/winavr/bin/../lib/gcc/avr/4.3.3/avr5\libgcc.a(_ge_sf.o)
 .debug_aranges
                0x000000a0       0x20 d:/programs files secondary/files amit embedded systems/imt_sdk_win_64/winavr/bin/../lib/gcc/avr/4.3.3/avr5\libgcc.a(_lt_sf.o)
 .debug_aranges
                0x000000c0       0x20 d:/programs files secondary/files amit embedded systems/imt_sdk_win_64/winavr/bin/../lib/gcc/avr/4.3.3/avr5\libgcc.a(_sf_to_si.o)
 .debug_aranges
                0x000000e0       0x20 d:/programs files secondary/files amit embedded systems/imt_sdk_win_64/winavr/bin/../lib/gcc/avr/4.3.3/avr5\libgcc.a(_pack_sf.o)
 .debug_aranges
                0x00000100       0x20 d:/programs files secondary/files amit embedded systems/imt_sdk_win_64/winavr/bin/../lib/gcc/avr/4.3.3/avr5\libgcc.a(_unpack_sf.o)
 .debug_aranges
                0x00000120       0x20 d:/programs files secondary/files amit embedded systems/imt_sdk_win_64/winavr/bin/../lib/gcc/avr/4.3.3/avr5\libgcc.a(_fpcmp_parts_sf.o)

.debug_pubnames
                0x00000000      0x170
 *(.debug_pubnames)
 .debug_pubnames
                0x00000000       0x23 d:/programs files secondary/files amit embedded systems/imt_sdk_win_64/winavr/bin/../lib/gcc/avr/4.3.3/avr5\libgcc.a(_fixunssfsi.o)
 .debug_pubnames
                0x00000023       0x2c d:/programs files secondary/files amit embedded systems/imt_sdk_win_64/winavr/bin/../lib/gcc/avr/4.3.3/avr5\libgcc.a(_addsub_sf.o)
 .debug_pubnames
                0x0000004f       0x1f d:/programs files secondary/files amit embedded systems/imt_sdk_win_64/winavr/bin/../lib/gcc/avr/4.3.3/avr5\libgcc.a(_mul_sf.o)
 .debug_pubnames
                0x0000006e       0x1e d:/programs files secondary/files amit embedded systems/imt_sdk_win_64/winavr/bin/../lib/gcc/avr/4.3.3/avr5\libgcc.a(_gt_sf.o)
 .debug_pubnames
                0x0000008c       0x1e d:/programs files secondary/files amit embedded systems/imt_sdk_win_64/winavr/bin/../lib/gcc/avr/4.3.3/avr5\libgcc.a(_ge_sf.o)
 .debug_pubnames
                0x000000aa       0x1e d:/programs files secondary/files amit embedded systems/imt_sdk_win_64/winavr/bin/../lib/gcc/avr/4.3.3/avr5\libgcc.a(_lt_sf.o)
 .debug_pubnames
                0x000000c8       0x20 d:/programs files secondary/files amit embedded systems/imt_sdk_win_64/winavr/bin/../lib/gcc/avr/4.3.3/avr5\libgcc.a(_sf_to_si.o)
 .debug_pubnames
                0x000000e8       0x22 d:/programs files secondary/files amit embedded systems/imt_sdk_win_64/winavr/bin/../lib/gcc/avr/4.3.3/avr5\libgcc.a(_thenan_sf.o)
 .debug_pubnames
                0x0000010a       0x1f d:/programs files secondary/files amit embedded systems/imt_sdk_win_64/winavr/bin/../lib/gcc/avr/4.3.3/avr5\libgcc.a(_pack_sf.o)
 .debug_pubnames
                0x00000129       0x21 d:/programs files secondary/files amit embedded systems/imt_sdk_win_64/winavr/bin/../lib/gcc/avr/4.3.3/avr5\libgcc.a(_unpack_sf.o)
 .debug_pubnames
                0x0000014a       0x26 d:/programs files secondary/files amit embedded systems/imt_sdk_win_64/winavr/bin/../lib/gcc/avr/4.3.3/avr5\libgcc.a(_fpcmp_parts_sf.o)

.debug_info     0x00000000     0x1c49
 *(.debug_info)
 .debug_info    0x00000000       0xb1 d:/programs files secondary/files amit embedded systems/imt_sdk_win_64/winavr/bin/../lib/gcc/avr/4.3.3/avr5\libgcc.a(_fixunssfsi.o)
 .debug_info    0x000000b1      0x47a d:/programs files secondary/files amit embedded systems/imt_sdk_win_64/winavr/bin/../lib/gcc/avr/4.3.3/avr5\libgcc.a(_addsub_sf.o)
 .debug_info    0x0000052b      0x485 d:/programs files secondary/files amit embedded systems/imt_sdk_win_64/winavr/bin/../lib/gcc/avr/4.3.3/avr5\libgcc.a(_mul_sf.o)
 .debug_info    0x000009b0      0x27f d:/programs files secondary/files amit embedded systems/imt_sdk_win_64/winavr/bin/../lib/gcc/avr/4.3.3/avr5\libgcc.a(_gt_sf.o)
 .debug_info    0x00000c2f      0x27f d:/programs files secondary/files amit embedded systems/imt_sdk_win_64/winavr/bin/../lib/gcc/avr/4.3.3/avr5\libgcc.a(_ge_sf.o)
 .debug_info    0x00000eae      0x27f d:/programs files secondary/files amit embedded systems/imt_sdk_win_64/winavr/bin/../lib/gcc/avr/4.3.3/avr5\libgcc.a(_lt_sf.o)
 .debug_info    0x0000112d      0x2b0 d:/programs files secondary/files amit embedded systems/imt_sdk_win_64/winavr/bin/../lib/gcc/avr/4.3.3/avr5\libgcc.a(_sf_to_si.o)
 .debug_info    0x000013dd      0x12c d:/programs files secondary/files amit embedded systems/imt_sdk_win_64/winavr/bin/../lib/gcc/avr/4.3.3/avr5\libgcc.a(_thenan_sf.o)
 .debug_info    0x00001509      0x2df d:/programs files secondary/files amit embedded systems/imt_sdk_win_64/winavr/bin/../lib/gcc/avr/4.3.3/avr5\libgcc.a(_pack_sf.o)
 .debug_info    0x000017e8      0x251 d:/programs files secondary/files amit embedded systems/imt_sdk_win_64/winavr/bin/../lib/gcc/avr/4.3.3/avr5\libgcc.a(_unpack_sf.o)
 .debug_info    0x00001a39      0x210 d:/programs files secondary/files amit embedded systems/imt_sdk_win_64/winavr/bin/../lib/gcc/avr/4.3.3/avr5\libgcc.a(_fpcmp_parts_sf.o)
 *(.gnu.linkonce.wi.*)

.debug_abbrev   0x00000000      0xeeb
 *(.debug_abbrev)
 .debug_abbrev  0x00000000       0x5d d:/programs files secondary/files amit embedded systems/imt_sdk_win_64/winavr/bin/../lib/gcc/avr/4.3.3/avr5\libgcc.a(_fixunssfsi.o)
 .debug_abbrev  0x0000005d      0x1ea d:/programs files secondary/files amit embedded systems/imt_sdk_win_64/winavr/bin/../lib/gcc/avr/4.3.3/avr5\libgcc.a(_addsub_sf.o)
 .debug_abbrev  0x00000247      0x21b d:/programs files secondary/files amit embedded systems/imt_sdk_win_64/winavr/bin/../lib/gcc/avr/4.3.3/avr5\libgcc.a(_mul_sf.o)
 .debug_abbrev  0x00000462      0x15a d:/programs files secondary/files amit embedded systems/imt_sdk_win_64/winavr/bin/../lib/gcc/avr/4.3.3/avr5\libgcc.a(_gt_sf.o)
 .debug_abbrev  0x000005bc      0x15a d:/programs files secondary/files amit embedded systems/imt_sdk_win_64/winavr/bin/../lib/gcc/avr/4.3.3/avr5\libgcc.a(_ge_sf.o)
 .debug_abbrev  0x00000716      0x15a d:/programs files secondary/files amit embedded systems/imt_sdk_win_64/winavr/bin/../lib/gcc/avr/4.3.3/avr5\libgcc.a(_lt_sf.o)
 .debug_abbrev  0x00000870      0x17f d:/programs files secondary/files amit embedded systems/imt_sdk_win_64/winavr/bin/../lib/gcc/avr/4.3.3/avr5\libgcc.a(_sf_to_si.o)
 .debug_abbrev  0x000009ef       0xad d:/programs files secondary/files amit embedded systems/imt_sdk_win_64/winavr/bin/../lib/gcc/avr/4.3.3/avr5\libgcc.a(_thenan_sf.o)
 .debug_abbrev  0x00000a9c      0x1c0 d:/programs files secondary/files amit embedded systems/imt_sdk_win_64/winavr/bin/../lib/gcc/avr/4.3.3/avr5\libgcc.a(_pack_sf.o)
 .debug_abbrev  0x00000c5c      0x154 d:/programs files secondary/files amit embedded systems/imt_sdk_win_64/winavr/bin/../lib/gcc/avr/4.3.3/avr5\libgcc.a(_unpack_sf.o)
 .debug_abbrev  0x00000db0      0x13b d:/programs files secondary/files amit embedded systems/imt_sdk_win_64/winavr/bin/../lib/gcc/avr/4.3.3/avr5\libgcc.a(_fpcmp_parts_sf.o)

.debug_line     0x00000000      0xdad
 *(.debug_line)
 .debug_line    0x00000000       0xa7 d:/programs files secondary/files amit embedded systems/imt_sdk_win_64/winavr/bin/../lib/gcc/avr/4.3.3/avr5\libgcc.a(_fixunssfsi.o)
 .debug_line    0x000000a7      0x2af d:/programs files secondary/files amit embedded systems/imt_sdk_win_64/winavr/bin/../lib/gcc/avr/4.3.3/avr5\libgcc.a(_addsub_sf.o)
 .debug_line    0x00000356      0x239 d:/programs files secondary/files amit embedded systems/imt_sdk_win_64/winavr/bin/../lib/gcc/avr/4.3.3/avr5\libgcc.a(_mul_sf.o)
 .debug_line    0x0000058f       0xd3 d:/programs files secondary/files amit embedded systems/imt_sdk_win_64/winavr/bin/../lib/gcc/avr/4.3.3/avr5\libgcc.a(_gt_sf.o)
 .debug_line    0x00000662       0xd3 d:/programs files secondary/files amit embedded systems/imt_sdk_win_64/winavr/bin/../lib/gcc/avr/4.3.3/avr5\libgcc.a(_ge_sf.o)
 .debug_line    0x00000735       0xd3 d:/programs files secondary/files amit embedded systems/imt_sdk_win_64/winavr/bin/../lib/gcc/avr/4.3.3/avr5\libgcc.a(_lt_sf.o)
 .debug_line    0x00000808      0x109 d:/programs files secondary/files amit embedded systems/imt_sdk_win_64/winavr/bin/../lib/gcc/avr/4.3.3/avr5\libgcc.a(_sf_to_si.o)
 .debug_line    0x00000911       0x90 d:/programs files secondary/files amit embedded systems/imt_sdk_win_64/winavr/bin/../lib/gcc/avr/4.3.3/avr5\libgcc.a(_thenan_sf.o)
 .debug_line    0x000009a1      0x18a d:/programs files secondary/files amit embedded systems/imt_sdk_win_64/winavr/bin/../lib/gcc/avr/4.3.3/avr5\libgcc.a(_pack_sf.o)
 .debug_line    0x00000b2b      0x14b d:/programs files secondary/files amit embedded systems/imt_sdk_win_64/winavr/bin/../lib/gcc/avr/4.3.3/avr5\libgcc.a(_unpack_sf.o)
 .debug_line    0x00000c76      0x137 d:/programs files secondary/files amit embedded systems/imt_sdk_win_64/winavr/bin/../lib/gcc/avr/4.3.3/avr5\libgcc.a(_fpcmp_parts_sf.o)

.debug_frame    0x00000000      0x160
 *(.debug_frame)
 .debug_frame   0x00000000       0x20 d:/programs files secondary/files amit embedded systems/imt_sdk_win_64/winavr/bin/../lib/gcc/avr/4.3.3/avr5\libgcc.a(_fixunssfsi.o)
 .debug_frame   0x00000020       0x40 d:/programs files secondary/files amit embedded systems/imt_sdk_win_64/winavr/bin/../lib/gcc/avr/4.3.3/avr5\libgcc.a(_addsub_sf.o)
 .debug_frame   0x00000060       0x20 d:/programs files secondary/files amit embedded systems/imt_sdk_win_64/winavr/bin/../lib/gcc/avr/4.3.3/avr5\libgcc.a(_mul_sf.o)
 .debug_frame   0x00000080       0x20 d:/programs files secondary/files amit embedded systems/imt_sdk_win_64/winavr/bin/../lib/gcc/avr/4.3.3/avr5\libgcc.a(_gt_sf.o)
 .debug_frame   0x000000a0       0x20 d:/programs files secondary/files amit embedded systems/imt_sdk_win_64/winavr/bin/../lib/gcc/avr/4.3.3/avr5\libgcc.a(_ge_sf.o)
 .debug_frame   0x000000c0       0x20 d:/programs files secondary/files amit embedded systems/imt_sdk_win_64/winavr/bin/../lib/gcc/avr/4.3.3/avr5\libgcc.a(_lt_sf.o)
 .debug_frame   0x000000e0       0x20 d:/programs files secondary/files amit embedded systems/imt_sdk_win_64/winavr/bin/../lib/gcc/avr/4.3.3/avr5\libgcc.a(_sf_to_si.o)
 .debug_frame   0x00000100       0x20 d:/programs files secondary/files amit embedded systems/imt_sdk_win_64/winavr/bin/../lib/gcc/avr/4.3.3/avr5\libgcc.a(_pack_sf.o)
 .debug_frame   0x00000120       0x20 d:/programs files secondary/files amit embedded systems/imt_sdk_win_64/winavr/bin/../lib/gcc/avr/4.3.3/avr5\libgcc.a(_unpack_sf.o)
 .debug_frame   0x00000140       0x20 d:/programs files secondary/files amit embedded systems/imt_sdk_win_64/winavr/bin/../lib/gcc/avr/4.3.3/avr5\libgcc.a(_fpcmp_parts_sf.o)

.debug_str      0x00000000      0x28d
 *(.debug_str)
 .debug_str     0x00000000       0xbf d:/programs files secondary/files amit embedded systems/imt_sdk_win_64/winavr/bin/../lib/gcc/avr/4.3.3/avr5\libgcc.a(_fixunssfsi.o)
                                 0xfe (size before relaxing)
 .debug_str     0x000000bf      0x14d d:/programs files secondary/files amit embedded systems/imt_sdk_win_64/winavr/bin/../lib/gcc/avr/4.3.3/avr5\libgcc.a(_addsub_sf.o)
                                0x206 (size before relaxing)
 .debug_str     0x0000020c       0x27 d:/programs files secondary/files amit embedded systems/imt_sdk_win_64/winavr/bin/../lib/gcc/avr/4.3.3/avr5\libgcc.a(_mul_sf.o)
                                0x1bf (size before relaxing)
 .debug_str     0x00000233        0xf d:/programs files secondary/files amit embedded systems/imt_sdk_win_64/winavr/bin/../lib/gcc/avr/4.3.3/avr5\libgcc.a(_gt_sf.o)
                                0x195 (size before relaxing)
 .debug_str     0x00000242        0x8 d:/programs files secondary/files amit embedded systems/imt_sdk_win_64/winavr/bin/../lib/gcc/avr/4.3.3/avr5\libgcc.a(_ge_sf.o)
                                0x195 (size before relaxing)
 .debug_str     0x0000024a        0x8 d:/programs files secondary/files amit embedded systems/imt_sdk_win_64/winavr/bin/../lib/gcc/avr/4.3.3/avr5\libgcc.a(_lt_sf.o)
                                0x195 (size before relaxing)
 .debug_str     0x00000252        0xa d:/programs files secondary/files amit embedded systems/imt_sdk_win_64/winavr/bin/../lib/gcc/avr/4.3.3/avr5\libgcc.a(_sf_to_si.o)
                                0x19e (size before relaxing)
 .debug_str     0x00000000      0x103 d:/programs files secondary/files amit embedded systems/imt_sdk_win_64/winavr/bin/../lib/gcc/avr/4.3.3/avr5\libgcc.a(_thenan_sf.o)
 .debug_str     0x0000025c       0x16 d:/programs files secondary/files amit embedded systems/imt_sdk_win_64/winavr/bin/../lib/gcc/avr/4.3.3/avr5\libgcc.a(_pack_sf.o)
                                0x19d (size before relaxing)
 .debug_str     0x00000272        0xb d:/programs files secondary/files amit embedded systems/imt_sdk_win_64/winavr/bin/../lib/gcc/avr/4.3.3/avr5\libgcc.a(_unpack_sf.o)
                                0x17f (size before relaxing)
 .debug_str     0x0000027d       0x10 d:/programs files secondary/files amit embedded systems/imt_sdk_win_64/winavr/bin/../lib/gcc/avr/4.3.3/avr5\libgcc.a(_fpcmp_parts_sf.o)
                                0x163 (size before relaxing)

.debug_loc      0x00000000      0x7ce
 *(.debug_loc)
 .debug_loc     0x00000000       0x34 d:/programs files secondary/files amit embedded systems/imt_sdk_win_64/winavr/bin/../lib/gcc/avr/4.3.3/avr5\libgcc.a(_fixunssfsi.o)
 .debug_loc     0x00000034      0x32a d:/programs files secondary/files amit embedded systems/imt_sdk_win_64/winavr/bin/../lib/gcc/avr/4.3.3/avr5\libgcc.a(_addsub_sf.o)
 .debug_loc     0x0000035e      0x104 d:/programs files secondary/files amit embedded systems/imt_sdk_win_64/winavr/bin/../lib/gcc/avr/4.3.3/avr5\libgcc.a(_mul_sf.o)
 .debug_loc     0x00000462       0x3c d:/programs files secondary/files amit embedded systems/imt_sdk_win_64/winavr/bin/../lib/gcc/avr/4.3.3/avr5\libgcc.a(_gt_sf.o)
 .debug_loc     0x0000049e       0x3c d:/programs files secondary/files amit embedded systems/imt_sdk_win_64/winavr/bin/../lib/gcc/avr/4.3.3/avr5\libgcc.a(_ge_sf.o)
 .debug_loc     0x000004da       0x3c d:/programs files secondary/files amit embedded systems/imt_sdk_win_64/winavr/bin/../lib/gcc/avr/4.3.3/avr5\libgcc.a(_lt_sf.o)
 .debug_loc     0x00000516       0x7e d:/programs files secondary/files amit embedded systems/imt_sdk_win_64/winavr/bin/../lib/gcc/avr/4.3.3/avr5\libgcc.a(_sf_to_si.o)
 .debug_loc     0x00000594      0x13e d:/programs files secondary/files amit embedded systems/imt_sdk_win_64/winavr/bin/../lib/gcc/avr/4.3.3/avr5\libgcc.a(_pack_sf.o)
 .debug_loc     0x000006d2       0xac d:/programs files secondary/files amit embedded systems/imt_sdk_win_64/winavr/bin/../lib/gcc/avr/4.3.3/avr5\libgcc.a(_unpack_sf.o)
 .debug_loc     0x0000077e       0x50 d:/programs files secondary/files amit embedded systems/imt_sdk_win_64/winavr/bin/../lib/gcc/avr/4.3.3/avr5\libgcc.a(_fpcmp_parts_sf.o)

.debug_macinfo
 *(.debug_macinfo)
OUTPUT(SmartHome_Project.elf elf32-avr)
LOAD linker stubs

.debug_ranges   0x00000000       0x50
 .debug_ranges  0x00000000       0x50 d:/programs files secondary/files amit embedded systems/imt_sdk_win_64/winavr/bin/../lib/gcc/avr/4.3.3/avr5\libgcc.a(_mul_sf.o)
