Archive member included because of file (symbol)

d:/courses/embedded course imt/01- imt sdk-20220703t224428z-001/new folder/01- imt sdk/imt_sdk_win_64/imt_sdk_win_64/winavr/bin/../lib/gcc/avr/4.3.3/avr5\libgcc.a(_mulsi3.o)
                              ./HAL/ULTRA_SONIC/UltraSonic_prog.o (__mulsi3)
d:/courses/embedded course imt/01- imt sdk-20220703t224428z-001/new folder/01- imt sdk/imt_sdk_win_64/imt_sdk_win_64/winavr/bin/../lib/gcc/avr/4.3.3/avr5\libgcc.a(_udivmodqi4.o)
                              ./MCAL/PORT/Port_prg.o (__udivmodqi4)
d:/courses/embedded course imt/01- imt sdk-20220703t224428z-001/new folder/01- imt sdk/imt_sdk_win_64/imt_sdk_win_64/winavr/bin/../lib/gcc/avr/4.3.3/avr5\libgcc.a(_udivmodhi4.o)
                              ./HAL/SSD/SSD_prg.o (__udivmodhi4)
d:/courses/embedded course imt/01- imt sdk-20220703t224428z-001/new folder/01- imt sdk/imt_sdk_win_64/imt_sdk_win_64/winavr/bin/../lib/gcc/avr/4.3.3/avr5\libgcc.a(_udivmodsi4.o)
                              ./MCAL/TIMER/TIMER_Program.o (__udivmodsi4)
d:/courses/embedded course imt/01- imt sdk-20220703t224428z-001/new folder/01- imt sdk/imt_sdk_win_64/imt_sdk_win_64/winavr/bin/../lib/gcc/avr/4.3.3/avr5\libgcc.a(_divmodsi4.o)
                              ./HAL/CLCD/CLCD_Program.o (__divmodsi4)
d:/courses/embedded course imt/01- imt sdk-20220703t224428z-001/new folder/01- imt sdk/imt_sdk_win_64/imt_sdk_win_64/winavr/bin/../lib/gcc/avr/4.3.3/avr5\libgcc.a(_exit.o)
                              d:/courses/embedded course imt/01- imt sdk-20220703t224428z-001/new folder/01- imt sdk/imt_sdk_win_64/imt_sdk_win_64/winavr/bin/../lib/gcc/avr/4.3.3/../../../../avr/lib/avr5/crtm32.o (exit)
d:/courses/embedded course imt/01- imt sdk-20220703t224428z-001/new folder/01- imt sdk/imt_sdk_win_64/imt_sdk_win_64/winavr/bin/../lib/gcc/avr/4.3.3/avr5\libgcc.a(_copy_data.o)
                              ./MCAL/TIMER/TIMER_Program.o (__do_copy_data)
d:/courses/embedded course imt/01- imt sdk-20220703t224428z-001/new folder/01- imt sdk/imt_sdk_win_64/imt_sdk_win_64/winavr/bin/../lib/gcc/avr/4.3.3/avr5\libgcc.a(_clear_bss.o)
                              ./MCAL/TIMER1/TIMER_1_Program.o (__do_clear_bss)
d:/courses/embedded course imt/01- imt sdk-20220703t224428z-001/new folder/01- imt sdk/imt_sdk_win_64/imt_sdk_win_64/winavr/bin/../lib/gcc/avr/4.3.3/avr5\libgcc.a(_fixunssfsi.o)
                              ./MCAL/USART/USART_Program.o (__fixunssfsi)
d:/courses/embedded course imt/01- imt sdk-20220703t224428z-001/new folder/01- imt sdk/imt_sdk_win_64/imt_sdk_win_64/winavr/bin/../lib/gcc/avr/4.3.3/avr5\libgcc.a(_addsub_sf.o)
                              ./MCAL/TIMER/TIMER_Program.o (__subsf3)
d:/courses/embedded course imt/01- imt sdk-20220703t224428z-001/new folder/01- imt sdk/imt_sdk_win_64/imt_sdk_win_64/winavr/bin/../lib/gcc/avr/4.3.3/avr5\libgcc.a(_mul_sf.o)
                              ./MCAL/USART/USART_Program.o (__mulsf3)
d:/courses/embedded course imt/01- imt sdk-20220703t224428z-001/new folder/01- imt sdk/imt_sdk_win_64/imt_sdk_win_64/winavr/bin/../lib/gcc/avr/4.3.3/avr5\libgcc.a(_div_sf.o)
                              ./MCAL/TIMER/TIMER_Program.o (__divsf3)
d:/courses/embedded course imt/01- imt sdk-20220703t224428z-001/new folder/01- imt sdk/imt_sdk_win_64/imt_sdk_win_64/winavr/bin/../lib/gcc/avr/4.3.3/avr5\libgcc.a(_gt_sf.o)
                              ./MCAL/USART/USART_Program.o (__gtsf2)
d:/courses/embedded course imt/01- imt sdk-20220703t224428z-001/new folder/01- imt sdk/imt_sdk_win_64/imt_sdk_win_64/winavr/bin/../lib/gcc/avr/4.3.3/avr5\libgcc.a(_ge_sf.o)
                              d:/courses/embedded course imt/01- imt sdk-20220703t224428z-001/new folder/01- imt sdk/imt_sdk_win_64/imt_sdk_win_64/winavr/bin/../lib/gcc/avr/4.3.3/avr5\libgcc.a(_fixunssfsi.o) (__gesf2)
d:/courses/embedded course imt/01- imt sdk-20220703t224428z-001/new folder/01- imt sdk/imt_sdk_win_64/imt_sdk_win_64/winavr/bin/../lib/gcc/avr/4.3.3/avr5\libgcc.a(_lt_sf.o)
                              ./MCAL/USART/USART_Program.o (__ltsf2)
d:/courses/embedded course imt/01- imt sdk-20220703t224428z-001/new folder/01- imt sdk/imt_sdk_win_64/imt_sdk_win_64/winavr/bin/../lib/gcc/avr/4.3.3/avr5\libgcc.a(_si_to_sf.o)
                              ./MCAL/TIMER/TIMER_Program.o (__floatsisf)
d:/courses/embedded course imt/01- imt sdk-20220703t224428z-001/new folder/01- imt sdk/imt_sdk_win_64/imt_sdk_win_64/winavr/bin/../lib/gcc/avr/4.3.3/avr5\libgcc.a(_sf_to_si.o)
                              d:/courses/embedded course imt/01- imt sdk-20220703t224428z-001/new folder/01- imt sdk/imt_sdk_win_64/imt_sdk_win_64/winavr/bin/../lib/gcc/avr/4.3.3/avr5\libgcc.a(_fixunssfsi.o) (__fixsfsi)
d:/courses/embedded course imt/01- imt sdk-20220703t224428z-001/new folder/01- imt sdk/imt_sdk_win_64/imt_sdk_win_64/winavr/bin/../lib/gcc/avr/4.3.3/avr5\libgcc.a(_thenan_sf.o)
                              d:/courses/embedded course imt/01- imt sdk-20220703t224428z-001/new folder/01- imt sdk/imt_sdk_win_64/imt_sdk_win_64/winavr/bin/../lib/gcc/avr/4.3.3/avr5\libgcc.a(_addsub_sf.o) (__thenan_sf)
d:/courses/embedded course imt/01- imt sdk-20220703t224428z-001/new folder/01- imt sdk/imt_sdk_win_64/imt_sdk_win_64/winavr/bin/../lib/gcc/avr/4.3.3/avr5\libgcc.a(_usi_to_sf.o)
                              ./MCAL/TIMER/TIMER_Program.o (__floatunsisf)
d:/courses/embedded course imt/01- imt sdk-20220703t224428z-001/new folder/01- imt sdk/imt_sdk_win_64/imt_sdk_win_64/winavr/bin/../lib/gcc/avr/4.3.3/avr5\libgcc.a(_prologue.o)
                              d:/courses/embedded course imt/01- imt sdk-20220703t224428z-001/new folder/01- imt sdk/imt_sdk_win_64/imt_sdk_win_64/winavr/bin/../lib/gcc/avr/4.3.3/avr5\libgcc.a(_addsub_sf.o) (__prologue_saves__)
d:/courses/embedded course imt/01- imt sdk-20220703t224428z-001/new folder/01- imt sdk/imt_sdk_win_64/imt_sdk_win_64/winavr/bin/../lib/gcc/avr/4.3.3/avr5\libgcc.a(_epilogue.o)
                              d:/courses/embedded course imt/01- imt sdk-20220703t224428z-001/new folder/01- imt sdk/imt_sdk_win_64/imt_sdk_win_64/winavr/bin/../lib/gcc/avr/4.3.3/avr5\libgcc.a(_addsub_sf.o) (__epilogue_restores__)
d:/courses/embedded course imt/01- imt sdk-20220703t224428z-001/new folder/01- imt sdk/imt_sdk_win_64/imt_sdk_win_64/winavr/bin/../lib/gcc/avr/4.3.3/avr5\libgcc.a(_clzsi2.o)
                              d:/courses/embedded course imt/01- imt sdk-20220703t224428z-001/new folder/01- imt sdk/imt_sdk_win_64/imt_sdk_win_64/winavr/bin/../lib/gcc/avr/4.3.3/avr5\libgcc.a(_si_to_sf.o) (__clzsi2)
d:/courses/embedded course imt/01- imt sdk-20220703t224428z-001/new folder/01- imt sdk/imt_sdk_win_64/imt_sdk_win_64/winavr/bin/../lib/gcc/avr/4.3.3/avr5\libgcc.a(_pack_sf.o)
                              d:/courses/embedded course imt/01- imt sdk-20220703t224428z-001/new folder/01- imt sdk/imt_sdk_win_64/imt_sdk_win_64/winavr/bin/../lib/gcc/avr/4.3.3/avr5\libgcc.a(_addsub_sf.o) (__pack_f)
d:/courses/embedded course imt/01- imt sdk-20220703t224428z-001/new folder/01- imt sdk/imt_sdk_win_64/imt_sdk_win_64/winavr/bin/../lib/gcc/avr/4.3.3/avr5\libgcc.a(_unpack_sf.o)
                              d:/courses/embedded course imt/01- imt sdk-20220703t224428z-001/new folder/01- imt sdk/imt_sdk_win_64/imt_sdk_win_64/winavr/bin/../lib/gcc/avr/4.3.3/avr5\libgcc.a(_addsub_sf.o) (__unpack_f)
d:/courses/embedded course imt/01- imt sdk-20220703t224428z-001/new folder/01- imt sdk/imt_sdk_win_64/imt_sdk_win_64/winavr/bin/../lib/gcc/avr/4.3.3/avr5\libgcc.a(_fpcmp_parts_sf.o)
                              d:/courses/embedded course imt/01- imt sdk-20220703t224428z-001/new folder/01- imt sdk/imt_sdk_win_64/imt_sdk_win_64/winavr/bin/../lib/gcc/avr/4.3.3/avr5\libgcc.a(_gt_sf.o) (__fpcmp_parts_f)
d:/courses/embedded course imt/01- imt sdk-20220703t224428z-001/new folder/01- imt sdk/imt_sdk_win_64/imt_sdk_win_64/winavr/bin/../lib/gcc/avr/4.3.3/avr5\libgcc.a(_clz.o)
                              d:/courses/embedded course imt/01- imt sdk-20220703t224428z-001/new folder/01- imt sdk/imt_sdk_win_64/imt_sdk_win_64/winavr/bin/../lib/gcc/avr/4.3.3/avr5\libgcc.a(_clzsi2.o) (__clz_tab)

Memory Configuration

Name             Origin             Length             Attributes
text             0x00000000         0x00020000         xr
data             0x00800060         0x0000ffa0         rw !x
eeprom           0x00810000         0x00010000         rw !x
fuse             0x00820000         0x00000400         rw !x
lock             0x00830000         0x00000400         rw !x
signature        0x00840000         0x00000400         rw !x
*default*        0x00000000         0xffffffff

Linker script and memory map

LOAD d:/courses/embedded course imt/01- imt sdk-20220703t224428z-001/new folder/01- imt sdk/imt_sdk_win_64/imt_sdk_win_64/winavr/bin/../lib/gcc/avr/4.3.3/../../../../avr/lib/avr5/crtm32.o
LOAD ./MCAL/USART/USART_Program.o
LOAD ./MCAL/TIMER1/TIMER_1_Program.o
LOAD ./MCAL/TIMER/TIMER_Program.o
LOAD ./MCAL/PORT/Port_prg.o
LOAD ./MCAL/GIE/GIE_Program.o
LOAD ./MCAL/EXTI/EXTI_Header/EXTI_Program.o
LOAD ./MCAL/DIO/Dio_prg.o
LOAD ./MCAL/ADC/ADC_Program.o
LOAD ./HAL/ULTRA_SONIC/UltraSonic_prog.o
LOAD ./HAL/SSD/SSD_prg.o
LOAD ./HAL/Push_Button/PB_Program.o
LOAD ./HAL/LM_35_Sensor/LM35_Program.o
LOAD ./HAL/LED/LED_Program.o
LOAD ./HAL/KPD/KEYPAD_Program.o
LOAD ./HAL/DC_MOTOR/DC_MOTOR_Program.o
LOAD ./HAL/CLCD/CLCD_Program.o
LOAD ./HAL/BUZZER/Buzzer_prg.o
LOAD ./CONFIG/ADC_LCONFIG.o
LOAD ./CONFIG/CLCD_LCFG.o
LOAD ./CONFIG/DC_MOTOR_LCONFIG.o
LOAD ./CONFIG/Dio_Lcfg.o
LOAD ./CONFIG/EXTI_LCONFIG.o
LOAD ./CONFIG/GIE_LCONFIG.o
LOAD ./CONFIG/KPD_LCFG.o
LOAD ./CONFIG/LED_LCFG.o
LOAD ./CONFIG/Port_Lcfg.o
LOAD ./CONFIG/SSD_LCFG.o
LOAD ./CONFIG/TIMER_1_LCONFIG.o
LOAD ./CONFIG/TIMER_LCFG.o
LOAD ./CONFIG/ULTRA_SONIC_LCONFIG.o
LOAD ./CONFIG/USART_LCONFIG.o
LOAD ./APP/main_UART_Sender.o
LOAD d:/courses/embedded course imt/01- imt sdk-20220703t224428z-001/new folder/01- imt sdk/imt_sdk_win_64/imt_sdk_win_64/winavr/bin/../lib/gcc/avr/4.3.3/avr5\libgcc.a
LOAD d:/courses/embedded course imt/01- imt sdk-20220703t224428z-001/new folder/01- imt sdk/imt_sdk_win_64/imt_sdk_win_64/winavr/bin/../lib/gcc/avr/4.3.3/../../../../avr/lib/avr5\libc.a
LOAD d:/courses/embedded course imt/01- imt sdk-20220703t224428z-001/new folder/01- imt sdk/imt_sdk_win_64/imt_sdk_win_64/winavr/bin/../lib/gcc/avr/4.3.3/avr5\libgcc.a

.hash
 *(.hash)

.dynsym
 *(.dynsym)

.dynstr
 *(.dynstr)

.gnu.version
 *(.gnu.version)

.gnu.version_d
 *(.gnu.version_d)

.gnu.version_r
 *(.gnu.version_r)

.rel.init
 *(.rel.init)

.rela.init
 *(.rela.init)

.rel.text
 *(.rel.text)
 *(.rel.text.*)
 *(.rel.gnu.linkonce.t*)

.rela.text
 *(.rela.text)
 *(.rela.text.*)
 *(.rela.gnu.linkonce.t*)

.rel.fini
 *(.rel.fini)

.rela.fini
 *(.rela.fini)

.rel.rodata
 *(.rel.rodata)
 *(.rel.rodata.*)
 *(.rel.gnu.linkonce.r*)

.rela.rodata
 *(.rela.rodata)
 *(.rela.rodata.*)
 *(.rela.gnu.linkonce.r*)

.rel.data
 *(.rel.data)
 *(.rel.data.*)
 *(.rel.gnu.linkonce.d*)

.rela.data
 *(.rela.data)
 *(.rela.data.*)
 *(.rela.gnu.linkonce.d*)

.rel.ctors
 *(.rel.ctors)

.rela.ctors
 *(.rela.ctors)

.rel.dtors
 *(.rel.dtors)

.rela.dtors
 *(.rela.dtors)

.rel.got
 *(.rel.got)

.rela.got
 *(.rela.got)

.rel.bss
 *(.rel.bss)

.rela.bss
 *(.rela.bss)

.rel.plt
 *(.rel.plt)

.rela.plt
 *(.rela.plt)

.text           0x00000000     0x53a6
 *(.vectors)
 .vectors       0x00000000       0x54 d:/courses/embedded course imt/01- imt sdk-20220703t224428z-001/new folder/01- imt sdk/imt_sdk_win_64/imt_sdk_win_64/winavr/bin/../lib/gcc/avr/4.3.3/../../../../avr/lib/avr5/crtm32.o
                0x00000000                __vectors
                0x00000000                __vector_default
 *(.vectors)
 *(.progmem.gcc*)
 *(.progmem*)
                0x00000054                . = ALIGN (0x2)
                0x00000054                __trampolines_start = .
 *(.trampolines)
 .trampolines   0x00000054        0x0 linker stubs
 *(.trampolines*)
                0x00000054                __trampolines_end = .
 *(.jumptables)
 *(.jumptables*)
 *(.lowtext)
 *(.lowtext*)
                0x00000054                __ctors_start = .
 *(.ctors)
                0x00000054                __ctors_end = .
                0x00000054                __dtors_start = .
 *(.dtors)
                0x00000054                __dtors_end = .
 SORT(*)(.ctors)
 SORT(*)(.dtors)
 *(.init0)
 .init0         0x00000054        0x0 d:/courses/embedded course imt/01- imt sdk-20220703t224428z-001/new folder/01- imt sdk/imt_sdk_win_64/imt_sdk_win_64/winavr/bin/../lib/gcc/avr/4.3.3/../../../../avr/lib/avr5/crtm32.o
                0x00000054                __init
 *(.init0)
 *(.init1)
 *(.init1)
 *(.init2)
 .init2         0x00000054        0xc d:/courses/embedded course imt/01- imt sdk-20220703t224428z-001/new folder/01- imt sdk/imt_sdk_win_64/imt_sdk_win_64/winavr/bin/../lib/gcc/avr/4.3.3/../../../../avr/lib/avr5/crtm32.o
 *(.init2)
 *(.init3)
 *(.init3)
 *(.init4)
 .init4         0x00000060       0x16 d:/courses/embedded course imt/01- imt sdk-20220703t224428z-001/new folder/01- imt sdk/imt_sdk_win_64/imt_sdk_win_64/winavr/bin/../lib/gcc/avr/4.3.3/avr5\libgcc.a(_copy_data.o)
                0x00000060                __do_copy_data
 .init4         0x00000076       0x10 d:/courses/embedded course imt/01- imt sdk-20220703t224428z-001/new folder/01- imt sdk/imt_sdk_win_64/imt_sdk_win_64/winavr/bin/../lib/gcc/avr/4.3.3/avr5\libgcc.a(_clear_bss.o)
                0x00000076                __do_clear_bss
 *(.init4)
 *(.init5)
 *(.init5)
 *(.init6)
 *(.init6)
 *(.init7)
 *(.init7)
 *(.init8)
 *(.init8)
 *(.init9)
 .init9         0x00000086        0x8 d:/courses/embedded course imt/01- imt sdk-20220703t224428z-001/new folder/01- imt sdk/imt_sdk_win_64/imt_sdk_win_64/winavr/bin/../lib/gcc/avr/4.3.3/../../../../avr/lib/avr5/crtm32.o
 *(.init9)
 *(.text)
 .text          0x0000008e        0x4 d:/courses/embedded course imt/01- imt sdk-20220703t224428z-001/new folder/01- imt sdk/imt_sdk_win_64/imt_sdk_win_64/winavr/bin/../lib/gcc/avr/4.3.3/../../../../avr/lib/avr5/crtm32.o
                0x0000008e                __vector_12
                0x0000008e                __bad_interrupt
                0x0000008e                __vector_6
                0x0000008e                __vector_13
                0x0000008e                __vector_17
                0x0000008e                __vector_19
                0x0000008e                __vector_7
                0x0000008e                __vector_5
                0x0000008e                __vector_4
                0x0000008e                __vector_9
                0x0000008e                __vector_15
                0x0000008e                __vector_8
                0x0000008e                __vector_14
                0x0000008e                __vector_18
                0x0000008e                __vector_20
 .text          0x00000092        0x0 ./MCAL/USART/USART_Program.o
 .text          0x00000092        0x0 ./MCAL/TIMER1/TIMER_1_Program.o
 .text          0x00000092        0x0 ./MCAL/TIMER/TIMER_Program.o
 .text          0x00000092        0x0 ./MCAL/PORT/Port_prg.o
 .text          0x00000092        0x0 ./MCAL/GIE/GIE_Program.o
 .text          0x00000092        0x0 ./MCAL/EXTI/EXTI_Header/EXTI_Program.o
 .text          0x00000092        0x0 ./MCAL/DIO/Dio_prg.o
 .text          0x00000092        0x0 ./MCAL/ADC/ADC_Program.o
 .text          0x00000092        0x0 ./HAL/ULTRA_SONIC/UltraSonic_prog.o
 .text          0x00000092        0x0 ./HAL/SSD/SSD_prg.o
 .text          0x00000092        0x0 ./HAL/Push_Button/PB_Program.o
 .text          0x00000092        0x0 ./HAL/LM_35_Sensor/LM35_Program.o
 .text          0x00000092        0x0 ./HAL/LED/LED_Program.o
 .text          0x00000092        0x0 ./HAL/KPD/KEYPAD_Program.o
 .text          0x00000092        0x0 ./HAL/DC_MOTOR/DC_MOTOR_Program.o
 .text          0x00000092        0x0 ./HAL/CLCD/CLCD_Program.o
 .text          0x00000092        0x0 ./HAL/BUZZER/Buzzer_prg.o
 .text          0x00000092        0x0 ./CONFIG/ADC_LCONFIG.o
 .text          0x00000092        0x0 ./CONFIG/CLCD_LCFG.o
 .text          0x00000092        0x0 ./CONFIG/DC_MOTOR_LCONFIG.o
 .text          0x00000092        0x0 ./CONFIG/Dio_Lcfg.o
 .text          0x00000092        0x0 ./CONFIG/EXTI_LCONFIG.o
 .text          0x00000092        0x0 ./CONFIG/GIE_LCONFIG.o
 .text          0x00000092        0x0 ./CONFIG/KPD_LCFG.o
 .text          0x00000092        0x0 ./CONFIG/LED_LCFG.o
 .text          0x00000092        0x0 ./CONFIG/Port_Lcfg.o
 .text          0x00000092        0x0 ./CONFIG/SSD_LCFG.o
 .text          0x00000092        0x0 ./CONFIG/TIMER_1_LCONFIG.o
 .text          0x00000092        0x0 ./CONFIG/TIMER_LCFG.o
 .text          0x00000092        0x0 ./CONFIG/ULTRA_SONIC_LCONFIG.o
 .text          0x00000092        0x0 ./CONFIG/USART_LCONFIG.o
 .text          0x00000092        0x0 ./APP/main_UART_Sender.o
 .text          0x00000092        0x0 d:/courses/embedded course imt/01- imt sdk-20220703t224428z-001/new folder/01- imt sdk/imt_sdk_win_64/imt_sdk_win_64/winavr/bin/../lib/gcc/avr/4.3.3/avr5\libgcc.a(_mulsi3.o)
 .text          0x00000092        0x0 d:/courses/embedded course imt/01- imt sdk-20220703t224428z-001/new folder/01- imt sdk/imt_sdk_win_64/imt_sdk_win_64/winavr/bin/../lib/gcc/avr/4.3.3/avr5\libgcc.a(_udivmodqi4.o)
 .text          0x00000092        0x0 d:/courses/embedded course imt/01- imt sdk-20220703t224428z-001/new folder/01- imt sdk/imt_sdk_win_64/imt_sdk_win_64/winavr/bin/../lib/gcc/avr/4.3.3/avr5\libgcc.a(_udivmodhi4.o)
 .text          0x00000092        0x0 d:/courses/embedded course imt/01- imt sdk-20220703t224428z-001/new folder/01- imt sdk/imt_sdk_win_64/imt_sdk_win_64/winavr/bin/../lib/gcc/avr/4.3.3/avr5\libgcc.a(_udivmodsi4.o)
 .text          0x00000092        0x0 d:/courses/embedded course imt/01- imt sdk-20220703t224428z-001/new folder/01- imt sdk/imt_sdk_win_64/imt_sdk_win_64/winavr/bin/../lib/gcc/avr/4.3.3/avr5\libgcc.a(_divmodsi4.o)
 .text          0x00000092        0x0 d:/courses/embedded course imt/01- imt sdk-20220703t224428z-001/new folder/01- imt sdk/imt_sdk_win_64/imt_sdk_win_64/winavr/bin/../lib/gcc/avr/4.3.3/avr5\libgcc.a(_exit.o)
 .text          0x00000092        0x0 d:/courses/embedded course imt/01- imt sdk-20220703t224428z-001/new folder/01- imt sdk/imt_sdk_win_64/imt_sdk_win_64/winavr/bin/../lib/gcc/avr/4.3.3/avr5\libgcc.a(_copy_data.o)
 .text          0x00000092        0x0 d:/courses/embedded course imt/01- imt sdk-20220703t224428z-001/new folder/01- imt sdk/imt_sdk_win_64/imt_sdk_win_64/winavr/bin/../lib/gcc/avr/4.3.3/avr5\libgcc.a(_clear_bss.o)
 .text          0x00000092       0x58 d:/courses/embedded course imt/01- imt sdk-20220703t224428z-001/new folder/01- imt sdk/imt_sdk_win_64/imt_sdk_win_64/winavr/bin/../lib/gcc/avr/4.3.3/avr5\libgcc.a(_fixunssfsi.o)
                0x00000092                __fixunssfsi
 .text          0x000000ea      0x354 d:/courses/embedded course imt/01- imt sdk-20220703t224428z-001/new folder/01- imt sdk/imt_sdk_win_64/imt_sdk_win_64/winavr/bin/../lib/gcc/avr/4.3.3/avr5\libgcc.a(_addsub_sf.o)
                0x00000382                __subsf3
                0x000003e4                __addsf3
 .text          0x0000043e      0x1f4 d:/courses/embedded course imt/01- imt sdk-20220703t224428z-001/new folder/01- imt sdk/imt_sdk_win_64/imt_sdk_win_64/winavr/bin/../lib/gcc/avr/4.3.3/avr5\libgcc.a(_mul_sf.o)
                0x0000043e                __mulsf3
 .text          0x00000632      0x158 d:/courses/embedded course imt/01- imt sdk-20220703t224428z-001/new folder/01- imt sdk/imt_sdk_win_64/imt_sdk_win_64/winavr/bin/../lib/gcc/avr/4.3.3/avr5\libgcc.a(_div_sf.o)
                0x00000632                __divsf3
 .text          0x0000078a       0x60 d:/courses/embedded course imt/01- imt sdk-20220703t224428z-001/new folder/01- imt sdk/imt_sdk_win_64/imt_sdk_win_64/winavr/bin/../lib/gcc/avr/4.3.3/avr5\libgcc.a(_gt_sf.o)
                0x0000078a                __gtsf2
 .text          0x000007ea       0x60 d:/courses/embedded course imt/01- imt sdk-20220703t224428z-001/new folder/01- imt sdk/imt_sdk_win_64/imt_sdk_win_64/winavr/bin/../lib/gcc/avr/4.3.3/avr5\libgcc.a(_ge_sf.o)
                0x000007ea                __gesf2
 .text          0x0000084a       0x60 d:/courses/embedded course imt/01- imt sdk-20220703t224428z-001/new folder/01- imt sdk/imt_sdk_win_64/imt_sdk_win_64/winavr/bin/../lib/gcc/avr/4.3.3/avr5\libgcc.a(_lt_sf.o)
                0x0000084a                __ltsf2
 .text          0x000008aa       0xbc d:/courses/embedded course imt/01- imt sdk-20220703t224428z-001/new folder/01- imt sdk/imt_sdk_win_64/imt_sdk_win_64/winavr/bin/../lib/gcc/avr/4.3.3/avr5\libgcc.a(_si_to_sf.o)
                0x000008aa                __floatsisf
 .text          0x00000966       0xa8 d:/courses/embedded course imt/01- imt sdk-20220703t224428z-001/new folder/01- imt sdk/imt_sdk_win_64/imt_sdk_win_64/winavr/bin/../lib/gcc/avr/4.3.3/avr5\libgcc.a(_sf_to_si.o)
                0x00000966                __fixsfsi
 .text          0x00000a0e        0x0 d:/courses/embedded course imt/01- imt sdk-20220703t224428z-001/new folder/01- imt sdk/imt_sdk_win_64/imt_sdk_win_64/winavr/bin/../lib/gcc/avr/4.3.3/avr5\libgcc.a(_thenan_sf.o)
 .text          0x00000a0e       0xf2 d:/courses/embedded course imt/01- imt sdk-20220703t224428z-001/new folder/01- imt sdk/imt_sdk_win_64/imt_sdk_win_64/winavr/bin/../lib/gcc/avr/4.3.3/avr5\libgcc.a(_usi_to_sf.o)
                0x00000a0e                __floatunsisf
 .text          0x00000b00        0x0 d:/courses/embedded course imt/01- imt sdk-20220703t224428z-001/new folder/01- imt sdk/imt_sdk_win_64/imt_sdk_win_64/winavr/bin/../lib/gcc/avr/4.3.3/avr5\libgcc.a(_prologue.o)
 .text          0x00000b00        0x0 d:/courses/embedded course imt/01- imt sdk-20220703t224428z-001/new folder/01- imt sdk/imt_sdk_win_64/imt_sdk_win_64/winavr/bin/../lib/gcc/avr/4.3.3/avr5\libgcc.a(_epilogue.o)
 .text          0x00000b00       0x9e d:/courses/embedded course imt/01- imt sdk-20220703t224428z-001/new folder/01- imt sdk/imt_sdk_win_64/imt_sdk_win_64/winavr/bin/../lib/gcc/avr/4.3.3/avr5\libgcc.a(_clzsi2.o)
                0x00000b00                __clzsi2
 .text          0x00000b9e      0x1aa d:/courses/embedded course imt/01- imt sdk-20220703t224428z-001/new folder/01- imt sdk/imt_sdk_win_64/imt_sdk_win_64/winavr/bin/../lib/gcc/avr/4.3.3/avr5\libgcc.a(_pack_sf.o)
                0x00000b9e                __pack_f
 .text          0x00000d48       0xf0 d:/courses/embedded course imt/01- imt sdk-20220703t224428z-001/new folder/01- imt sdk/imt_sdk_win_64/imt_sdk_win_64/winavr/bin/../lib/gcc/avr/4.3.3/avr5\libgcc.a(_unpack_sf.o)
                0x00000d48                __unpack_f
 .text          0x00000e38       0xb2 d:/courses/embedded course imt/01- imt sdk-20220703t224428z-001/new folder/01- imt sdk/imt_sdk_win_64/imt_sdk_win_64/winavr/bin/../lib/gcc/avr/4.3.3/avr5\libgcc.a(_fpcmp_parts_sf.o)
                0x00000e38                __fpcmp_parts_f
 .text          0x00000eea        0x0 d:/courses/embedded course imt/01- imt sdk-20220703t224428z-001/new folder/01- imt sdk/imt_sdk_win_64/imt_sdk_win_64/winavr/bin/../lib/gcc/avr/4.3.3/avr5\libgcc.a(_clz.o)
                0x00000eea                . = ALIGN (0x2)
 *(.text.*)
 .text.UART_Init
                0x00000eea      0x1fc ./MCAL/USART/USART_Program.o
                0x00000eea                UART_Init
 .text.UART_SendByte
                0x000010e6       0x38 ./MCAL/USART/USART_Program.o
                0x000010e6                UART_SendByte
 .text.UART_SendString
                0x0000111e      0x148 ./MCAL/USART/USART_Program.o
                0x0000111e                UART_SendString
 .text.UART_RecieveByteSynchNonBlocking
                0x00001266       0x2c ./MCAL/USART/USART_Program.o
                0x00001266                UART_RecieveByteSynchNonBlocking
 .text.UART_RecieveByteASynchCallback
                0x00001292        0xe ./MCAL/USART/USART_Program.o
                0x00001292                UART_RecieveByteASynchCallback
 .text.M_TIMER1_void_Init
                0x000012a0       0x84 ./MCAL/TIMER1/TIMER_1_Program.o
                0x000012a0                M_TIMER1_void_Init
 .text.M_TIMER1_void_Start
                0x00001324       0x56 ./MCAL/TIMER1/TIMER_1_Program.o
                0x00001324                M_TIMER1_void_Start
 .text.M_TIMER1_void_Stop
                0x0000137a       0x4a ./MCAL/TIMER1/TIMER_1_Program.o
                0x0000137a                M_TIMER1_void_Stop
 .text.M_TIMER1_void_ICU_Enable
                0x000013c4       0x30 ./MCAL/TIMER1/TIMER_1_Program.o
                0x000013c4                M_TIMER1_void_ICU_Enable
 .text.M_TIMER1_void_ICU_TriggerSelect
                0x000013f4       0x4a ./MCAL/TIMER1/TIMER_1_Program.o
                0x000013f4                M_TIMER1_void_ICU_TriggerSelect
 .text.M_TIMER1_void_ICU_INTERRUPTDIS
                0x0000143e       0x1c ./MCAL/TIMER1/TIMER_1_Program.o
                0x0000143e                M_TIMER1_void_ICU_INTERRUPTDIS
 .text.M_TIMER1_void_ICU_Reading
                0x0000145a       0x16 ./MCAL/TIMER1/TIMER_1_Program.o
                0x0000145a                M_TIMER1_void_ICU_Reading
 .text.M_TIMER1_void_ICU_SetCallBack
                0x00001470        0xe ./MCAL/TIMER1/TIMER_1_Program.o
                0x00001470                M_TIMER1_void_ICU_SetCallBack
 .text.M_TIMER1_u8_Reset_flag
                0x0000147e       0x40 ./MCAL/TIMER1/TIMER_1_Program.o
                0x0000147e                M_TIMER1_u8_Reset_flag
 .text.M_void_Timer_Init
                0x000014be      0x340 ./MCAL/TIMER/TIMER_Program.o
                0x000014be                M_void_Timer_Init
 .text.M_void_Timer_start
                0x000017fe      0x122 ./MCAL/TIMER/TIMER_Program.o
                0x000017fe                M_void_Timer_start
 .text.M_void_Timer_stop
                0x00001920       0x28 ./MCAL/TIMER/TIMER_Program.o
                0x00001920                M_void_Timer_stop
 .text.Timer_u8__GetCounts
                0x00001948       0x14 ./MCAL/TIMER/TIMER_Program.o
                0x00001948                Timer_u8__GetCounts
 .text.M_void_Timer_Set_Preload
                0x0000195c       0x1c ./MCAL/TIMER/TIMER_Program.o
                0x0000195c                M_void_Timer_Set_Preload
 .text.M_TIMER0_setDelayTimeMilliSec
                0x00001978      0x1f6 ./MCAL/TIMER/TIMER_Program.o
                0x00001978                M_TIMER0_setDelayTimeMilliSec
 .text.M_void_EnableTIMERInt
                0x00001b6e       0x72 ./MCAL/TIMER/TIMER_Program.o
                0x00001b6e                M_void_EnableTIMERInt
 .text.M_void_DisableTIMERInt
                0x00001be0       0x6e ./MCAL/TIMER/TIMER_Program.o
                0x00001be0                M_void_DisableTIMERInt
 .text.M_void_setCallBack
                0x00001c4e       0x6c ./MCAL/TIMER/TIMER_Program.o
                0x00001c4e                M_void_setCallBack
 .text.M_TIMER0_PHASE_PWM_SET
                0x00001cba      0x19e ./MCAL/TIMER/TIMER_Program.o
                0x00001cba                M_TIMER0_PHASE_PWM_SET
 .text.M_TIMER0_FAST_PWM_SET
                0x00001e58      0x1c6 ./MCAL/TIMER/TIMER_Program.o
                0x00001e58                M_TIMER0_FAST_PWM_SET
 .text.__vector_11
                0x0000201e       0xd2 ./MCAL/TIMER/TIMER_Program.o
                0x0000201e                __vector_11
 .text.__vector_10
                0x000020f0       0x20 ./MCAL/TIMER/TIMER_Program.o
                0x000020f0                __vector_10
 .text.Port_Init
                0x00002110      0x4d6 ./MCAL/PORT/Port_prg.o
                0x00002110                Port_Init
 .text.GIE_voidEnable
                0x000025e6       0x1c ./MCAL/GIE/GIE_Program.o
                0x000025e6                GIE_voidEnable
 .text.GIE_voidDisable
                0x00002602       0x1c ./MCAL/GIE/GIE_Program.o
                0x00002602                GIE_voidDisable
 .text.Enable_Int
                0x0000261e      0x252 ./MCAL/EXTI/EXTI_Header/EXTI_Program.o
                0x0000261e                Enable_Int
 .text.Disable_Int
                0x00002870       0x76 ./MCAL/EXTI/EXTI_Header/EXTI_Program.o
                0x00002870                Disable_Int
 .text.EXTI_u8INTSetCallBack
                0x000028e6       0xf2 ./MCAL/EXTI/EXTI_Header/EXTI_Program.o
                0x000028e6                EXTI_u8INTSetCallBack
 .text.__vector_1
                0x000029d8       0x66 ./MCAL/EXTI/EXTI_Header/EXTI_Program.o
                0x000029d8                __vector_1
 .text.__vector_2
                0x00002a3e       0x20 ./MCAL/EXTI/EXTI_Header/EXTI_Program.o
                0x00002a3e                __vector_2
 .text.__vector_3
                0x00002a5e       0x20 ./MCAL/EXTI/EXTI_Header/EXTI_Program.o
                0x00002a5e                __vector_3
 .text.M_Dio_en_getPinValue
                0x00002a7e      0x10c ./MCAL/DIO/Dio_prg.o
                0x00002a7e                M_Dio_en_getPinValue
 .text.M_Dio_void_setPinValue
                0x00002b8a      0x21c ./MCAL/DIO/Dio_prg.o
                0x00002b8a                M_Dio_void_setPinValue
 .text.M_Dio_en_getPortValue
                0x00002da6       0x84 ./MCAL/DIO/Dio_prg.o
                0x00002da6                M_Dio_en_getPortValue
 .text.M_Dio_void_setPortValue
                0x00002e2a       0x84 ./MCAL/DIO/Dio_prg.o
                0x00002e2a                M_Dio_void_setPortValue
 .text.M_Dio_void_togglePinValue
                0x00002eae      0x118 ./MCAL/DIO/Dio_prg.o
                0x00002eae                M_Dio_void_togglePinValue
 .text.ADC_Init
                0x00002fc6      0x312 ./MCAL/ADC/ADC_Program.o
                0x00002fc6                ADC_Init
 .text.ADC_getDigitalValueSynchNonBlocking
                0x000032d8       0xfa ./MCAL/ADC/ADC_Program.o
                0x000032d8                ADC_getDigitalValueSynchNonBlocking
 .text.ADC_getDigitalValueAsynchCallBack
                0x000033d2       0xf8 ./MCAL/ADC/ADC_Program.o
                0x000033d2                ADC_getDigitalValueAsynchCallBack
 .text.ADC_Get_Value_Reading
                0x000034ca       0x16 ./MCAL/ADC/ADC_Program.o
                0x000034ca                ADC_Get_Value_Reading
 .text.ADC_Interrupt_Enable
                0x000034e0       0x1c ./MCAL/ADC/ADC_Program.o
                0x000034e0                ADC_Interrupt_Enable
 .text.ADC_Interrupt_Disable
                0x000034fc       0x1c ./MCAL/ADC/ADC_Program.o
                0x000034fc                ADC_Interrupt_Disable
 .text.ADC_u8INTSetCallBack
                0x00003518       0x2c ./MCAL/ADC/ADC_Program.o
                0x00003518                ADC_u8INTSetCallBack
 .text.__vector_16
                0x00003544       0x66 ./MCAL/ADC/ADC_Program.o
                0x00003544                __vector_16
 .text.H_UltraSonic_Void_Init
                0x000035aa      0x1c4 ./HAL/ULTRA_SONIC/UltraSonic_prog.o
                0x000035aa                H_UltraSonic_Void_Init
 .text.H_ULTRASONIC_Get_Readings
                0x0000376e       0x9a ./HAL/ULTRA_SONIC/UltraSonic_prog.o
                0x0000376e                H_ULTRASONIC_Get_Readings
 .text.H_UltraSonic_U16_ReadDistance
                0x00003808      0x1be ./HAL/ULTRA_SONIC/UltraSonic_prog.o
                0x00003808                H_UltraSonic_U16_ReadDistance
 .text.H_SSD_void_displayIntNumber
                0x000039c6      0x680 ./HAL/SSD/SSD_prg.o
                0x000039c6                H_SSD_void_displayIntNumber
 .text.H_readPB
                0x00004046      0x1e0 ./HAL/Push_Button/PB_Program.o
                0x00004046                H_readPB
 .text.H_Temprature_void_Init
                0x00004226       0x16 ./HAL/LM_35_Sensor/LM35_Program.o
                0x00004226                H_Temprature_void_Init
 .text.H_Temprature_u16_Read
                0x0000423c       0x56 ./HAL/LM_35_Sensor/LM35_Program.o
                0x0000423c                H_Temprature_u16_Read
 .text.H_LED_void_Turn_on
                0x00004292       0x7e ./HAL/LED/LED_Program.o
                0x00004292                H_LED_void_Turn_on
 .text.H_LED_void_Turn_off
                0x00004310       0x7e ./HAL/LED/LED_Program.o
                0x00004310                H_LED_void_Turn_off
 .text.H_LED_void_Toggle
                0x0000438e       0x76 ./HAL/LED/LED_Program.o
                0x0000438e                H_LED_void_Toggle
 .text.H_KEYPAD_u8_getPressedKey
                0x00004404      0x1ca ./HAL/KPD/KEYPAD_Program.o
                0x00004404                H_KEYPAD_u8_getPressedKey
 .text.H_DC_MOTOR_START
                0x000045ce       0x90 ./HAL/DC_MOTOR/DC_MOTOR_Program.o
                0x000045ce                H_DC_MOTOR_START
 .text.H_DC_MOTOR_STOP
                0x0000465e       0x1a ./HAL/DC_MOTOR/DC_MOTOR_Program.o
                0x0000465e                H_DC_MOTOR_STOP
 .text.H_LCD_void_latchByte
                0x00004678      0x38e ./HAL/CLCD/CLCD_Program.o
 .text.H_LCD_void_Init
                0x00004a06      0x4f2 ./HAL/CLCD/CLCD_Program.o
                0x00004a06                H_LCD_void_Init
 .text.H_LCD_void_sendData
                0x00004ef8       0x22 ./HAL/CLCD/CLCD_Program.o
                0x00004ef8                H_LCD_void_sendData
 .text.H_LCD_void_sendCommand
                0x00004f1a       0x22 ./HAL/CLCD/CLCD_Program.o
                0x00004f1a                H_LCD_void_sendCommand
 .text.H_LCD_void_sendString
                0x00004f3c       0x52 ./HAL/CLCD/CLCD_Program.o
                0x00004f3c                H_LCD_void_sendString
 .text.H_LCD_void_sendIntNum
                0x00004f8e      0x138 ./HAL/CLCD/CLCD_Program.o
                0x00004f8e                H_LCD_void_sendIntNum
 .text.H_LCD_void_gotoXY
                0x000050c6       0x58 ./HAL/CLCD/CLCD_Program.o
                0x000050c6                H_LCD_void_gotoXY
 .text.H_LCD_void_creatCustomChar
                0x0000511e       0x78 ./HAL/CLCD/CLCD_Program.o
                0x0000511e                H_LCD_void_creatCustomChar
 .text.H_LCD_void_displayCustomChar
                0x00005196       0x1a ./HAL/CLCD/CLCD_Program.o
                0x00005196                H_LCD_void_displayCustomChar
 .text.H_LCD_void_ClearDisplay
                0x000051b0       0x14 ./HAL/CLCD/CLCD_Program.o
                0x000051b0                H_LCD_void_ClearDisplay
 .text.main     0x000051c4       0x78 ./APP/main_UART_Sender.o
                0x000051c4                main
 .text.libgcc   0x0000523c       0x3e d:/courses/embedded course imt/01- imt sdk-20220703t224428z-001/new folder/01- imt sdk/imt_sdk_win_64/imt_sdk_win_64/winavr/bin/../lib/gcc/avr/4.3.3/avr5\libgcc.a(_mulsi3.o)
                0x0000523c                __mulsi3
 .text.libgcc   0x0000527a       0x18 d:/courses/embedded course imt/01- imt sdk-20220703t224428z-001/new folder/01- imt sdk/imt_sdk_win_64/imt_sdk_win_64/winavr/bin/../lib/gcc/avr/4.3.3/avr5\libgcc.a(_udivmodqi4.o)
                0x0000527a                __udivmodqi4
 .text.libgcc   0x00005292       0x28 d:/courses/embedded course imt/01- imt sdk-20220703t224428z-001/new folder/01- imt sdk/imt_sdk_win_64/imt_sdk_win_64/winavr/bin/../lib/gcc/avr/4.3.3/avr5\libgcc.a(_udivmodhi4.o)
                0x00005292                __udivmodhi4
 .text.libgcc   0x000052ba       0x44 d:/courses/embedded course imt/01- imt sdk-20220703t224428z-001/new folder/01- imt sdk/imt_sdk_win_64/imt_sdk_win_64/winavr/bin/../lib/gcc/avr/4.3.3/avr5\libgcc.a(_udivmodsi4.o)
                0x000052ba                __udivmodsi4
 .text.libgcc   0x000052fe       0x36 d:/courses/embedded course imt/01- imt sdk-20220703t224428z-001/new folder/01- imt sdk/imt_sdk_win_64/imt_sdk_win_64/winavr/bin/../lib/gcc/avr/4.3.3/avr5\libgcc.a(_divmodsi4.o)
                0x000052fe                __divmodsi4
 .text.libgcc   0x00005334        0x0 d:/courses/embedded course imt/01- imt sdk-20220703t224428z-001/new folder/01- imt sdk/imt_sdk_win_64/imt_sdk_win_64/winavr/bin/../lib/gcc/avr/4.3.3/avr5\libgcc.a(_exit.o)
 .text.libgcc   0x00005334        0x0 d:/courses/embedded course imt/01- imt sdk-20220703t224428z-001/new folder/01- imt sdk/imt_sdk_win_64/imt_sdk_win_64/winavr/bin/../lib/gcc/avr/4.3.3/avr5\libgcc.a(_copy_data.o)
 .text.libgcc   0x00005334        0x0 d:/courses/embedded course imt/01- imt sdk-20220703t224428z-001/new folder/01- imt sdk/imt_sdk_win_64/imt_sdk_win_64/winavr/bin/../lib/gcc/avr/4.3.3/avr5\libgcc.a(_clear_bss.o)
 .text.libgcc   0x00005334       0x38 d:/courses/embedded course imt/01- imt sdk-20220703t224428z-001/new folder/01- imt sdk/imt_sdk_win_64/imt_sdk_win_64/winavr/bin/../lib/gcc/avr/4.3.3/avr5\libgcc.a(_prologue.o)
                0x00005334                __prologue_saves__
 .text.libgcc   0x0000536c       0x36 d:/courses/embedded course imt/01- imt sdk-20220703t224428z-001/new folder/01- imt sdk/imt_sdk_win_64/imt_sdk_win_64/winavr/bin/../lib/gcc/avr/4.3.3/avr5\libgcc.a(_epilogue.o)
                0x0000536c                __epilogue_restores__
                0x000053a2                . = ALIGN (0x2)
 *(.fini9)
 .fini9         0x000053a2        0x0 d:/courses/embedded course imt/01- imt sdk-20220703t224428z-001/new folder/01- imt sdk/imt_sdk_win_64/imt_sdk_win_64/winavr/bin/../lib/gcc/avr/4.3.3/avr5\libgcc.a(_exit.o)
                0x000053a2                exit
                0x000053a2                _exit
 *(.fini9)
 *(.fini8)
 *(.fini8)
 *(.fini7)
 *(.fini7)
 *(.fini6)
 *(.fini6)
 *(.fini5)
 *(.fini5)
 *(.fini4)
 *(.fini4)
 *(.fini3)
 *(.fini3)
 *(.fini2)
 *(.fini2)
 *(.fini1)
 *(.fini1)
 *(.fini0)
 .fini0         0x000053a2        0x4 d:/courses/embedded course imt/01- imt sdk-20220703t224428z-001/new folder/01- imt sdk/imt_sdk_win_64/imt_sdk_win_64/winavr/bin/../lib/gcc/avr/4.3.3/avr5\libgcc.a(_exit.o)
 *(.fini0)
                0x000053a6                _etext = .

.data           0x00800060      0x206 load address 0x000053a6
                0x00800060                PROVIDE (__data_start, .)
 *(.data)
 .data          0x00800060        0x0 d:/courses/embedded course imt/01- imt sdk-20220703t224428z-001/new folder/01- imt sdk/imt_sdk_win_64/imt_sdk_win_64/winavr/bin/../lib/gcc/avr/4.3.3/../../../../avr/lib/avr5/crtm32.o
 .data          0x00800060        0x0 ./MCAL/USART/USART_Program.o
 .data          0x00800060        0x0 ./MCAL/TIMER1/TIMER_1_Program.o
 .data          0x00800060        0x0 ./MCAL/TIMER/TIMER_Program.o
 .data          0x00800060        0x0 ./MCAL/PORT/Port_prg.o
 .data          0x00800060        0x0 ./MCAL/GIE/GIE_Program.o
 .data          0x00800060        0x0 ./MCAL/EXTI/EXTI_Header/EXTI_Program.o
 .data          0x00800060        0x0 ./MCAL/DIO/Dio_prg.o
 .data          0x00800060        0x0 ./MCAL/ADC/ADC_Program.o
 .data          0x00800060        0x0 ./HAL/ULTRA_SONIC/UltraSonic_prog.o
 .data          0x00800060        0x0 ./HAL/SSD/SSD_prg.o
 .data          0x00800060        0x0 ./HAL/Push_Button/PB_Program.o
 .data          0x00800060        0x0 ./HAL/LM_35_Sensor/LM35_Program.o
 .data          0x00800060        0x0 ./HAL/LED/LED_Program.o
 .data          0x00800060        0x0 ./HAL/KPD/KEYPAD_Program.o
 .data          0x00800060        0x0 ./HAL/DC_MOTOR/DC_MOTOR_Program.o
 .data          0x00800060        0x0 ./HAL/CLCD/CLCD_Program.o
 .data          0x00800060        0x0 ./HAL/BUZZER/Buzzer_prg.o
 .data          0x00800060        0x0 ./CONFIG/ADC_LCONFIG.o
 .data          0x00800060        0x0 ./CONFIG/CLCD_LCFG.o
 .data          0x00800060        0x0 ./CONFIG/DC_MOTOR_LCONFIG.o
 .data          0x00800060        0x0 ./CONFIG/Dio_Lcfg.o
 .data          0x00800060        0x0 ./CONFIG/EXTI_LCONFIG.o
 .data          0x00800060        0x0 ./CONFIG/GIE_LCONFIG.o
 .data          0x00800060        0x0 ./CONFIG/KPD_LCFG.o
 .data          0x00800060        0x0 ./CONFIG/LED_LCFG.o
 .data          0x00800060        0x0 ./CONFIG/Port_Lcfg.o
 .data          0x00800060        0x0 ./CONFIG/SSD_LCFG.o
 .data          0x00800060        0x0 ./CONFIG/TIMER_1_LCONFIG.o
 .data          0x00800060        0x0 ./CONFIG/TIMER_LCFG.o
 .data          0x00800060        0x0 ./CONFIG/ULTRA_SONIC_LCONFIG.o
 .data          0x00800060        0x0 ./CONFIG/USART_LCONFIG.o
 .data          0x00800060        0xc ./APP/main_UART_Sender.o
 .data          0x0080006c        0x0 d:/courses/embedded course imt/01- imt sdk-20220703t224428z-001/new folder/01- imt sdk/imt_sdk_win_64/imt_sdk_win_64/winavr/bin/../lib/gcc/avr/4.3.3/avr5\libgcc.a(_mulsi3.o)
 .data          0x0080006c        0x0 d:/courses/embedded course imt/01- imt sdk-20220703t224428z-001/new folder/01- imt sdk/imt_sdk_win_64/imt_sdk_win_64/winavr/bin/../lib/gcc/avr/4.3.3/avr5\libgcc.a(_udivmodqi4.o)
 .data          0x0080006c        0x0 d:/courses/embedded course imt/01- imt sdk-20220703t224428z-001/new folder/01- imt sdk/imt_sdk_win_64/imt_sdk_win_64/winavr/bin/../lib/gcc/avr/4.3.3/avr5\libgcc.a(_udivmodhi4.o)
 .data          0x0080006c        0x0 d:/courses/embedded course imt/01- imt sdk-20220703t224428z-001/new folder/01- imt sdk/imt_sdk_win_64/imt_sdk_win_64/winavr/bin/../lib/gcc/avr/4.3.3/avr5\libgcc.a(_udivmodsi4.o)
 .data          0x0080006c        0x0 d:/courses/embedded course imt/01- imt sdk-20220703t224428z-001/new folder/01- imt sdk/imt_sdk_win_64/imt_sdk_win_64/winavr/bin/../lib/gcc/avr/4.3.3/avr5\libgcc.a(_divmodsi4.o)
 .data          0x0080006c        0x0 d:/courses/embedded course imt/01- imt sdk-20220703t224428z-001/new folder/01- imt sdk/imt_sdk_win_64/imt_sdk_win_64/winavr/bin/../lib/gcc/avr/4.3.3/avr5\libgcc.a(_exit.o)
 .data          0x0080006c        0x0 d:/courses/embedded course imt/01- imt sdk-20220703t224428z-001/new folder/01- imt sdk/imt_sdk_win_64/imt_sdk_win_64/winavr/bin/../lib/gcc/avr/4.3.3/avr5\libgcc.a(_copy_data.o)
 .data          0x0080006c        0x0 d:/courses/embedded course imt/01- imt sdk-20220703t224428z-001/new folder/01- imt sdk/imt_sdk_win_64/imt_sdk_win_64/winavr/bin/../lib/gcc/avr/4.3.3/avr5\libgcc.a(_clear_bss.o)
 .data          0x0080006c        0x0 d:/courses/embedded course imt/01- imt sdk-20220703t224428z-001/new folder/01- imt sdk/imt_sdk_win_64/imt_sdk_win_64/winavr/bin/../lib/gcc/avr/4.3.3/avr5\libgcc.a(_fixunssfsi.o)
 .data          0x0080006c        0x0 d:/courses/embedded course imt/01- imt sdk-20220703t224428z-001/new folder/01- imt sdk/imt_sdk_win_64/imt_sdk_win_64/winavr/bin/../lib/gcc/avr/4.3.3/avr5\libgcc.a(_addsub_sf.o)
 .data          0x0080006c        0x0 d:/courses/embedded course imt/01- imt sdk-20220703t224428z-001/new folder/01- imt sdk/imt_sdk_win_64/imt_sdk_win_64/winavr/bin/../lib/gcc/avr/4.3.3/avr5\libgcc.a(_mul_sf.o)
 .data          0x0080006c        0x0 d:/courses/embedded course imt/01- imt sdk-20220703t224428z-001/new folder/01- imt sdk/imt_sdk_win_64/imt_sdk_win_64/winavr/bin/../lib/gcc/avr/4.3.3/avr5\libgcc.a(_div_sf.o)
 .data          0x0080006c        0x0 d:/courses/embedded course imt/01- imt sdk-20220703t224428z-001/new folder/01- imt sdk/imt_sdk_win_64/imt_sdk_win_64/winavr/bin/../lib/gcc/avr/4.3.3/avr5\libgcc.a(_gt_sf.o)
 .data          0x0080006c        0x0 d:/courses/embedded course imt/01- imt sdk-20220703t224428z-001/new folder/01- imt sdk/imt_sdk_win_64/imt_sdk_win_64/winavr/bin/../lib/gcc/avr/4.3.3/avr5\libgcc.a(_ge_sf.o)
 .data          0x0080006c        0x0 d:/courses/embedded course imt/01- imt sdk-20220703t224428z-001/new folder/01- imt sdk/imt_sdk_win_64/imt_sdk_win_64/winavr/bin/../lib/gcc/avr/4.3.3/avr5\libgcc.a(_lt_sf.o)
 .data          0x0080006c        0x0 d:/courses/embedded course imt/01- imt sdk-20220703t224428z-001/new folder/01- imt sdk/imt_sdk_win_64/imt_sdk_win_64/winavr/bin/../lib/gcc/avr/4.3.3/avr5\libgcc.a(_si_to_sf.o)
 .data          0x0080006c        0x0 d:/courses/embedded course imt/01- imt sdk-20220703t224428z-001/new folder/01- imt sdk/imt_sdk_win_64/imt_sdk_win_64/winavr/bin/../lib/gcc/avr/4.3.3/avr5\libgcc.a(_sf_to_si.o)
 .data          0x0080006c        0x8 d:/courses/embedded course imt/01- imt sdk-20220703t224428z-001/new folder/01- imt sdk/imt_sdk_win_64/imt_sdk_win_64/winavr/bin/../lib/gcc/avr/4.3.3/avr5\libgcc.a(_thenan_sf.o)
                0x0080006c                __thenan_sf
 .data          0x00800074        0x0 d:/courses/embedded course imt/01- imt sdk-20220703t224428z-001/new folder/01- imt sdk/imt_sdk_win_64/imt_sdk_win_64/winavr/bin/../lib/gcc/avr/4.3.3/avr5\libgcc.a(_usi_to_sf.o)
 .data          0x00800074        0x0 d:/courses/embedded course imt/01- imt sdk-20220703t224428z-001/new folder/01- imt sdk/imt_sdk_win_64/imt_sdk_win_64/winavr/bin/../lib/gcc/avr/4.3.3/avr5\libgcc.a(_prologue.o)
 .data          0x00800074        0x0 d:/courses/embedded course imt/01- imt sdk-20220703t224428z-001/new folder/01- imt sdk/imt_sdk_win_64/imt_sdk_win_64/winavr/bin/../lib/gcc/avr/4.3.3/avr5\libgcc.a(_epilogue.o)
 .data          0x00800074        0x0 d:/courses/embedded course imt/01- imt sdk-20220703t224428z-001/new folder/01- imt sdk/imt_sdk_win_64/imt_sdk_win_64/winavr/bin/../lib/gcc/avr/4.3.3/avr5\libgcc.a(_clzsi2.o)
 .data          0x00800074        0x0 d:/courses/embedded course imt/01- imt sdk-20220703t224428z-001/new folder/01- imt sdk/imt_sdk_win_64/imt_sdk_win_64/winavr/bin/../lib/gcc/avr/4.3.3/avr5\libgcc.a(_pack_sf.o)
 .data          0x00800074        0x0 d:/courses/embedded course imt/01- imt sdk-20220703t224428z-001/new folder/01- imt sdk/imt_sdk_win_64/imt_sdk_win_64/winavr/bin/../lib/gcc/avr/4.3.3/avr5\libgcc.a(_unpack_sf.o)
 .data          0x00800074        0x0 d:/courses/embedded course imt/01- imt sdk-20220703t224428z-001/new folder/01- imt sdk/imt_sdk_win_64/imt_sdk_win_64/winavr/bin/../lib/gcc/avr/4.3.3/avr5\libgcc.a(_fpcmp_parts_sf.o)
 .data          0x00800074      0x100 d:/courses/embedded course imt/01- imt sdk-20220703t224428z-001/new folder/01- imt sdk/imt_sdk_win_64/imt_sdk_win_64/winavr/bin/../lib/gcc/avr/4.3.3/avr5\libgcc.a(_clz.o)
                0x00800074                __clz_tab
 *(.data*)
 .data.ADC_OBJECT
                0x00800174        0x6 ./HAL/LM_35_Sensor/LM35_Program.o
                0x00800174                ADC_OBJECT
 .data.KPD_KEYS_CALC
                0x0080017a       0x10 ./HAL/KPD/KEYPAD_Program.o
 .data.ROWS_ARR
                0x0080018a        0x4 ./HAL/KPD/KEYPAD_Program.o
                0x0080018a                ROWS_ARR
 .data.COLS_ARR
                0x0080018e        0x4 ./HAL/KPD/KEYPAD_Program.o
                0x0080018e                COLS_ARR
 .data.Pattern_1
                0x00800192        0x8 ./CONFIG/CLCD_LCFG.o
                0x00800192                Pattern_1
 .data.Pattern_2
                0x0080019a        0x8 ./CONFIG/CLCD_LCFG.o
                0x0080019a                Pattern_2
 .data.Pattern_3
                0x008001a2        0x8 ./CONFIG/CLCD_LCFG.o
                0x008001a2                Pattern_3
 .data.Pattern_4
                0x008001aa        0x8 ./CONFIG/CLCD_LCFG.o
                0x008001aa                Pattern_4
 .data.SmilyChar
                0x008001b2        0x8 ./CONFIG/CLCD_LCFG.o
                0x008001b2                SmilyChar
 .data.ARR_OF_Interrupts
                0x008001ba        0x6 ./CONFIG/EXTI_LCONFIG.o
                0x008001ba                ARR_OF_Interrupts
 .data.ARR_UART_CFG_3
                0x008001c0        0x5 ./APP/main_UART_Sender.o
                0x008001c0                ARR_UART_CFG_3
 *(.rodata)
 *(.rodata*)
 .rodata.C.0.1658
                0x008001c5       0x14 ./MCAL/TIMER/TIMER_Program.o
 .rodata.ArrayofADC_Config_1
                0x008001d9        0x6 ./CONFIG/ADC_LCONFIG.o
                0x008001d9                ArrayofADC_Config_1
 .rodata.ArrayofADC_Config_2
                0x008001df        0x6 ./CONFIG/ADC_LCONFIG.o
                0x008001df                ArrayofADC_Config_2
 .rodata.PORT_Config_Arr
                0x008001e5       0x80 ./CONFIG/Port_Lcfg.o
                0x008001e5                PORT_Config_Arr
 *(.gnu.linkonce.d*)
                0x00800266                . = ALIGN (0x2)
 *fill*         0x00800265        0x1 00
                0x00800266                _edata = .
                0x00800266                PROVIDE (__data_end, .)

.bss            0x00800266       0x20
                0x00800266                PROVIDE (__bss_start, .)
 *(.bss)
 .bss           0x00800266        0x0 d:/courses/embedded course imt/01- imt sdk-20220703t224428z-001/new folder/01- imt sdk/imt_sdk_win_64/imt_sdk_win_64/winavr/bin/../lib/gcc/avr/4.3.3/../../../../avr/lib/avr5/crtm32.o
 .bss           0x00800266        0x0 ./MCAL/USART/USART_Program.o
 .bss           0x00800266        0x0 ./MCAL/TIMER1/TIMER_1_Program.o
 .bss           0x00800266        0x0 ./MCAL/TIMER/TIMER_Program.o
 .bss           0x00800266        0x0 ./MCAL/PORT/Port_prg.o
 .bss           0x00800266        0x0 ./MCAL/GIE/GIE_Program.o
 .bss           0x00800266        0x0 ./MCAL/EXTI/EXTI_Header/EXTI_Program.o
 .bss           0x00800266        0x0 ./MCAL/DIO/Dio_prg.o
 .bss           0x00800266        0x0 ./MCAL/ADC/ADC_Program.o
 .bss           0x00800266        0x0 ./HAL/ULTRA_SONIC/UltraSonic_prog.o
 .bss           0x00800266        0x0 ./HAL/SSD/SSD_prg.o
 .bss           0x00800266        0x0 ./HAL/Push_Button/PB_Program.o
 .bss           0x00800266        0x0 ./HAL/LM_35_Sensor/LM35_Program.o
 .bss           0x00800266        0x0 ./HAL/LED/LED_Program.o
 .bss           0x00800266        0x0 ./HAL/KPD/KEYPAD_Program.o
 .bss           0x00800266        0x0 ./HAL/DC_MOTOR/DC_MOTOR_Program.o
 .bss           0x00800266        0x0 ./HAL/CLCD/CLCD_Program.o
 .bss           0x00800266        0x0 ./HAL/BUZZER/Buzzer_prg.o
 .bss           0x00800266        0x0 ./CONFIG/ADC_LCONFIG.o
 .bss           0x00800266        0x0 ./CONFIG/CLCD_LCFG.o
 .bss           0x00800266        0x0 ./CONFIG/DC_MOTOR_LCONFIG.o
 .bss           0x00800266        0x0 ./CONFIG/Dio_Lcfg.o
 .bss           0x00800266        0x0 ./CONFIG/EXTI_LCONFIG.o
 .bss           0x00800266        0x0 ./CONFIG/GIE_LCONFIG.o
 .bss           0x00800266        0x0 ./CONFIG/KPD_LCFG.o
 .bss           0x00800266        0x0 ./CONFIG/LED_LCFG.o
 .bss           0x00800266        0x0 ./CONFIG/Port_Lcfg.o
 .bss           0x00800266        0x0 ./CONFIG/SSD_LCFG.o
 .bss           0x00800266        0x0 ./CONFIG/TIMER_1_LCONFIG.o
 .bss           0x00800266        0x0 ./CONFIG/TIMER_LCFG.o
 .bss           0x00800266        0x0 ./CONFIG/ULTRA_SONIC_LCONFIG.o
 .bss           0x00800266        0x0 ./CONFIG/USART_LCONFIG.o
 .bss           0x00800266        0x0 ./APP/main_UART_Sender.o
 .bss           0x00800266        0x0 d:/courses/embedded course imt/01- imt sdk-20220703t224428z-001/new folder/01- imt sdk/imt_sdk_win_64/imt_sdk_win_64/winavr/bin/../lib/gcc/avr/4.3.3/avr5\libgcc.a(_mulsi3.o)
 .bss           0x00800266        0x0 d:/courses/embedded course imt/01- imt sdk-20220703t224428z-001/new folder/01- imt sdk/imt_sdk_win_64/imt_sdk_win_64/winavr/bin/../lib/gcc/avr/4.3.3/avr5\libgcc.a(_udivmodqi4.o)
 .bss           0x00800266        0x0 d:/courses/embedded course imt/01- imt sdk-20220703t224428z-001/new folder/01- imt sdk/imt_sdk_win_64/imt_sdk_win_64/winavr/bin/../lib/gcc/avr/4.3.3/avr5\libgcc.a(_udivmodhi4.o)
 .bss           0x00800266        0x0 d:/courses/embedded course imt/01- imt sdk-20220703t224428z-001/new folder/01- imt sdk/imt_sdk_win_64/imt_sdk_win_64/winavr/bin/../lib/gcc/avr/4.3.3/avr5\libgcc.a(_udivmodsi4.o)
 .bss           0x00800266        0x0 d:/courses/embedded course imt/01- imt sdk-20220703t224428z-001/new folder/01- imt sdk/imt_sdk_win_64/imt_sdk_win_64/winavr/bin/../lib/gcc/avr/4.3.3/avr5\libgcc.a(_divmodsi4.o)
 .bss           0x00800266        0x0 d:/courses/embedded course imt/01- imt sdk-20220703t224428z-001/new folder/01- imt sdk/imt_sdk_win_64/imt_sdk_win_64/winavr/bin/../lib/gcc/avr/4.3.3/avr5\libgcc.a(_exit.o)
 .bss           0x00800266        0x0 d:/courses/embedded course imt/01- imt sdk-20220703t224428z-001/new folder/01- imt sdk/imt_sdk_win_64/imt_sdk_win_64/winavr/bin/../lib/gcc/avr/4.3.3/avr5\libgcc.a(_copy_data.o)
 .bss           0x00800266        0x0 d:/courses/embedded course imt/01- imt sdk-20220703t224428z-001/new folder/01- imt sdk/imt_sdk_win_64/imt_sdk_win_64/winavr/bin/../lib/gcc/avr/4.3.3/avr5\libgcc.a(_clear_bss.o)
 .bss           0x00800266        0x0 d:/courses/embedded course imt/01- imt sdk-20220703t224428z-001/new folder/01- imt sdk/imt_sdk_win_64/imt_sdk_win_64/winavr/bin/../lib/gcc/avr/4.3.3/avr5\libgcc.a(_fixunssfsi.o)
 .bss           0x00800266        0x0 d:/courses/embedded course imt/01- imt sdk-20220703t224428z-001/new folder/01- imt sdk/imt_sdk_win_64/imt_sdk_win_64/winavr/bin/../lib/gcc/avr/4.3.3/avr5\libgcc.a(_addsub_sf.o)
 .bss           0x00800266        0x0 d:/courses/embedded course imt/01- imt sdk-20220703t224428z-001/new folder/01- imt sdk/imt_sdk_win_64/imt_sdk_win_64/winavr/bin/../lib/gcc/avr/4.3.3/avr5\libgcc.a(_mul_sf.o)
 .bss           0x00800266        0x0 d:/courses/embedded course imt/01- imt sdk-20220703t224428z-001/new folder/01- imt sdk/imt_sdk_win_64/imt_sdk_win_64/winavr/bin/../lib/gcc/avr/4.3.3/avr5\libgcc.a(_div_sf.o)
 .bss           0x00800266        0x0 d:/courses/embedded course imt/01- imt sdk-20220703t224428z-001/new folder/01- imt sdk/imt_sdk_win_64/imt_sdk_win_64/winavr/bin/../lib/gcc/avr/4.3.3/avr5\libgcc.a(_gt_sf.o)
 .bss           0x00800266        0x0 d:/courses/embedded course imt/01- imt sdk-20220703t224428z-001/new folder/01- imt sdk/imt_sdk_win_64/imt_sdk_win_64/winavr/bin/../lib/gcc/avr/4.3.3/avr5\libgcc.a(_ge_sf.o)
 .bss           0x00800266        0x0 d:/courses/embedded course imt/01- imt sdk-20220703t224428z-001/new folder/01- imt sdk/imt_sdk_win_64/imt_sdk_win_64/winavr/bin/../lib/gcc/avr/4.3.3/avr5\libgcc.a(_lt_sf.o)
 .bss           0x00800266        0x0 d:/courses/embedded course imt/01- imt sdk-20220703t224428z-001/new folder/01- imt sdk/imt_sdk_win_64/imt_sdk_win_64/winavr/bin/../lib/gcc/avr/4.3.3/avr5\libgcc.a(_si_to_sf.o)
 .bss           0x00800266        0x0 d:/courses/embedded course imt/01- imt sdk-20220703t224428z-001/new folder/01- imt sdk/imt_sdk_win_64/imt_sdk_win_64/winavr/bin/../lib/gcc/avr/4.3.3/avr5\libgcc.a(_sf_to_si.o)
 .bss           0x00800266        0x0 d:/courses/embedded course imt/01- imt sdk-20220703t224428z-001/new folder/01- imt sdk/imt_sdk_win_64/imt_sdk_win_64/winavr/bin/../lib/gcc/avr/4.3.3/avr5\libgcc.a(_thenan_sf.o)
 .bss           0x00800266        0x0 d:/courses/embedded course imt/01- imt sdk-20220703t224428z-001/new folder/01- imt sdk/imt_sdk_win_64/imt_sdk_win_64/winavr/bin/../lib/gcc/avr/4.3.3/avr5\libgcc.a(_usi_to_sf.o)
 .bss           0x00800266        0x0 d:/courses/embedded course imt/01- imt sdk-20220703t224428z-001/new folder/01- imt sdk/imt_sdk_win_64/imt_sdk_win_64/winavr/bin/../lib/gcc/avr/4.3.3/avr5\libgcc.a(_prologue.o)
 .bss           0x00800266        0x0 d:/courses/embedded course imt/01- imt sdk-20220703t224428z-001/new folder/01- imt sdk/imt_sdk_win_64/imt_sdk_win_64/winavr/bin/../lib/gcc/avr/4.3.3/avr5\libgcc.a(_epilogue.o)
 .bss           0x00800266        0x0 d:/courses/embedded course imt/01- imt sdk-20220703t224428z-001/new folder/01- imt sdk/imt_sdk_win_64/imt_sdk_win_64/winavr/bin/../lib/gcc/avr/4.3.3/avr5\libgcc.a(_clzsi2.o)
 .bss           0x00800266        0x0 d:/courses/embedded course imt/01- imt sdk-20220703t224428z-001/new folder/01- imt sdk/imt_sdk_win_64/imt_sdk_win_64/winavr/bin/../lib/gcc/avr/4.3.3/avr5\libgcc.a(_pack_sf.o)
 .bss           0x00800266        0x0 d:/courses/embedded course imt/01- imt sdk-20220703t224428z-001/new folder/01- imt sdk/imt_sdk_win_64/imt_sdk_win_64/winavr/bin/../lib/gcc/avr/4.3.3/avr5\libgcc.a(_unpack_sf.o)
 .bss           0x00800266        0x0 d:/courses/embedded course imt/01- imt sdk-20220703t224428z-001/new folder/01- imt sdk/imt_sdk_win_64/imt_sdk_win_64/winavr/bin/../lib/gcc/avr/4.3.3/avr5\libgcc.a(_fpcmp_parts_sf.o)
 .bss           0x00800266        0x0 d:/courses/embedded course imt/01- imt sdk-20220703t224428z-001/new folder/01- imt sdk/imt_sdk_win_64/imt_sdk_win_64/winavr/bin/../lib/gcc/avr/4.3.3/avr5\libgcc.a(_clz.o)
 *(.bss*)
 .bss.ICU_CallBackFun
                0x00800266        0x2 ./MCAL/TIMER1/TIMER_1_Program.o
                0x00800266                ICU_CallBackFun
 .bss.EXTI_ARRCALLBACK2FUNC
                0x00800268        0x4 ./MCAL/TIMER/TIMER_Program.o
 .bss.No_of_over_flows
                0x0080026c        0x4 ./MCAL/TIMER/TIMER_Program.o
 .bss.No_of_Remaning
                0x00800270        0x1 ./MCAL/TIMER/TIMER_Program.o
 .bss.Global_No_of_overflows
                0x00800271        0x4 ./MCAL/TIMER/TIMER_Program.o
 .bss.EXTI_ARRCALLBACK2FUNC
                0x00800275        0x6 ./MCAL/EXTI/EXTI_Header/EXTI_Program.o
 .bss.ADC_ptr_FUNC
                0x0080027b        0x2 ./MCAL/ADC/ADC_Program.o
 .bss.Reading_1
                0x0080027d        0x2 ./HAL/ULTRA_SONIC/UltraSonic_prog.o
 .bss.Reading_2
                0x0080027f        0x2 ./HAL/ULTRA_SONIC/UltraSonic_prog.o
 .bss.Reading_3
                0x00800281        0x2 ./HAL/ULTRA_SONIC/UltraSonic_prog.o
 .bss.Distance  0x00800283        0x2 ./HAL/ULTRA_SONIC/UltraSonic_prog.o
 .bss.No_of_overflows
                0x00800285        0x1 ./HAL/ULTRA_SONIC/UltraSonic_prog.o
 *(COMMON)
 COMMON         0x00800286        0x0 ./HAL/CLCD/CLCD_Program.o
                0x00800286                PROVIDE (__bss_end, .)
                0x000053a6                __data_load_start = LOADADDR (.data)
                0x000055ac                __data_load_end = (__data_load_start + SIZEOF (.data))

.noinit         0x00800286        0x0
                0x00800286                PROVIDE (__noinit_start, .)
 *(.noinit*)
                0x00800286                PROVIDE (__noinit_end, .)
                0x00800286                _end = .
                0x00800286                PROVIDE (__heap_start, .)

.eeprom         0x00810000        0x0
 *(.eeprom*)
                0x00810000                __eeprom_end = .

.fuse
 *(.fuse)
 *(.lfuse)
 *(.hfuse)
 *(.efuse)

.lock
 *(.lock*)

.signature
 *(.signature*)

.stab           0x00000000     0x6504
 *(.stab)
 .stab          0x00000000      0x81c ./MCAL/USART/USART_Program.o
 .stab          0x0000081c      0x4d4 ./MCAL/TIMER1/TIMER_1_Program.o
                                0x564 (size before relaxing)
 .stab          0x00000cf0      0xb4c ./MCAL/TIMER/TIMER_Program.o
                                0xdc8 (size before relaxing)
 .stab          0x0000183c      0x330 ./MCAL/PORT/Port_prg.o
                                0x3c0 (size before relaxing)
 .stab          0x00001b6c      0x144 ./MCAL/GIE/GIE_Program.o
                                0x1d4 (size before relaxing)
 .stab          0x00001cb0      0x534 ./MCAL/EXTI/EXTI_Header/EXTI_Program.o
                                0x780 (size before relaxing)
 .stab          0x000021e4      0x510 ./MCAL/DIO/Dio_prg.o
                                0x5a0 (size before relaxing)
 .stab          0x000026f4      0x708 ./MCAL/ADC/ADC_Program.o
                                0x798 (size before relaxing)
 .stab          0x00002dfc      0x57c ./HAL/ULTRA_SONIC/UltraSonic_prog.o
                                0x804 (size before relaxing)
 .stab          0x00003378      0x618 ./HAL/SSD/SSD_prg.o
                                0x8a0 (size before relaxing)
 .stab          0x00003990      0x3b4 ./HAL/Push_Button/PB_Program.o
                                0x63c (size before relaxing)
 .stab          0x00003d44      0x2a0 ./HAL/LM_35_Sensor/LM35_Program.o
                                0x5d0 (size before relaxing)
 .stab          0x00003fe4      0x240 ./HAL/LED/LED_Program.o
                                0x33c (size before relaxing)
 .stab          0x00004224      0x30c ./HAL/KPD/KEYPAD_Program.o
                                0x594 (size before relaxing)
 .stab          0x00004530      0x21c ./HAL/DC_MOTOR/DC_MOTOR_Program.o
                                0x3c0 (size before relaxing)
 .stab          0x0000474c      0xc48 ./HAL/CLCD/CLCD_Program.o
                                0xed0 (size before relaxing)
 .stab          0x00005394       0xd8 ./HAL/BUZZER/Buzzer_prg.o
                                 0xe4 (size before relaxing)
 .stab          0x0000546c      0x12c ./CONFIG/ADC_LCONFIG.o
                                0x2a0 (size before relaxing)
 .stab          0x00005598      0x1a4 ./CONFIG/CLCD_LCFG.o
                                0x1b0 (size before relaxing)
 .stab          0x0000573c       0xd8 ./CONFIG/DC_MOTOR_LCONFIG.o
                                 0xe4 (size before relaxing)
 .stab          0x00005814       0xd8 ./CONFIG/Dio_Lcfg.o
                                 0xe4 (size before relaxing)
 .stab          0x000058ec      0x174 ./CONFIG/EXTI_LCONFIG.o
                                0x204 (size before relaxing)
 .stab          0x00005a60       0xd8 ./CONFIG/GIE_LCONFIG.o
                                 0xe4 (size before relaxing)
 .stab          0x00005b38       0xe4 ./CONFIG/KPD_LCFG.o
                                0x174 (size before relaxing)
 .stab          0x00005c1c       0xd8 ./CONFIG/LED_LCFG.o
                                 0xe4 (size before relaxing)
 .stab          0x00005cf4      0x1a4 ./CONFIG/Port_Lcfg.o
                                0x234 (size before relaxing)
 .stab          0x00005e98       0xd8 ./CONFIG/SSD_LCFG.o
                                 0xe4 (size before relaxing)
 .stab          0x00005f70       0xd8 ./CONFIG/TIMER_1_LCONFIG.o
                                 0xe4 (size before relaxing)
 .stab          0x00006048       0xd8 ./CONFIG/TIMER_LCFG.o
                                 0xe4 (size before relaxing)
 .stab          0x00006120       0xd8 ./CONFIG/ULTRA_SONIC_LCONFIG.o
                                 0xe4 (size before relaxing)
 .stab          0x000061f8      0x114 ./CONFIG/USART_LCONFIG.o
                                0x210 (size before relaxing)
 .stab          0x0000630c      0x1f8 ./APP/main_UART_Sender.o
                                0x540 (size before relaxing)

.stabstr        0x00000000     0x3d89
 *(.stabstr)
 .stabstr       0x00000000     0x3d89 ./MCAL/USART/USART_Program.o

.stab.excl
 *(.stab.excl)

.stab.exclstr
 *(.stab.exclstr)

.stab.index
 *(.stab.index)

.stab.indexstr
 *(.stab.indexstr)

.comment
 *(.comment)

.debug
 *(.debug)

.line
 *(.line)

.debug_srcinfo
 *(.debug_srcinfo)

.debug_sfnames
 *(.debug_sfnames)

.debug_aranges  0x00000000      0x1c0
 *(.debug_aranges)
 .debug_aranges
                0x00000000       0x20 d:/courses/embedded course imt/01- imt sdk-20220703t224428z-001/new folder/01- imt sdk/imt_sdk_win_64/imt_sdk_win_64/winavr/bin/../lib/gcc/avr/4.3.3/avr5\libgcc.a(_fixunssfsi.o)
 .debug_aranges
                0x00000020       0x20 d:/courses/embedded course imt/01- imt sdk-20220703t224428z-001/new folder/01- imt sdk/imt_sdk_win_64/imt_sdk_win_64/winavr/bin/../lib/gcc/avr/4.3.3/avr5\libgcc.a(_addsub_sf.o)
 .debug_aranges
                0x00000040       0x20 d:/courses/embedded course imt/01- imt sdk-20220703t224428z-001/new folder/01- imt sdk/imt_sdk_win_64/imt_sdk_win_64/winavr/bin/../lib/gcc/avr/4.3.3/avr5\libgcc.a(_mul_sf.o)
 .debug_aranges
                0x00000060       0x20 d:/courses/embedded course imt/01- imt sdk-20220703t224428z-001/new folder/01- imt sdk/imt_sdk_win_64/imt_sdk_win_64/winavr/bin/../lib/gcc/avr/4.3.3/avr5\libgcc.a(_div_sf.o)
 .debug_aranges
                0x00000080       0x20 d:/courses/embedded course imt/01- imt sdk-20220703t224428z-001/new folder/01- imt sdk/imt_sdk_win_64/imt_sdk_win_64/winavr/bin/../lib/gcc/avr/4.3.3/avr5\libgcc.a(_gt_sf.o)
 .debug_aranges
                0x000000a0       0x20 d:/courses/embedded course imt/01- imt sdk-20220703t224428z-001/new folder/01- imt sdk/imt_sdk_win_64/imt_sdk_win_64/winavr/bin/../lib/gcc/avr/4.3.3/avr5\libgcc.a(_ge_sf.o)
 .debug_aranges
                0x000000c0       0x20 d:/courses/embedded course imt/01- imt sdk-20220703t224428z-001/new folder/01- imt sdk/imt_sdk_win_64/imt_sdk_win_64/winavr/bin/../lib/gcc/avr/4.3.3/avr5\libgcc.a(_lt_sf.o)
 .debug_aranges
                0x000000e0       0x20 d:/courses/embedded course imt/01- imt sdk-20220703t224428z-001/new folder/01- imt sdk/imt_sdk_win_64/imt_sdk_win_64/winavr/bin/../lib/gcc/avr/4.3.3/avr5\libgcc.a(_si_to_sf.o)
 .debug_aranges
                0x00000100       0x20 d:/courses/embedded course imt/01- imt sdk-20220703t224428z-001/new folder/01- imt sdk/imt_sdk_win_64/imt_sdk_win_64/winavr/bin/../lib/gcc/avr/4.3.3/avr5\libgcc.a(_sf_to_si.o)
 .debug_aranges
                0x00000120       0x20 d:/courses/embedded course imt/01- imt sdk-20220703t224428z-001/new folder/01- imt sdk/imt_sdk_win_64/imt_sdk_win_64/winavr/bin/../lib/gcc/avr/4.3.3/avr5\libgcc.a(_usi_to_sf.o)
 .debug_aranges
                0x00000140       0x20 d:/courses/embedded course imt/01- imt sdk-20220703t224428z-001/new folder/01- imt sdk/imt_sdk_win_64/imt_sdk_win_64/winavr/bin/../lib/gcc/avr/4.3.3/avr5\libgcc.a(_clzsi2.o)
 .debug_aranges
                0x00000160       0x20 d:/courses/embedded course imt/01- imt sdk-20220703t224428z-001/new folder/01- imt sdk/imt_sdk_win_64/imt_sdk_win_64/winavr/bin/../lib/gcc/avr/4.3.3/avr5\libgcc.a(_pack_sf.o)
 .debug_aranges
                0x00000180       0x20 d:/courses/embedded course imt/01- imt sdk-20220703t224428z-001/new folder/01- imt sdk/imt_sdk_win_64/imt_sdk_win_64/winavr/bin/../lib/gcc/avr/4.3.3/avr5\libgcc.a(_unpack_sf.o)
 .debug_aranges
                0x000001a0       0x20 d:/courses/embedded course imt/01- imt sdk-20220703t224428z-001/new folder/01- imt sdk/imt_sdk_win_64/imt_sdk_win_64/winavr/bin/../lib/gcc/avr/4.3.3/avr5\libgcc.a(_fpcmp_parts_sf.o)

.debug_pubnames
                0x00000000      0x214
 *(.debug_pubnames)
 .debug_pubnames
                0x00000000       0x23 d:/courses/embedded course imt/01- imt sdk-20220703t224428z-001/new folder/01- imt sdk/imt_sdk_win_64/imt_sdk_win_64/winavr/bin/../lib/gcc/avr/4.3.3/avr5\libgcc.a(_fixunssfsi.o)
 .debug_pubnames
                0x00000023       0x2c d:/courses/embedded course imt/01- imt sdk-20220703t224428z-001/new folder/01- imt sdk/imt_sdk_win_64/imt_sdk_win_64/winavr/bin/../lib/gcc/avr/4.3.3/avr5\libgcc.a(_addsub_sf.o)
 .debug_pubnames
                0x0000004f       0x1f d:/courses/embedded course imt/01- imt sdk-20220703t224428z-001/new folder/01- imt sdk/imt_sdk_win_64/imt_sdk_win_64/winavr/bin/../lib/gcc/avr/4.3.3/avr5\libgcc.a(_mul_sf.o)
 .debug_pubnames
                0x0000006e       0x1f d:/courses/embedded course imt/01- imt sdk-20220703t224428z-001/new folder/01- imt sdk/imt_sdk_win_64/imt_sdk_win_64/winavr/bin/../lib/gcc/avr/4.3.3/avr5\libgcc.a(_div_sf.o)
 .debug_pubnames
                0x0000008d       0x1e d:/courses/embedded course imt/01- imt sdk-20220703t224428z-001/new folder/01- imt sdk/imt_sdk_win_64/imt_sdk_win_64/winavr/bin/../lib/gcc/avr/4.3.3/avr5\libgcc.a(_gt_sf.o)
 .debug_pubnames
                0x000000ab       0x1e d:/courses/embedded course imt/01- imt sdk-20220703t224428z-001/new folder/01- imt sdk/imt_sdk_win_64/imt_sdk_win_64/winavr/bin/../lib/gcc/avr/4.3.3/avr5\libgcc.a(_ge_sf.o)
 .debug_pubnames
                0x000000c9       0x1e d:/courses/embedded course imt/01- imt sdk-20220703t224428z-001/new folder/01- imt sdk/imt_sdk_win_64/imt_sdk_win_64/winavr/bin/../lib/gcc/avr/4.3.3/avr5\libgcc.a(_lt_sf.o)
 .debug_pubnames
                0x000000e7       0x22 d:/courses/embedded course imt/01- imt sdk-20220703t224428z-001/new folder/01- imt sdk/imt_sdk_win_64/imt_sdk_win_64/winavr/bin/../lib/gcc/avr/4.3.3/avr5\libgcc.a(_si_to_sf.o)
 .debug_pubnames
                0x00000109       0x20 d:/courses/embedded course imt/01- imt sdk-20220703t224428z-001/new folder/01- imt sdk/imt_sdk_win_64/imt_sdk_win_64/winavr/bin/../lib/gcc/avr/4.3.3/avr5\libgcc.a(_sf_to_si.o)
 .debug_pubnames
                0x00000129       0x22 d:/courses/embedded course imt/01- imt sdk-20220703t224428z-001/new folder/01- imt sdk/imt_sdk_win_64/imt_sdk_win_64/winavr/bin/../lib/gcc/avr/4.3.3/avr5\libgcc.a(_thenan_sf.o)
 .debug_pubnames
                0x0000014b       0x24 d:/courses/embedded course imt/01- imt sdk-20220703t224428z-001/new folder/01- imt sdk/imt_sdk_win_64/imt_sdk_win_64/winavr/bin/../lib/gcc/avr/4.3.3/avr5\libgcc.a(_usi_to_sf.o)
 .debug_pubnames
                0x0000016f       0x1f d:/courses/embedded course imt/01- imt sdk-20220703t224428z-001/new folder/01- imt sdk/imt_sdk_win_64/imt_sdk_win_64/winavr/bin/../lib/gcc/avr/4.3.3/avr5\libgcc.a(_clzsi2.o)
 .debug_pubnames
                0x0000018e       0x1f d:/courses/embedded course imt/01- imt sdk-20220703t224428z-001/new folder/01- imt sdk/imt_sdk_win_64/imt_sdk_win_64/winavr/bin/../lib/gcc/avr/4.3.3/avr5\libgcc.a(_pack_sf.o)
 .debug_pubnames
                0x000001ad       0x21 d:/courses/embedded course imt/01- imt sdk-20220703t224428z-001/new folder/01- imt sdk/imt_sdk_win_64/imt_sdk_win_64/winavr/bin/../lib/gcc/avr/4.3.3/avr5\libgcc.a(_unpack_sf.o)
 .debug_pubnames
                0x000001ce       0x26 d:/courses/embedded course imt/01- imt sdk-20220703t224428z-001/new folder/01- imt sdk/imt_sdk_win_64/imt_sdk_win_64/winavr/bin/../lib/gcc/avr/4.3.3/avr5\libgcc.a(_fpcmp_parts_sf.o)
 .debug_pubnames
                0x000001f4       0x20 d:/courses/embedded course imt/01- imt sdk-20220703t224428z-001/new folder/01- imt sdk/imt_sdk_win_64/imt_sdk_win_64/winavr/bin/../lib/gcc/avr/4.3.3/avr5\libgcc.a(_clz.o)

.debug_info     0x00000000     0x2612
 *(.debug_info)
 .debug_info    0x00000000       0xb1 d:/courses/embedded course imt/01- imt sdk-20220703t224428z-001/new folder/01- imt sdk/imt_sdk_win_64/imt_sdk_win_64/winavr/bin/../lib/gcc/avr/4.3.3/avr5\libgcc.a(_fixunssfsi.o)
 .debug_info    0x000000b1      0x47a d:/courses/embedded course imt/01- imt sdk-20220703t224428z-001/new folder/01- imt sdk/imt_sdk_win_64/imt_sdk_win_64/winavr/bin/../lib/gcc/avr/4.3.3/avr5\libgcc.a(_addsub_sf.o)
 .debug_info    0x0000052b      0x485 d:/courses/embedded course imt/01- imt sdk-20220703t224428z-001/new folder/01- imt sdk/imt_sdk_win_64/imt_sdk_win_64/winavr/bin/../lib/gcc/avr/4.3.3/avr5\libgcc.a(_mul_sf.o)
 .debug_info    0x000009b0      0x3fc d:/courses/embedded course imt/01- imt sdk-20220703t224428z-001/new folder/01- imt sdk/imt_sdk_win_64/imt_sdk_win_64/winavr/bin/../lib/gcc/avr/4.3.3/avr5\libgcc.a(_div_sf.o)
 .debug_info    0x00000dac      0x27f d:/courses/embedded course imt/01- imt sdk-20220703t224428z-001/new folder/01- imt sdk/imt_sdk_win_64/imt_sdk_win_64/winavr/bin/../lib/gcc/avr/4.3.3/avr5\libgcc.a(_gt_sf.o)
 .debug_info    0x0000102b      0x27f d:/courses/embedded course imt/01- imt sdk-20220703t224428z-001/new folder/01- imt sdk/imt_sdk_win_64/imt_sdk_win_64/winavr/bin/../lib/gcc/avr/4.3.3/avr5\libgcc.a(_ge_sf.o)
 .debug_info    0x000012aa      0x27f d:/courses/embedded course imt/01- imt sdk-20220703t224428z-001/new folder/01- imt sdk/imt_sdk_win_64/imt_sdk_win_64/winavr/bin/../lib/gcc/avr/4.3.3/avr5\libgcc.a(_lt_sf.o)
 .debug_info    0x00001529      0x207 d:/courses/embedded course imt/01- imt sdk-20220703t224428z-001/new folder/01- imt sdk/imt_sdk_win_64/imt_sdk_win_64/winavr/bin/../lib/gcc/avr/4.3.3/avr5\libgcc.a(_si_to_sf.o)
 .debug_info    0x00001730      0x2b0 d:/courses/embedded course imt/01- imt sdk-20220703t224428z-001/new folder/01- imt sdk/imt_sdk_win_64/imt_sdk_win_64/winavr/bin/../lib/gcc/avr/4.3.3/avr5\libgcc.a(_sf_to_si.o)
 .debug_info    0x000019e0      0x12c d:/courses/embedded course imt/01- imt sdk-20220703t224428z-001/new folder/01- imt sdk/imt_sdk_win_64/imt_sdk_win_64/winavr/bin/../lib/gcc/avr/4.3.3/avr5\libgcc.a(_thenan_sf.o)
 .debug_info    0x00001b0c      0x206 d:/courses/embedded course imt/01- imt sdk-20220703t224428z-001/new folder/01- imt sdk/imt_sdk_win_64/imt_sdk_win_64/winavr/bin/../lib/gcc/avr/4.3.3/avr5\libgcc.a(_usi_to_sf.o)
 .debug_info    0x00001d12      0x117 d:/courses/embedded course imt/01- imt sdk-20220703t224428z-001/new folder/01- imt sdk/imt_sdk_win_64/imt_sdk_win_64/winavr/bin/../lib/gcc/avr/4.3.3/avr5\libgcc.a(_clzsi2.o)
 .debug_info    0x00001e29      0x2df d:/courses/embedded course imt/01- imt sdk-20220703t224428z-001/new folder/01- imt sdk/imt_sdk_win_64/imt_sdk_win_64/winavr/bin/../lib/gcc/avr/4.3.3/avr5\libgcc.a(_pack_sf.o)
 .debug_info    0x00002108      0x251 d:/courses/embedded course imt/01- imt sdk-20220703t224428z-001/new folder/01- imt sdk/imt_sdk_win_64/imt_sdk_win_64/winavr/bin/../lib/gcc/avr/4.3.3/avr5\libgcc.a(_unpack_sf.o)
 .debug_info    0x00002359      0x210 d:/courses/embedded course imt/01- imt sdk-20220703t224428z-001/new folder/01- imt sdk/imt_sdk_win_64/imt_sdk_win_64/winavr/bin/../lib/gcc/avr/4.3.3/avr5\libgcc.a(_fpcmp_parts_sf.o)
 .debug_info    0x00002569       0xa9 d:/courses/embedded course imt/01- imt sdk-20220703t224428z-001/new folder/01- imt sdk/imt_sdk_win_64/imt_sdk_win_64/winavr/bin/../lib/gcc/avr/4.3.3/avr5\libgcc.a(_clz.o)
 *(.gnu.linkonce.wi.*)

.debug_abbrev   0x00000000     0x14ce
 *(.debug_abbrev)
 .debug_abbrev  0x00000000       0x5d d:/courses/embedded course imt/01- imt sdk-20220703t224428z-001/new folder/01- imt sdk/imt_sdk_win_64/imt_sdk_win_64/winavr/bin/../lib/gcc/avr/4.3.3/avr5\libgcc.a(_fixunssfsi.o)
 .debug_abbrev  0x0000005d      0x1ea d:/courses/embedded course imt/01- imt sdk-20220703t224428z-001/new folder/01- imt sdk/imt_sdk_win_64/imt_sdk_win_64/winavr/bin/../lib/gcc/avr/4.3.3/avr5\libgcc.a(_addsub_sf.o)
 .debug_abbrev  0x00000247      0x21b d:/courses/embedded course imt/01- imt sdk-20220703t224428z-001/new folder/01- imt sdk/imt_sdk_win_64/imt_sdk_win_64/winavr/bin/../lib/gcc/avr/4.3.3/avr5\libgcc.a(_mul_sf.o)
 .debug_abbrev  0x00000462      0x216 d:/courses/embedded course imt/01- imt sdk-20220703t224428z-001/new folder/01- imt sdk/imt_sdk_win_64/imt_sdk_win_64/winavr/bin/../lib/gcc/avr/4.3.3/avr5\libgcc.a(_div_sf.o)
 .debug_abbrev  0x00000678      0x15a d:/courses/embedded course imt/01- imt sdk-20220703t224428z-001/new folder/01- imt sdk/imt_sdk_win_64/imt_sdk_win_64/winavr/bin/../lib/gcc/avr/4.3.3/avr5\libgcc.a(_gt_sf.o)
 .debug_abbrev  0x000007d2      0x15a d:/courses/embedded course imt/01- imt sdk-20220703t224428z-001/new folder/01- imt sdk/imt_sdk_win_64/imt_sdk_win_64/winavr/bin/../lib/gcc/avr/4.3.3/avr5\libgcc.a(_ge_sf.o)
 .debug_abbrev  0x0000092c      0x15a d:/courses/embedded course imt/01- imt sdk-20220703t224428z-001/new folder/01- imt sdk/imt_sdk_win_64/imt_sdk_win_64/winavr/bin/../lib/gcc/avr/4.3.3/avr5\libgcc.a(_lt_sf.o)
 .debug_abbrev  0x00000a86      0x148 d:/courses/embedded course imt/01- imt sdk-20220703t224428z-001/new folder/01- imt sdk/imt_sdk_win_64/imt_sdk_win_64/winavr/bin/../lib/gcc/avr/4.3.3/avr5\libgcc.a(_si_to_sf.o)
 .debug_abbrev  0x00000bce      0x17f d:/courses/embedded course imt/01- imt sdk-20220703t224428z-001/new folder/01- imt sdk/imt_sdk_win_64/imt_sdk_win_64/winavr/bin/../lib/gcc/avr/4.3.3/avr5\libgcc.a(_sf_to_si.o)
 .debug_abbrev  0x00000d4d       0xad d:/courses/embedded course imt/01- imt sdk-20220703t224428z-001/new folder/01- imt sdk/imt_sdk_win_64/imt_sdk_win_64/winavr/bin/../lib/gcc/avr/4.3.3/avr5\libgcc.a(_thenan_sf.o)
 .debug_abbrev  0x00000dfa      0x157 d:/courses/embedded course imt/01- imt sdk-20220703t224428z-001/new folder/01- imt sdk/imt_sdk_win_64/imt_sdk_win_64/winavr/bin/../lib/gcc/avr/4.3.3/avr5\libgcc.a(_usi_to_sf.o)
 .debug_abbrev  0x00000f51       0xc4 d:/courses/embedded course imt/01- imt sdk-20220703t224428z-001/new folder/01- imt sdk/imt_sdk_win_64/imt_sdk_win_64/winavr/bin/../lib/gcc/avr/4.3.3/avr5\libgcc.a(_clzsi2.o)
 .debug_abbrev  0x00001015      0x1c0 d:/courses/embedded course imt/01- imt sdk-20220703t224428z-001/new folder/01- imt sdk/imt_sdk_win_64/imt_sdk_win_64/winavr/bin/../lib/gcc/avr/4.3.3/avr5\libgcc.a(_pack_sf.o)
 .debug_abbrev  0x000011d5      0x154 d:/courses/embedded course imt/01- imt sdk-20220703t224428z-001/new folder/01- imt sdk/imt_sdk_win_64/imt_sdk_win_64/winavr/bin/../lib/gcc/avr/4.3.3/avr5\libgcc.a(_unpack_sf.o)
 .debug_abbrev  0x00001329      0x13b d:/courses/embedded course imt/01- imt sdk-20220703t224428z-001/new folder/01- imt sdk/imt_sdk_win_64/imt_sdk_win_64/winavr/bin/../lib/gcc/avr/4.3.3/avr5\libgcc.a(_fpcmp_parts_sf.o)
 .debug_abbrev  0x00001464       0x6a d:/courses/embedded course imt/01- imt sdk-20220703t224428z-001/new folder/01- imt sdk/imt_sdk_win_64/imt_sdk_win_64/winavr/bin/../lib/gcc/avr/4.3.3/avr5\libgcc.a(_clz.o)

.debug_line     0x00000000     0x130b
 *(.debug_line)
 .debug_line    0x00000000       0xa7 d:/courses/embedded course imt/01- imt sdk-20220703t224428z-001/new folder/01- imt sdk/imt_sdk_win_64/imt_sdk_win_64/winavr/bin/../lib/gcc/avr/4.3.3/avr5\libgcc.a(_fixunssfsi.o)
 .debug_line    0x000000a7      0x2af d:/courses/embedded course imt/01- imt sdk-20220703t224428z-001/new folder/01- imt sdk/imt_sdk_win_64/imt_sdk_win_64/winavr/bin/../lib/gcc/avr/4.3.3/avr5\libgcc.a(_addsub_sf.o)
 .debug_line    0x00000356      0x239 d:/courses/embedded course imt/01- imt sdk-20220703t224428z-001/new folder/01- imt sdk/imt_sdk_win_64/imt_sdk_win_64/winavr/bin/../lib/gcc/avr/4.3.3/avr5\libgcc.a(_mul_sf.o)
 .debug_line    0x0000058f      0x1d5 d:/courses/embedded course imt/01- imt sdk-20220703t224428z-001/new folder/01- imt sdk/imt_sdk_win_64/imt_sdk_win_64/winavr/bin/../lib/gcc/avr/4.3.3/avr5\libgcc.a(_div_sf.o)
 .debug_line    0x00000764       0xd3 d:/courses/embedded course imt/01- imt sdk-20220703t224428z-001/new folder/01- imt sdk/imt_sdk_win_64/imt_sdk_win_64/winavr/bin/../lib/gcc/avr/4.3.3/avr5\libgcc.a(_gt_sf.o)
 .debug_line    0x00000837       0xd3 d:/courses/embedded course imt/01- imt sdk-20220703t224428z-001/new folder/01- imt sdk/imt_sdk_win_64/imt_sdk_win_64/winavr/bin/../lib/gcc/avr/4.3.3/avr5\libgcc.a(_ge_sf.o)
 .debug_line    0x0000090a       0xd3 d:/courses/embedded course imt/01- imt sdk-20220703t224428z-001/new folder/01- imt sdk/imt_sdk_win_64/imt_sdk_win_64/winavr/bin/../lib/gcc/avr/4.3.3/avr5\libgcc.a(_lt_sf.o)
 .debug_line    0x000009dd      0x135 d:/courses/embedded course imt/01- imt sdk-20220703t224428z-001/new folder/01- imt sdk/imt_sdk_win_64/imt_sdk_win_64/winavr/bin/../lib/gcc/avr/4.3.3/avr5\libgcc.a(_si_to_sf.o)
 .debug_line    0x00000b12      0x109 d:/courses/embedded course imt/01- imt sdk-20220703t224428z-001/new folder/01- imt sdk/imt_sdk_win_64/imt_sdk_win_64/winavr/bin/../lib/gcc/avr/4.3.3/avr5\libgcc.a(_sf_to_si.o)
 .debug_line    0x00000c1b       0x90 d:/courses/embedded course imt/01- imt sdk-20220703t224428z-001/new folder/01- imt sdk/imt_sdk_win_64/imt_sdk_win_64/winavr/bin/../lib/gcc/avr/4.3.3/avr5\libgcc.a(_thenan_sf.o)
 .debug_line    0x00000cab      0x133 d:/courses/embedded course imt/01- imt sdk-20220703t224428z-001/new folder/01- imt sdk/imt_sdk_win_64/imt_sdk_win_64/winavr/bin/../lib/gcc/avr/4.3.3/avr5\libgcc.a(_usi_to_sf.o)
 .debug_line    0x00000dde       0xa5 d:/courses/embedded course imt/01- imt sdk-20220703t224428z-001/new folder/01- imt sdk/imt_sdk_win_64/imt_sdk_win_64/winavr/bin/../lib/gcc/avr/4.3.3/avr5\libgcc.a(_clzsi2.o)
 .debug_line    0x00000e83      0x18a d:/courses/embedded course imt/01- imt sdk-20220703t224428z-001/new folder/01- imt sdk/imt_sdk_win_64/imt_sdk_win_64/winavr/bin/../lib/gcc/avr/4.3.3/avr5\libgcc.a(_pack_sf.o)
 .debug_line    0x0000100d      0x14b d:/courses/embedded course imt/01- imt sdk-20220703t224428z-001/new folder/01- imt sdk/imt_sdk_win_64/imt_sdk_win_64/winavr/bin/../lib/gcc/avr/4.3.3/avr5\libgcc.a(_unpack_sf.o)
 .debug_line    0x00001158      0x137 d:/courses/embedded course imt/01- imt sdk-20220703t224428z-001/new folder/01- imt sdk/imt_sdk_win_64/imt_sdk_win_64/winavr/bin/../lib/gcc/avr/4.3.3/avr5\libgcc.a(_fpcmp_parts_sf.o)
 .debug_line    0x0000128f       0x7c d:/courses/embedded course imt/01- imt sdk-20220703t224428z-001/new folder/01- imt sdk/imt_sdk_win_64/imt_sdk_win_64/winavr/bin/../lib/gcc/avr/4.3.3/avr5\libgcc.a(_clz.o)

.debug_frame    0x00000000      0x1e0
 *(.debug_frame)
 .debug_frame   0x00000000       0x20 d:/courses/embedded course imt/01- imt sdk-20220703t224428z-001/new folder/01- imt sdk/imt_sdk_win_64/imt_sdk_win_64/winavr/bin/../lib/gcc/avr/4.3.3/avr5\libgcc.a(_fixunssfsi.o)
 .debug_frame   0x00000020       0x40 d:/courses/embedded course imt/01- imt sdk-20220703t224428z-001/new folder/01- imt sdk/imt_sdk_win_64/imt_sdk_win_64/winavr/bin/../lib/gcc/avr/4.3.3/avr5\libgcc.a(_addsub_sf.o)
 .debug_frame   0x00000060       0x20 d:/courses/embedded course imt/01- imt sdk-20220703t224428z-001/new folder/01- imt sdk/imt_sdk_win_64/imt_sdk_win_64/winavr/bin/../lib/gcc/avr/4.3.3/avr5\libgcc.a(_mul_sf.o)
 .debug_frame   0x00000080       0x20 d:/courses/embedded course imt/01- imt sdk-20220703t224428z-001/new folder/01- imt sdk/imt_sdk_win_64/imt_sdk_win_64/winavr/bin/../lib/gcc/avr/4.3.3/avr5\libgcc.a(_div_sf.o)
 .debug_frame   0x000000a0       0x20 d:/courses/embedded course imt/01- imt sdk-20220703t224428z-001/new folder/01- imt sdk/imt_sdk_win_64/imt_sdk_win_64/winavr/bin/../lib/gcc/avr/4.3.3/avr5\libgcc.a(_gt_sf.o)
 .debug_frame   0x000000c0       0x20 d:/courses/embedded course imt/01- imt sdk-20220703t224428z-001/new folder/01- imt sdk/imt_sdk_win_64/imt_sdk_win_64/winavr/bin/../lib/gcc/avr/4.3.3/avr5\libgcc.a(_ge_sf.o)
 .debug_frame   0x000000e0       0x20 d:/courses/embedded course imt/01- imt sdk-20220703t224428z-001/new folder/01- imt sdk/imt_sdk_win_64/imt_sdk_win_64/winavr/bin/../lib/gcc/avr/4.3.3/avr5\libgcc.a(_lt_sf.o)
 .debug_frame   0x00000100       0x20 d:/courses/embedded course imt/01- imt sdk-20220703t224428z-001/new folder/01- imt sdk/imt_sdk_win_64/imt_sdk_win_64/winavr/bin/../lib/gcc/avr/4.3.3/avr5\libgcc.a(_si_to_sf.o)
 .debug_frame   0x00000120       0x20 d:/courses/embedded course imt/01- imt sdk-20220703t224428z-001/new folder/01- imt sdk/imt_sdk_win_64/imt_sdk_win_64/winavr/bin/../lib/gcc/avr/4.3.3/avr5\libgcc.a(_sf_to_si.o)
 .debug_frame   0x00000140       0x20 d:/courses/embedded course imt/01- imt sdk-20220703t224428z-001/new folder/01- imt sdk/imt_sdk_win_64/imt_sdk_win_64/winavr/bin/../lib/gcc/avr/4.3.3/avr5\libgcc.a(_usi_to_sf.o)
 .debug_frame   0x00000160       0x20 d:/courses/embedded course imt/01- imt sdk-20220703t224428z-001/new folder/01- imt sdk/imt_sdk_win_64/imt_sdk_win_64/winavr/bin/../lib/gcc/avr/4.3.3/avr5\libgcc.a(_clzsi2.o)
 .debug_frame   0x00000180       0x20 d:/courses/embedded course imt/01- imt sdk-20220703t224428z-001/new folder/01- imt sdk/imt_sdk_win_64/imt_sdk_win_64/winavr/bin/../lib/gcc/avr/4.3.3/avr5\libgcc.a(_pack_sf.o)
 .debug_frame   0x000001a0       0x20 d:/courses/embedded course imt/01- imt sdk-20220703t224428z-001/new folder/01- imt sdk/imt_sdk_win_64/imt_sdk_win_64/winavr/bin/../lib/gcc/avr/4.3.3/avr5\libgcc.a(_unpack_sf.o)
 .debug_frame   0x000001c0       0x20 d:/courses/embedded course imt/01- imt sdk-20220703t224428z-001/new folder/01- imt sdk/imt_sdk_win_64/imt_sdk_win_64/winavr/bin/../lib/gcc/avr/4.3.3/avr5\libgcc.a(_fpcmp_parts_sf.o)

.debug_str      0x00000000      0x307
 *(.debug_str)
 .debug_str     0x00000000       0xbf d:/courses/embedded course imt/01- imt sdk-20220703t224428z-001/new folder/01- imt sdk/imt_sdk_win_64/imt_sdk_win_64/winavr/bin/../lib/gcc/avr/4.3.3/avr5\libgcc.a(_fixunssfsi.o)
                                 0xfe (size before relaxing)
 .debug_str     0x000000bf      0x14d d:/courses/embedded course imt/01- imt sdk-20220703t224428z-001/new folder/01- imt sdk/imt_sdk_win_64/imt_sdk_win_64/winavr/bin/../lib/gcc/avr/4.3.3/avr5\libgcc.a(_addsub_sf.o)
                                0x206 (size before relaxing)
 .debug_str     0x0000020c       0x27 d:/courses/embedded course imt/01- imt sdk-20220703t224428z-001/new folder/01- imt sdk/imt_sdk_win_64/imt_sdk_win_64/winavr/bin/../lib/gcc/avr/4.3.3/avr5\libgcc.a(_mul_sf.o)
                                0x1bf (size before relaxing)
 .debug_str     0x00000233       0x35 d:/courses/embedded course imt/01- imt sdk-20220703t224428z-001/new folder/01- imt sdk/imt_sdk_win_64/imt_sdk_win_64/winavr/bin/../lib/gcc/avr/4.3.3/avr5\libgcc.a(_div_sf.o)
                                0x1c8 (size before relaxing)
 .debug_str     0x00000268        0x8 d:/courses/embedded course imt/01- imt sdk-20220703t224428z-001/new folder/01- imt sdk/imt_sdk_win_64/imt_sdk_win_64/winavr/bin/../lib/gcc/avr/4.3.3/avr5\libgcc.a(_gt_sf.o)
                                0x195 (size before relaxing)
 .debug_str     0x00000270        0x8 d:/courses/embedded course imt/01- imt sdk-20220703t224428z-001/new folder/01- imt sdk/imt_sdk_win_64/imt_sdk_win_64/winavr/bin/../lib/gcc/avr/4.3.3/avr5\libgcc.a(_ge_sf.o)
                                0x195 (size before relaxing)
 .debug_str     0x00000278        0x8 d:/courses/embedded course imt/01- imt sdk-20220703t224428z-001/new folder/01- imt sdk/imt_sdk_win_64/imt_sdk_win_64/winavr/bin/../lib/gcc/avr/4.3.3/avr5\libgcc.a(_lt_sf.o)
                                0x195 (size before relaxing)
 .debug_str     0x00000280       0x1e d:/courses/embedded course imt/01- imt sdk-20220703t224428z-001/new folder/01- imt sdk/imt_sdk_win_64/imt_sdk_win_64/winavr/bin/../lib/gcc/avr/4.3.3/avr5\libgcc.a(_si_to_sf.o)
                                0x17b (size before relaxing)
 .debug_str     0x0000029e        0xa d:/courses/embedded course imt/01- imt sdk-20220703t224428z-001/new folder/01- imt sdk/imt_sdk_win_64/imt_sdk_win_64/winavr/bin/../lib/gcc/avr/4.3.3/avr5\libgcc.a(_sf_to_si.o)
                                0x19e (size before relaxing)
 .debug_str     0x00000000      0x103 d:/courses/embedded course imt/01- imt sdk-20220703t224428z-001/new folder/01- imt sdk/imt_sdk_win_64/imt_sdk_win_64/winavr/bin/../lib/gcc/avr/4.3.3/avr5\libgcc.a(_thenan_sf.o)
 .debug_str     0x000002a8       0x14 d:/courses/embedded course imt/01- imt sdk-20220703t224428z-001/new folder/01- imt sdk/imt_sdk_win_64/imt_sdk_win_64/winavr/bin/../lib/gcc/avr/4.3.3/avr5\libgcc.a(_usi_to_sf.o)
                                0x177 (size before relaxing)
 .debug_str     0x000002bc       0x20 d:/courses/embedded course imt/01- imt sdk-20220703t224428z-001/new folder/01- imt sdk/imt_sdk_win_64/imt_sdk_win_64/winavr/bin/../lib/gcc/avr/4.3.3/avr5\libgcc.a(_clzsi2.o)
                                0x111 (size before relaxing)
 .debug_str     0x000002dc       0x10 d:/courses/embedded course imt/01- imt sdk-20220703t224428z-001/new folder/01- imt sdk/imt_sdk_win_64/imt_sdk_win_64/winavr/bin/../lib/gcc/avr/4.3.3/avr5\libgcc.a(_pack_sf.o)
                                0x19d (size before relaxing)
 .debug_str     0x000002ec        0xb d:/courses/embedded course imt/01- imt sdk-20220703t224428z-001/new folder/01- imt sdk/imt_sdk_win_64/imt_sdk_win_64/winavr/bin/../lib/gcc/avr/4.3.3/avr5\libgcc.a(_unpack_sf.o)
                                0x17f (size before relaxing)
 .debug_str     0x000002f7       0x10 d:/courses/embedded course imt/01- imt sdk-20220703t224428z-001/new folder/01- imt sdk/imt_sdk_win_64/imt_sdk_win_64/winavr/bin/../lib/gcc/avr/4.3.3/avr5\libgcc.a(_fpcmp_parts_sf.o)
                                0x163 (size before relaxing)
 .debug_str     0x00000000       0xf4 d:/courses/embedded course imt/01- imt sdk-20220703t224428z-001/new folder/01- imt sdk/imt_sdk_win_64/imt_sdk_win_64/winavr/bin/../lib/gcc/avr/4.3.3/avr5\libgcc.a(_clz.o)

.debug_loc      0x00000000      0xa1a
 *(.debug_loc)
 .debug_loc     0x00000000       0x34 d:/courses/embedded course imt/01- imt sdk-20220703t224428z-001/new folder/01- imt sdk/imt_sdk_win_64/imt_sdk_win_64/winavr/bin/../lib/gcc/avr/4.3.3/avr5\libgcc.a(_fixunssfsi.o)
 .debug_loc     0x00000034      0x32a d:/courses/embedded course imt/01- imt sdk-20220703t224428z-001/new folder/01- imt sdk/imt_sdk_win_64/imt_sdk_win_64/winavr/bin/../lib/gcc/avr/4.3.3/avr5\libgcc.a(_addsub_sf.o)
 .debug_loc     0x0000035e      0x104 d:/courses/embedded course imt/01- imt sdk-20220703t224428z-001/new folder/01- imt sdk/imt_sdk_win_64/imt_sdk_win_64/winavr/bin/../lib/gcc/avr/4.3.3/avr5\libgcc.a(_mul_sf.o)
 .debug_loc     0x00000462       0xc0 d:/courses/embedded course imt/01- imt sdk-20220703t224428z-001/new folder/01- imt sdk/imt_sdk_win_64/imt_sdk_win_64/winavr/bin/../lib/gcc/avr/4.3.3/avr5\libgcc.a(_div_sf.o)
 .debug_loc     0x00000522       0x3c d:/courses/embedded course imt/01- imt sdk-20220703t224428z-001/new folder/01- imt sdk/imt_sdk_win_64/imt_sdk_win_64/winavr/bin/../lib/gcc/avr/4.3.3/avr5\libgcc.a(_gt_sf.o)
 .debug_loc     0x0000055e       0x3c d:/courses/embedded course imt/01- imt sdk-20220703t224428z-001/new folder/01- imt sdk/imt_sdk_win_64/imt_sdk_win_64/winavr/bin/../lib/gcc/avr/4.3.3/avr5\libgcc.a(_ge_sf.o)
 .debug_loc     0x0000059a       0x3c d:/courses/embedded course imt/01- imt sdk-20220703t224428z-001/new folder/01- imt sdk/imt_sdk_win_64/imt_sdk_win_64/winavr/bin/../lib/gcc/avr/4.3.3/avr5\libgcc.a(_lt_sf.o)
 .debug_loc     0x000005d6       0xac d:/courses/embedded course imt/01- imt sdk-20220703t224428z-001/new folder/01- imt sdk/imt_sdk_win_64/imt_sdk_win_64/winavr/bin/../lib/gcc/avr/4.3.3/avr5\libgcc.a(_si_to_sf.o)
 .debug_loc     0x00000682       0x7e d:/courses/embedded course imt/01- imt sdk-20220703t224428z-001/new folder/01- imt sdk/imt_sdk_win_64/imt_sdk_win_64/winavr/bin/../lib/gcc/avr/4.3.3/avr5\libgcc.a(_sf_to_si.o)
 .debug_loc     0x00000700       0x4c d:/courses/embedded course imt/01- imt sdk-20220703t224428z-001/new folder/01- imt sdk/imt_sdk_win_64/imt_sdk_win_64/winavr/bin/../lib/gcc/avr/4.3.3/avr5\libgcc.a(_usi_to_sf.o)
 .debug_loc     0x0000074c       0x94 d:/courses/embedded course imt/01- imt sdk-20220703t224428z-001/new folder/01- imt sdk/imt_sdk_win_64/imt_sdk_win_64/winavr/bin/../lib/gcc/avr/4.3.3/avr5\libgcc.a(_clzsi2.o)
 .debug_loc     0x000007e0      0x13e d:/courses/embedded course imt/01- imt sdk-20220703t224428z-001/new folder/01- imt sdk/imt_sdk_win_64/imt_sdk_win_64/winavr/bin/../lib/gcc/avr/4.3.3/avr5\libgcc.a(_pack_sf.o)
 .debug_loc     0x0000091e       0xac d:/courses/embedded course imt/01- imt sdk-20220703t224428z-001/new folder/01- imt sdk/imt_sdk_win_64/imt_sdk_win_64/winavr/bin/../lib/gcc/avr/4.3.3/avr5\libgcc.a(_unpack_sf.o)
 .debug_loc     0x000009ca       0x50 d:/courses/embedded course imt/01- imt sdk-20220703t224428z-001/new folder/01- imt sdk/imt_sdk_win_64/imt_sdk_win_64/winavr/bin/../lib/gcc/avr/4.3.3/avr5\libgcc.a(_fpcmp_parts_sf.o)

.debug_macinfo
 *(.debug_macinfo)
OUTPUT(UART_Transmit.elf elf32-avr)
LOAD linker stubs

.debug_ranges   0x00000000       0x50
 .debug_ranges  0x00000000       0x50 d:/courses/embedded course imt/01- imt sdk-20220703t224428z-001/new folder/01- imt sdk/imt_sdk_win_64/imt_sdk_win_64/winavr/bin/../lib/gcc/avr/4.3.3/avr5\libgcc.a(_mul_sf.o)
